EDITOR RECENT loaded=0 prefix=Dev:Tests/paula-highres-ui-1790562762168426000/recent
EDITOR RECENT saved=1 count=1
EDITOR READY channels=3 patterns=1 bitmap_bytes=163840 history_bytes=104132
EDITOR FRAME row=0 channel=0 revision=0 dirty=0 status=READY - F8 PLAY / F9 PATTERN / F10 STOP panel=0
EDITOR FRAME row=0 channel=0 revision=0 dirty=0 status=PLAYING SONG - PAULA CIA panel=0
EDITOR REPLAY active=1 ticks=12 order=0 pattern=0 row=1 bpm=125 speed=6 period=428,339,285,0 volume=32,32,32,0
EDITOR FRAME row=1 channel=0 revision=0 dirty=0 status=PLAYING SONG - PAULA CIA panel=0
EDITOR CADENCE frames=8 ticks50=143 peak_gap_ticks50=118
EDITOR FRAME row=1 channel=0 revision=0 dirty=0 status=SAMPLER: CLICK TWICE FOR RANGE; +/- SAMPLE; CTRL-Z UNDO panel=5
EDITOR REPLAY active=1 ticks=133 order=0 pattern=0 row=21 bpm=125 speed=6 period=428,339,285,0 volume=32,32,32,0
EDITOR FRAME row=21 channel=0 revision=0 dirty=0 status=SAMPLER: CLICK TWICE FOR RANGE; +/- SAMPLE; CTRL-Z UNDO panel=5
EDITOR REPLAY active=1 ticks=138 order=0 pattern=0 row=22 bpm=125 speed=6 period=428,339,285,0 volume=32,32,32,0
EDITOR FRAME row=22 channel=0 revision=1 dirty=1 status=SAMPLE UPDATED - CONTROL-Z TO UNDO panel=5
EDITOR FRAME row=22 channel=0 revision=0 dirty=0 status=UNDO panel=5
EDITOR FRAME row=22 channel=0 revision=0 dirty=0 status=SETTINGS CLOSED panel=0
EDITOR FRAME row=22 channel=0 revision=0 dirty=0 status=PLAYING PATTERN - PAULA CIA panel=0
EDITOR REPLAY active=1 ticks=13 order=0 pattern=0 row=1 bpm=125 speed=6 period=428,339,285,0 volume=32,32,32,0
EDITOR FRAME row=1 channel=0 revision=0 dirty=0 status=PLAYING PATTERN - PAULA CIA panel=0
EDITOR RECENT saved=1 count=2
EDITOR SAVE result=0 dirty=0
EDITOR CADENCE frames=8 ticks50=539 peak_gap_ticks50=514
EDITOR FRAME row=1 channel=0 revision=0 dirty=0 status=PROJECT SAVED AND VERIFIED panel=0
EDITOR REPLAY active=1 ticks=530 order=0 pattern=0 row=23 bpm=125 speed=6 period=428,339,285,0 volume=32,32,32,0
EDITOR FRAME row=23 channel=0 revision=0 dirty=0 status=STOPPED - AUDIO RELEASED panel=0
EDITOR EXIT clean
