vasm 2.0b (c) in 2002-2025 Volker Barthelmann
vasm M68k/CPU32/ColdFire cpu backend 2.7c (c) 2002-2024 Frank Wille
vasm motorola syntax module 3.19b (c) 2002-2025 Frank Wille
vasm hunk format output module 2.17f (c) 2002-2025 Frank Wille

replay(acrx4):	        5888 bytes
vasm 2.0b (c) in 2002-2025 Volker Barthelmann
vasm M68k/CPU32/ColdFire cpu backend 2.7c (c) 2002-2024 Frank Wille
vasm motorola syntax module 3.19b (c) 2002-2025 Frank Wille
vasm hunk format output module 2.17f (c) 2002-2025 Frank Wille

replay(acrx4):	        6076 bytes
vasm 2.0b (c) in 2002-2025 Volker Barthelmann
vasm M68k/CPU32/ColdFire cpu backend 2.7c (c) 2002-2024 Frank Wille
vasm motorola syntax module 3.19b (c) 2002-2025 Frank Wille
vasm hunk format output module 2.17f (c) 2002-2025 Frank Wille

replay(acrx4):	        6600 bytes
vasm 2.0b (c) in 2002-2025 Volker Barthelmann
vasm M68k/CPU32/ColdFire cpu backend 2.7c (c) 2002-2024 Frank Wille
vasm motorola syntax module 3.19b (c) 2002-2025 Frank Wille
vasm hunk format output module 2.17f (c) 2002-2025 Frank Wille

replay(acrx4):	        6972 bytes
vasm 2.0b (c) in 2002-2025 Volker Barthelmann
vasm M68k/CPU32/ColdFire cpu backend 2.7c (c) 2002-2024 Frank Wille
vasm motorola syntax module 3.19b (c) 2002-2025 Frank Wille
vasm hunk format output module 2.17f (c) 2002-2025 Frank Wille

replay(acrx4):	        7052 bytes
vasm 2.0b (c) in 2002-2025 Volker Barthelmann
vasm M68k/CPU32/ColdFire cpu backend 2.7c (c) 2002-2024 Frank Wille
vasm motorola syntax module 3.19b (c) 2002-2025 Frank Wille
vasm hunk format output module 2.17f (c) 2002-2025 Frank Wille

replay(acrx4):	        6696 bytes
vasm 2.0b (c) in 2002-2025 Volker Barthelmann
vasm M68k/CPU32/ColdFire cpu backend 2.7c (c) 2002-2024 Frank Wille
vasm motorola syntax module 3.19b (c) 2002-2025 Frank Wille
vasm hunk format output module 2.17f (c) 2002-2025 Frank Wille

Harness(acrx2):	         874 bytes
PTGGuard(acrx2):	         518 bytes
PTGGuardData(aurw1):	        2108 bytes
{
  "PTExecAmiGusRegisterSessionTest": {
    "sha256": "09e5176bfc9229c3a9c3a23f582da7b74f01519558d9e1732b01b99c23d6323a",
    "bytes": 39192
  },
  "PTAmiGusRegisterTest": {
    "sha256": "f6b2417a5fdf908fb504c62bdb599a29bffd9319274b043f7dafa72105ec22b1",
    "bytes": 16212
  },
  "PTGuardTest": {
    "sha256": "908722556a4bc3033b1dcc107b9b8ba28c5dfc44f75195b00336828e0e292a0b",
    "bytes": 1660
  }
}
