EXEC MEMORY pool_limit=131256440 reserve=262144 flags=4
LATENCY PRIORITY requested=5 saved=0 restored=0 own_identity=1 active=0
LATENCY TASK priority=0 unchanged=1 own_identity=1 timers_closed=1 reader_closed=1 signal_alloc_restored=1 calls=188 frames=24011 max_gap_frames=174 max_lag_ticks=850 frequency=709379 initialized=1 termination_target=3962663178 termination_arm=3962308813
LATENCY OBS index=0 target=3962310380 arm=3962308931 actual=3962310556 frames=139 gap=139 wake=1073741824
LATENCY OBS index=1 target=3962312272 arm=3962310674 actual=3962312448 frames=267 gap=128 wake=1073741824
LATENCY OBS index=2 target=3962314164 arm=3962312567 actual=3962314340 frames=395 gap=128 wake=1073741824
LATENCY OBS index=3 target=3962316055 arm=3962314459 actual=3962316231 frames=523 gap=128 wake=1073741824
LATENCY OBS index=4 target=3962317947 arm=3962316348 actual=3962318124 frames=652 gap=129 wake=1073741824
LATENCY OBS index=5 target=3962319839 arm=3962318242 actual=3962320015 frames=779 gap=127 wake=1073741824
LATENCY OBS index=6 target=3962321730 arm=3962320133 actual=3962321906 frames=907 gap=128 wake=1073741824
LATENCY OBS index=7 target=3962323622 arm=3962322024 actual=3962323800 frames=1036 gap=129 wake=1073741824
LATENCY OBS index=8 target=3962325514 arm=3962323921 actual=3962325690 frames=1163 gap=127 wake=1073741824
LATENCY OBS index=9 target=3962327405 arm=3962325809 actual=3962328066 frames=1324 gap=161 wake=1073741824
LATENCY OBS index=10 target=3962329297 arm=3962328186 actual=3962329472 frames=1419 gap=95 wake=1073741824
LATENCY OBS index=11 target=3962331189 arm=3962329589 actual=3962331364 frames=1547 gap=128 wake=1073741824
LATENCY OBS index=12 target=3962333080 arm=3962331480 actual=3962333256 frames=1675 gap=128 wake=1073741824
LATENCY OBS index=13 target=3962334972 arm=3962333373 actual=3962335148 frames=1803 gap=128 wake=1073741824
LATENCY OBS index=14 target=3962336864 arm=3962335266 actual=3962337036 frames=1931 gap=128 wake=1073741824
LATENCY OBS index=15 target=3962338755 arm=3962337153 actual=3962338932 frames=2059 gap=128 wake=1073741824
LATENCY OBS index=16 target=3962340647 arm=3962339050 actual=3962340821 frames=2187 gap=128 wake=1073741824
LATENCY OBS index=17 target=3962342539 arm=3962340938 actual=3962342713 frames=2315 gap=128 wake=1073741824
LATENCY OBS index=18 target=3962344430 arm=3962342831 actual=3962344607 frames=2443 gap=128 wake=1073741824
LATENCY OBS index=19 target=3962346322 arm=3962344725 actual=3962346500 frames=2572 gap=129 wake=1073741824
LATENCY OBS index=20 target=3962348214 arm=3962346618 actual=3962348389 frames=2699 gap=127 wake=1073741824
LATENCY OBS index=21 target=3962350105 arm=3962348508 actual=3962350282 frames=2827 gap=128 wake=1073741824
LATENCY OBS index=22 target=3962351997 arm=3962350401 actual=3962352175 frames=2956 gap=129 wake=1073741824
LATENCY OBS index=23 target=3962353889 arm=3962352292 actual=3962354064 frames=3083 gap=127 wake=1073741824
LATENCY OBS index=24 target=3962355780 arm=3962354182 actual=3962356013 frames=3215 gap=132 wake=1073741824
LATENCY OBS index=25 target=3962357672 arm=3962356131 actual=3962357847 frames=3339 gap=124 wake=1073741824
LATENCY OBS index=26 target=3962359564 arm=3962357965 actual=3962359738 frames=3467 gap=128 wake=1073741824
LATENCY OBS index=27 target=3962361455 arm=3962359856 actual=3962361630 frames=3595 gap=128 wake=1073741824
LATENCY OBS index=28 target=3962363347 arm=3962361748 actual=3962363521 frames=3723 gap=128 wake=1073741824
LATENCY OBS index=29 target=3962365239 arm=3962363639 actual=3962365413 frames=3851 gap=128 wake=1073741824
LATENCY OBS index=30 target=3962367130 arm=3962365530 actual=3962367306 frames=3979 gap=128 wake=1073741824
LATENCY OBS index=31 target=3962369022 arm=3962367424 actual=3962369196 frames=4107 gap=128 wake=1073741824
LATENCY OBS index=32 target=3962370914 arm=3962369314 actual=3962371088 frames=4235 gap=128 wake=1073741824
LATENCY OBS index=33 target=3962372806 arm=3962371206 actual=3962372982 frames=4363 gap=128 wake=1073741824
LATENCY OBS index=34 target=3962374697 arm=3962373099 actual=3962374873 frames=4491 gap=128 wake=1073741824
LATENCY OBS index=35 target=3962376589 arm=3962374991 actual=3962376765 frames=4619 gap=128 wake=1073741824
LATENCY OBS index=36 target=3962378481 arm=3962376883 actual=3962378660 frames=4748 gap=129 wake=1073741824
LATENCY OBS index=37 target=3962380372 arm=3962378779 actual=3962380550 frames=4876 gap=128 wake=1073741824
LATENCY OBS index=38 target=3962382264 arm=3962380667 actual=3962382441 frames=5004 gap=128 wake=1073741824
LATENCY OBS index=39 target=3962384156 arm=3962382560 actual=3962384466 frames=5141 gap=137 wake=1073741824
LATENCY OBS index=40 target=3962386047 arm=3962384583 actual=3962386228 frames=5260 gap=119 wake=1073741824
LATENCY OBS index=41 target=3962387939 arm=3962386345 actual=3962388121 frames=5388 gap=128 wake=1073741824
LATENCY OBS index=42 target=3962389831 arm=3962388240 actual=3962390053 frames=5519 gap=131 wake=1073741824
LATENCY OBS index=43 target=3962391722 arm=3962390170 actual=3962391906 frames=5644 gap=125 wake=1073741824
LATENCY OBS index=44 target=3962393614 arm=3962392023 actual=3962393797 frames=5772 gap=128 wake=1073741824
LATENCY OBS index=45 target=3962395506 arm=3962393915 actual=3962395694 frames=5900 gap=128 wake=1073741824
LATENCY OBS index=46 target=3962397397 arm=3962395811 actual=3962397583 frames=6028 gap=128 wake=1073741824
LATENCY OBS index=47 target=3962399289 arm=3962397701 actual=3962399471 frames=6156 gap=128 wake=1073741824
LATENCY OBS index=48 target=3962401181 arm=3962399588 actual=3962401373 frames=6285 gap=129 wake=1073741824
LATENCY OBS index=49 target=3962403072 arm=3962401490 actual=3962403253 frames=6412 gap=127 wake=1073741824
LATENCY OBS index=50 target=3962404964 arm=3962403370 actual=3962405146 frames=6540 gap=128 wake=1073741824
LATENCY OBS index=51 target=3962406856 arm=3962405264 actual=3962407041 frames=6668 gap=128 wake=1073741824
LATENCY OBS index=52 target=3962408747 arm=3962407159 actual=3962408938 frames=6796 gap=128 wake=1073741824
LATENCY OBS index=53 target=3962410639 arm=3962409057 actual=3962410822 frames=6924 gap=128 wake=1073741824
LATENCY OBS index=54 target=3962412531 arm=3962410940 actual=3962413306 frames=7092 gap=168 wake=1073741824
LATENCY OBS index=55 target=3962414422 arm=3962413425 actual=3962414601 frames=7180 gap=88 wake=1073741824
LATENCY OBS index=56 target=3962416314 arm=3962414718 actual=3962416490 frames=7307 gap=127 wake=1073741824
LATENCY OBS index=57 target=3962418206 arm=3962416607 actual=3962418383 frames=7436 gap=129 wake=1073741824
LATENCY OBS index=58 target=3962420097 arm=3962418501 actual=3962420274 frames=7563 gap=127 wake=1073741824
LATENCY OBS index=59 target=3962421989 arm=3962420391 actual=3962422165 frames=7691 gap=128 wake=1073741824
LATENCY OBS index=60 target=3962423881 arm=3962422282 actual=3962424058 frames=7820 gap=129 wake=1073741824
LATENCY OBS index=61 target=3962425772 arm=3962424175 actual=3962425948 frames=7947 gap=127 wake=1073741824
LATENCY OBS index=62 target=3962427664 arm=3962426067 actual=3962427838 frames=8075 gap=128 wake=1073741824
LATENCY OBS index=63 target=3962429556 arm=3962427955 actual=3962429734 frames=8204 gap=129 wake=1073741824
LATENCY OBS index=64 target=3962431448 arm=3962429851 actual=3962431627 frames=8332 gap=128 wake=1073741824
LATENCY OBS index=65 target=3962433339 arm=3962431744 actual=3962433515 frames=8459 gap=127 wake=1073741824
LATENCY OBS index=66 target=3962435231 arm=3962433633 actual=3962435410 frames=8588 gap=129 wake=1073741824
LATENCY OBS index=67 target=3962437123 arm=3962435529 actual=3962437300 frames=8716 gap=128 wake=1073741824
LATENCY OBS index=68 target=3962439014 arm=3962437419 actual=3962439189 frames=8843 gap=127 wake=1073741824
LATENCY OBS index=69 target=3962440906 arm=3962439306 actual=3962441281 frames=8985 gap=142 wake=1073741824
LATENCY OBS index=70 target=3962442798 arm=3962441398 actual=3962442973 frames=9099 gap=114 wake=1073741824
LATENCY OBS index=71 target=3962444689 arm=3962443089 actual=3962444864 frames=9227 gap=128 wake=1073741824
LATENCY OBS index=72 target=3962446581 arm=3962444983 actual=3962446756 frames=9355 gap=128 wake=1073741824
LATENCY OBS index=73 target=3962448473 arm=3962446873 actual=3962448648 frames=9483 gap=128 wake=1073741824
LATENCY OBS index=74 target=3962450364 arm=3962448765 actual=3962450540 frames=9611 gap=128 wake=1073741824
LATENCY OBS index=75 target=3962452256 arm=3962450658 actual=3962452431 frames=9739 gap=128 wake=1073741824
LATENCY OBS index=76 target=3962454148 arm=3962452548 actual=3962454323 frames=9867 gap=128 wake=1073741824
LATENCY OBS index=77 target=3962456039 arm=3962454440 actual=3962456214 frames=9995 gap=128 wake=1073741824
LATENCY OBS index=78 target=3962457931 arm=3962456331 actual=3962458106 frames=10123 gap=128 wake=1073741824
LATENCY OBS index=79 target=3962459823 arm=3962458224 actual=3962459997 frames=10251 gap=128 wake=1073741824
LATENCY OBS index=80 target=3962461714 arm=3962460115 actual=3962461890 frames=10379 gap=128 wake=1073741824
LATENCY OBS index=81 target=3962463606 arm=3962462007 actual=3962463780 frames=10507 gap=128 wake=1073741824
LATENCY OBS index=82 target=3962465498 arm=3962463898 actual=3962465673 frames=10635 gap=128 wake=1073741824
LATENCY OBS index=83 target=3962467389 arm=3962465792 actual=3962467564 frames=10763 gap=128 wake=1073741824
LATENCY OBS index=84 target=3962469281 arm=3962467683 actual=3962469686 frames=10907 gap=144 wake=1073741824
LATENCY OBS index=85 target=3962471173 arm=3962469804 actual=3962471350 frames=11020 gap=113 wake=1073741824
LATENCY OBS index=86 target=3962473064 arm=3962471468 actual=3962473238 frames=11147 gap=127 wake=1073741824
LATENCY OBS index=87 target=3962474956 arm=3962473356 actual=3962475129 frames=11275 gap=128 wake=1073741824
LATENCY OBS index=88 target=3962476848 arm=3962475248 actual=3962477023 frames=11403 gap=128 wake=1073741824
LATENCY OBS index=89 target=3962478739 arm=3962477140 actual=3962478914 frames=11531 gap=128 wake=1073741824
LATENCY OBS index=90 target=3962480631 arm=3962479032 actual=3962480806 frames=11659 gap=128 wake=1073741824
LATENCY OBS index=91 target=3962482523 arm=3962480923 actual=3962482699 frames=11787 gap=128 wake=1073741824
LATENCY OBS index=92 target=3962484414 arm=3962482817 actual=3962484587 frames=11915 gap=128 wake=1073741824
LATENCY OBS index=93 target=3962486306 arm=3962484704 actual=3962486481 frames=12043 gap=128 wake=1073741824
LATENCY OBS index=94 target=3962488198 arm=3962486598 actual=3962488373 frames=12171 gap=128 wake=1073741824
LATENCY OBS index=95 target=3962490090 arm=3962488490 actual=3962490264 frames=12299 gap=128 wake=1073741824
LATENCY OBS index=96 target=3962491981 arm=3962490380 actual=3962492155 frames=12427 gap=128 wake=1073741824
LATENCY OBS index=97 target=3962493873 arm=3962492273 actual=3962494048 frames=12555 gap=128 wake=1073741824
LATENCY OBS index=98 target=3962495765 arm=3962494165 actual=3962495940 frames=12683 gap=128 wake=1073741824
LATENCY OBS index=99 target=3962497656 arm=3962496057 actual=3962498506 frames=12857 gap=174 wake=1073741824
LATENCY OBS index=100 target=3962499548 arm=3962498624 actual=3962499723 frames=12939 gap=82 wake=1073741824
LATENCY OBS index=101 target=3962501440 arm=3962499840 actual=3962501615 frames=13067 gap=128 wake=1073741824
LATENCY OBS index=102 target=3962503331 arm=3962501733 actual=3962503509 frames=13196 gap=129 wake=1073741824
LATENCY OBS index=103 target=3962505223 arm=3962503627 actual=3962505400 frames=13324 gap=128 wake=1073741824
LATENCY OBS index=104 target=3962507115 arm=3962505518 actual=3962507289 frames=13451 gap=127 wake=1073741824
LATENCY OBS index=105 target=3962509006 arm=3962507408 actual=3962509184 frames=13580 gap=129 wake=1073741824
LATENCY OBS index=106 target=3962510898 arm=3962509302 actual=3962511075 frames=13708 gap=128 wake=1073741824
LATENCY OBS index=107 target=3962512790 arm=3962511193 actual=3962512965 frames=13835 gap=127 wake=1073741824
LATENCY OBS index=108 target=3962514681 arm=3962513082 actual=3962514857 frames=13963 gap=128 wake=1073741824
LATENCY OBS index=109 target=3962516573 arm=3962514975 actual=3962516751 frames=14092 gap=129 wake=1073741824
LATENCY OBS index=110 target=3962518465 arm=3962516869 actual=3962518641 frames=14219 gap=127 wake=1073741824
LATENCY OBS index=111 target=3962520356 arm=3962518759 actual=3962520532 frames=14347 gap=128 wake=1073741824
LATENCY OBS index=112 target=3962522248 arm=3962520650 actual=3962522425 frames=14476 gap=129 wake=1073741824
LATENCY OBS index=113 target=3962524140 arm=3962522543 actual=3962524316 frames=14603 gap=127 wake=1073741824
LATENCY OBS index=114 target=3962526031 arm=3962524434 actual=3962526435 frames=14747 gap=144 wake=1073741824
LATENCY OBS index=115 target=3962527923 arm=3962526552 actual=3962528098 frames=14859 gap=112 wake=1073741824
LATENCY OBS index=116 target=3962529815 arm=3962528216 actual=3962529990 frames=14987 gap=128 wake=1073741824
LATENCY OBS index=117 target=3962531706 arm=3962530109 actual=3962531881 frames=15115 gap=128 wake=1073741824
LATENCY OBS index=118 target=3962533598 arm=3962531999 actual=3962533773 frames=15243 gap=128 wake=1073741824
LATENCY OBS index=119 target=3962535490 arm=3962533891 actual=3962535665 frames=15371 gap=128 wake=1073741824
LATENCY OBS index=120 target=3962537381 arm=3962535782 actual=3962537555 frames=15499 gap=128 wake=1073741824
LATENCY OBS index=121 target=3962539273 arm=3962537673 actual=3962539448 frames=15627 gap=128 wake=1073741824
LATENCY OBS index=122 target=3962541165 arm=3962539566 actual=3962541346 frames=15756 gap=129 wake=1073741824
LATENCY OBS index=123 target=3962543056 arm=3962541465 actual=3962543398 frames=15895 gap=139 wake=1073741824
LATENCY OBS index=124 target=3962544948 arm=3962543515 actual=3962545137 frames=16012 gap=117 wake=1073741824
LATENCY OBS index=125 target=3962546840 arm=3962545255 actual=3962547020 frames=16140 gap=128 wake=1073741824
LATENCY OBS index=126 target=3962548732 arm=3962547138 actual=3962548915 frames=16268 gap=128 wake=1073741824
LATENCY OBS index=127 target=3962550623 arm=3962549032 actual=3962550804 frames=16396 gap=128 wake=1073741824
LATENCY OBS index=128 target=3962552515 arm=3962550921 actual=3962552700 frames=16524 gap=128 wake=1073741824
LATENCY OBS index=129 target=3962554407 arm=3962552818 actual=3962554777 frames=16665 gap=141 wake=1073741824
LATENCY OBS index=130 target=3962556298 arm=3962554895 actual=3962556478 frames=16780 gap=115 wake=1073741824
LATENCY OBS index=131 target=3962558190 arm=3962556596 actual=3962558379 frames=16908 gap=128 wake=1073741824
LATENCY OBS index=132 target=3962560082 arm=3962558496 actual=3962560270 frames=17036 gap=128 wake=1073741824
LATENCY OBS index=133 target=3962561973 arm=3962560388 actual=3962562156 frames=17164 gap=128 wake=1073741824
LATENCY OBS index=134 target=3962563865 arm=3962562273 actual=3962564046 frames=17292 gap=128 wake=1073741824
LATENCY OBS index=135 target=3962565757 arm=3962564165 actual=3962565940 frames=17420 gap=128 wake=1073741824
LATENCY OBS index=136 target=3962567648 arm=3962566058 actual=3962567825 frames=17547 gap=127 wake=1073741824
LATENCY OBS index=137 target=3962569540 arm=3962567943 actual=3962569715 frames=17675 gap=128 wake=1073741824
LATENCY OBS index=138 target=3962571432 arm=3962569833 actual=3962571606 frames=17803 gap=128 wake=1073741824
LATENCY OBS index=139 target=3962573323 arm=3962571724 actual=3962573498 frames=17931 gap=128 wake=1073741824
LATENCY OBS index=140 target=3962575215 arm=3962573616 actual=3962575390 frames=18059 gap=128 wake=1073741824
LATENCY OBS index=141 target=3962577107 arm=3962575507 actual=3962577282 frames=18187 gap=128 wake=1073741824
LATENCY OBS index=142 target=3962578998 arm=3962577400 actual=3962579172 frames=18315 gap=128 wake=1073741824
LATENCY OBS index=143 target=3962580890 arm=3962579290 actual=3962581065 frames=18443 gap=128 wake=1073741824
LATENCY OBS index=144 target=3962582782 arm=3962581182 actual=3962582957 frames=18571 gap=128 wake=1073741824
LATENCY OBS index=145 target=3962584673 arm=3962583748 actual=3962584846 frames=18699 gap=128 wake=1073741824
LATENCY OBS index=146 target=3962586565 arm=3962584964 actual=3962586740 frames=18827 gap=128 wake=1073741824
LATENCY OBS index=147 target=3962588457 arm=3962586858 actual=3962588631 frames=18955 gap=128 wake=1073741824
LATENCY OBS index=148 target=3962590348 arm=3962588750 actual=3962590522 frames=19083 gap=128 wake=1073741824
LATENCY OBS index=149 target=3962592240 arm=3962590639 actual=3962592416 frames=19211 gap=128 wake=1073741824
LATENCY OBS index=150 target=3962594132 arm=3962592534 actual=3962594306 frames=19339 gap=128 wake=1073741824
LATENCY OBS index=151 target=3962596023 arm=3962594424 actual=3962596197 frames=19467 gap=128 wake=1073741824
LATENCY OBS index=152 target=3962597915 arm=3962596315 actual=3962598090 frames=19595 gap=128 wake=1073741824
LATENCY OBS index=153 target=3962599807 arm=3962598207 actual=3962599981 frames=19723 gap=128 wake=1073741824
LATENCY OBS index=154 target=3962601698 arm=3962600099 actual=3962601873 frames=19851 gap=128 wake=1073741824
LATENCY OBS index=155 target=3962603590 arm=3962601991 actual=3962603765 frames=19979 gap=128 wake=1073741824
LATENCY OBS index=156 target=3962605482 arm=3962603882 actual=3962605657 frames=20107 gap=128 wake=1073741824
LATENCY OBS index=157 target=3962607374 arm=3962605775 actual=3962607548 frames=20235 gap=128 wake=1073741824
LATENCY OBS index=158 target=3962609265 arm=3962607665 actual=3962609441 frames=20363 gap=128 wake=1073741824
LATENCY OBS index=159 target=3962611157 arm=3962609558 actual=3962611332 frames=20491 gap=128 wake=1073741824
LATENCY OBS index=160 target=3962613049 arm=3962611694 actual=3962613225 frames=20619 gap=128 wake=1073741824
LATENCY OBS index=161 target=3962614940 arm=3962613343 actual=3962615115 frames=20747 gap=128 wake=1073741824
LATENCY OBS index=162 target=3962616832 arm=3962615232 actual=3962617006 frames=20875 gap=128 wake=1073741824
LATENCY OBS index=163 target=3962618724 arm=3962617124 actual=3962618901 frames=21004 gap=129 wake=1073741824
LATENCY OBS index=164 target=3962620615 arm=3962619018 actual=3962620791 frames=21131 gap=127 wake=1073741824
LATENCY OBS index=165 target=3962622507 arm=3962620909 actual=3962622683 frames=21259 gap=128 wake=1073741824
LATENCY OBS index=166 target=3962624399 arm=3962622801 actual=3962624571 frames=21387 gap=128 wake=1073741824
LATENCY OBS index=167 target=3962626290 arm=3962624689 actual=3962626463 frames=21515 gap=128 wake=1073741824
LATENCY OBS index=168 target=3962628182 arm=3962626581 actual=3962628357 frames=21643 gap=128 wake=1073741824
LATENCY OBS index=169 target=3962630074 arm=3962628475 actual=3962630248 frames=21771 gap=128 wake=1073741824
LATENCY OBS index=170 target=3962631965 arm=3962630366 actual=3962632141 frames=21899 gap=128 wake=1073741824
LATENCY OBS index=171 target=3962633857 arm=3962632259 actual=3962634034 frames=22028 gap=129 wake=1073741824
LATENCY OBS index=172 target=3962635749 arm=3962634152 actual=3962635925 frames=22155 gap=127 wake=1073741824
LATENCY OBS index=173 target=3962637640 arm=3962636044 actual=3962637816 frames=22283 gap=128 wake=1073741824
LATENCY OBS index=174 target=3962639532 arm=3962637934 actual=3962639707 frames=22411 gap=128 wake=1073741824
LATENCY OBS index=175 target=3962641424 arm=3962639824 actual=3962641600 frames=22539 gap=128 wake=1073741824
LATENCY OBS index=176 target=3962643315 arm=3962641718 actual=3962643490 frames=22667 gap=128 wake=1073741824
LATENCY OBS index=177 target=3962645207 arm=3962643609 actual=3962645380 frames=22795 gap=128 wake=1073741824
LATENCY OBS index=178 target=3962647099 arm=3962645498 actual=3962647276 frames=22924 gap=129 wake=1073741824
LATENCY OBS index=179 target=3962648990 arm=3962647394 actual=3962649164 frames=23051 gap=127 wake=1073741824
LATENCY OBS index=180 target=3962650882 arm=3962649282 actual=3962651059 frames=23180 gap=129 wake=1073741824
LATENCY OBS index=181 target=3962652774 arm=3962651176 actual=3962652950 frames=23307 gap=127 wake=1073741824
LATENCY OBS index=182 target=3962654665 arm=3962653068 actual=3962654838 frames=23435 gap=128 wake=1073741824
LATENCY OBS index=183 target=3962656557 arm=3962654956 actual=3962656732 frames=23563 gap=128 wake=1073741824
LATENCY OBS index=184 target=3962658449 arm=3962656850 actual=3962658623 frames=23691 gap=128 wake=1073741824
LATENCY OBS index=185 target=3962660340 arm=3962658741 actual=3962660516 frames=23819 gap=128 wake=1073741824
LATENCY OBS index=186 target=3962662232 arm=3962660634 actual=3962662409 frames=23947 gap=128 wake=1073741824
LATENCY OBS index=187 target=3962664124 arm=3962662527 actual=3962663353 frames=24011 gap=64 wake=536870912
EXEC MEMORY PASS: 1 Fast allocations, zero owned bytes, budget refusal without Chip fallback
WAIT LATENCY PASS: isolated actual-clock private Wait grid, no playback/output acceptance
