EDITOR RECENT loaded=2 prefix=Dev:Tests/paula-highres-ui-1790559767477699000/recent
EDITOR RECENT saved=1 count=2
EDITOR READY channels=4 patterns=1 bitmap_bytes=163840 history_bytes=104132
EDITOR FRAME row=0 channel=0 revision=0 dirty=0 status=READY - F8 PLAY / F9 PATTERN / F10 STOP panel=0
EDITOR FRAME row=0 channel=0 revision=0 dirty=0 status=PLAYING SONG - PAULA CIA panel=0
EDITOR REPLAY active=1 ticks=12 order=0 pattern=0 row=1 bpm=125 speed=6 period=428,339,285,214 volume=32,32,32,32
EDITOR FRAME row=1 channel=0 revision=0 dirty=0 status=PLAYING SONG - PAULA CIA panel=0
EDITOR RECENT saved=1 count=3
EDITOR SAVE result=0 dirty=0
EDITOR FRAME row=1 channel=0 revision=0 dirty=0 status=PROJECT SAVED AND VERIFIED panel=0
EDITOR REPLAY active=1 ticks=84 order=0 pattern=0 row=13 bpm=125 speed=6 period=428,339,285,214 volume=32,32,32,32
EDITOR FRAME row=13 channel=0 revision=0 dirty=0 status=PROJECT SAVED AND VERIFIED panel=0
EDITOR REPLAY active=1 ticks=90 order=0 pattern=0 row=14 bpm=125 speed=6 period=428,339,285,214 volume=32,32,32,32
EDITOR CADENCE frames=6 ticks50=101 peak_gap_ticks50=70
EDITOR FRAME row=14 channel=0 revision=0 dirty=0 status=PROJECT SAVED AND VERIFIED panel=0
EDITOR REPLAY active=1 ticks=96 order=0 pattern=0 row=15 bpm=125 speed=6 period=428,339,285,214 volume=32,32,32,32
EDITOR FRAME row=15 channel=0 revision=0 dirty=0 status=PROJECT SAVED AND VERIFIED panel=0
EDITOR REPLAY active=1 ticks=102 order=0 pattern=0 row=16 bpm=125 speed=6 period=428,339,285,214 volume=32,32,32,32
EDITOR FRAME row=16 channel=0 revision=0 dirty=0 status=PROJECT SAVED AND VERIFIED panel=0
EDITOR REPLAY active=1 ticks=108 order=0 pattern=0 row=17 bpm=125 speed=6 period=428,339,285,214 volume=32,32,32,32
EDITOR FRAME row=17 channel=0 revision=0 dirty=0 status=PROJECT SAVED AND VERIFIED panel=0
EDITOR REPLAY active=1 ticks=114 order=0 pattern=0 row=18 bpm=125 speed=6 period=428,339,285,214 volume=32,32,32,32
EDITOR FRAME row=18 channel=0 revision=0 dirty=0 status=PROJECT SAVED AND VERIFIED panel=0
EDITOR REPLAY active=1 ticks=120 order=0 pattern=0 row=19 bpm=125 speed=6 period=428,339,285,214 volume=32,32,32,32
EDITOR FRAME row=19 channel=0 revision=0 dirty=0 status=PROJECT SAVED AND VERIFIED panel=0
EDITOR REPLAY active=1 ticks=126 order=0 pattern=0 row=20 bpm=125 speed=6 period=428,339,285,214 volume=32,32,32,32
EDITOR FRAME row=20 channel=0 revision=0 dirty=0 status=PROJECT SAVED AND VERIFIED panel=0
EDITOR REPLAY active=1 ticks=135 order=0 pattern=0 row=21 bpm=125 speed=6 period=428,339,285,214 volume=32,32,32,32
EDITOR FRAME row=21 channel=0 revision=0 dirty=0 status=PROJECT SAVED AND VERIFIED panel=0
EDITOR REPLAY active=1 ticks=144 order=0 pattern=0 row=23 bpm=125 speed=6 period=428,339,285,214 volume=32,32,32,32
EDITOR FRAME row=23 channel=0 revision=0 dirty=0 status=PROJECT SAVED AND VERIFIED panel=0
EDITOR REPLAY active=1 ticks=156 order=0 pattern=0 row=25 bpm=125 speed=6 period=428,339,285,214 volume=32,32,32,32
EDITOR FRAME row=25 channel=0 revision=0 dirty=0 status=PROJECT SAVED AND VERIFIED panel=0
EDITOR REPLAY active=1 ticks=167 order=0 pattern=0 row=26 bpm=125 speed=6 period=428,339,285,214 volume=32,32,32,32
EDITOR FRAME row=26 channel=0 revision=0 dirty=0 status=PROJECT SAVED AND VERIFIED panel=0
EDITOR REPLAY active=1 ticks=177 order=0 pattern=0 row=28 bpm=125 speed=6 period=428,339,285,214 volume=32,32,32,32
EDITOR FRAME row=28 channel=0 revision=0 dirty=0 status=PROJECT SAVED AND VERIFIED panel=0
EDITOR REPLAY active=1 ticks=188 order=0 pattern=0 row=30 bpm=125 speed=6 period=428,339,285,214 volume=32,32,32,32
EDITOR CADENCE frames=12 ticks50=105 peak_gap_ticks50=12
EDITOR FRAME row=30 channel=0 revision=0 dirty=0 status=PROJECT SAVED AND VERIFIED panel=0
EDITOR REPLAY active=1 ticks=200 order=0 pattern=0 row=32 bpm=125 speed=6 period=428,339,285,214 volume=32,32,32,32
EDITOR FRAME row=32 channel=0 revision=0 dirty=0 status=PROJECT SAVED AND VERIFIED panel=0
EDITOR REPLAY active=1 ticks=210 order=0 pattern=0 row=34 bpm=125 speed=6 period=428,339,285,214 volume=32,32,32,32
EDITOR FRAME row=34 channel=0 revision=0 dirty=0 status=PROJECT SAVED AND VERIFIED panel=0
EDITOR REPLAY active=1 ticks=221 order=0 pattern=0 row=35 bpm=125 speed=6 period=428,339,285,214 volume=32,32,32,32
EDITOR FRAME row=35 channel=0 revision=0 dirty=0 status=PROJECT SAVED AND VERIFIED panel=0
EDITOR REPLAY active=1 ticks=231 order=0 pattern=0 row=37 bpm=125 speed=6 period=428,339,285,214 volume=32,32,32,32
EDITOR FRAME row=37 channel=0 revision=0 dirty=0 status=PROJECT SAVED AND VERIFIED panel=0
EDITOR REPLAY active=1 ticks=242 order=0 pattern=0 row=39 bpm=125 speed=6 period=428,339,285,214 volume=32,32,32,32
EDITOR FRAME row=39 channel=0 revision=0 dirty=0 status=PROJECT SAVED AND VERIFIED panel=0
EDITOR REPLAY active=1 ticks=253 order=0 pattern=0 row=41 bpm=125 speed=6 period=428,339,285,214 volume=32,32,32,32
EDITOR FRAME row=41 channel=0 revision=0 dirty=0 status=PROJECT SAVED AND VERIFIED panel=0
EDITOR REPLAY active=1 ticks=264 order=0 pattern=0 row=43 bpm=125 speed=6 period=428,339,285,214 volume=32,32,32,32
EDITOR FRAME row=43 channel=0 revision=0 dirty=0 status=PROJECT SAVED AND VERIFIED panel=0
EDITOR REPLAY active=1 ticks=275 order=0 pattern=0 row=44 bpm=125 speed=6 period=428,339,285,214 volume=32,32,32,32
EDITOR FRAME row=44 channel=0 revision=0 dirty=0 status=PROJECT SAVED AND VERIFIED panel=0
EDITOR REPLAY active=1 ticks=285 order=0 pattern=0 row=46 bpm=125 speed=6 period=428,339,285,214 volume=32,32,32,32
EDITOR FRAME row=46 channel=0 revision=0 dirty=0 status=PROJECT SAVED AND VERIFIED panel=0
EDITOR REPLAY active=1 ticks=296 order=0 pattern=0 row=48 bpm=125 speed=6 period=428,339,285,214 volume=32,32,32,32
EDITOR CADENCE frames=10 ticks50=108 peak_gap_ticks50=11
EDITOR FRAME row=48 channel=0 revision=0 dirty=0 status=PROJECT SAVED AND VERIFIED panel=0
EDITOR REPLAY active=1 ticks=308 order=0 pattern=0 row=50 bpm=125 speed=6 period=428,339,285,214 volume=32,32,32,32
EDITOR FRAME row=50 channel=0 revision=0 dirty=0 status=PROJECT SAVED AND VERIFIED panel=0
EDITOR REPLAY active=1 ticks=318 order=0 pattern=0 row=52 bpm=125 speed=6 period=428,339,285,214 volume=32,32,32,32
EDITOR FRAME row=52 channel=0 revision=0 dirty=0 status=PROJECT SAVED AND VERIFIED panel=0
EDITOR REPLAY active=1 ticks=329 order=0 pattern=0 row=53 bpm=125 speed=6 period=428,339,285,214 volume=32,32,32,32
EDITOR FRAME row=53 channel=0 revision=0 dirty=0 status=PROJECT SAVED AND VERIFIED panel=0
EDITOR REPLAY active=1 ticks=339 order=0 pattern=0 row=55 bpm=125 speed=6 period=428,339,285,214 volume=32,32,32,32
EDITOR FRAME row=55 channel=0 revision=0 dirty=0 status=PROJECT SAVED AND VERIFIED panel=0
EDITOR REPLAY active=1 ticks=350 order=0 pattern=0 row=57 bpm=125 speed=6 period=428,339,285,214 volume=32,32,32,32
EDITOR FRAME row=57 channel=0 revision=0 dirty=0 status=PROJECT SAVED AND VERIFIED panel=0
EDITOR REPLAY active=1 ticks=361 order=0 pattern=0 row=59 bpm=125 speed=6 period=428,339,285,214 volume=32,32,32,32
EDITOR FRAME row=59 channel=0 revision=0 dirty=0 status=PROJECT SAVED AND VERIFIED panel=0
EDITOR REPLAY active=1 ticks=372 order=0 pattern=0 row=61 bpm=125 speed=6 period=428,339,285,214 volume=32,32,32,32
EDITOR FRAME row=61 channel=0 revision=0 dirty=0 status=PROJECT SAVED AND VERIFIED panel=0
EDITOR REPLAY active=1 ticks=383 order=0 pattern=0 row=62 bpm=125 speed=6 period=428,339,285,214 volume=32,32,32,32
EDITOR FRAME row=62 channel=0 revision=0 dirty=0 status=PROJECT SAVED AND VERIFIED panel=0
EDITOR REPLAY active=1 ticks=393 order=0 pattern=0 row=0 bpm=125 speed=6 period=428,339,285,214 volume=32,32,32,32
EDITOR CADENCE frames=9 ticks50=123 peak_gap_ticks50=37
EDITOR FRAME row=0 channel=0 revision=0 dirty=0 status=PROJECT SAVED AND VERIFIED panel=0
EDITOR REPLAY active=1 ticks=430 order=0 pattern=0 row=6 bpm=125 speed=6 period=428,339,285,214 volume=32,32,32,32
EDITOR FRAME row=6 channel=0 revision=0 dirty=0 status=PROJECT SAVED AND VERIFIED panel=0
EDITOR REPLAY active=1 ticks=433 order=0 pattern=0 row=7 bpm=125 speed=6 period=428,339,285,214 volume=32,32,32,32
EDITOR FRAME row=7 channel=0 revision=0 dirty=0 status=PROJECT SAVED AND VERIFIED panel=0
EDITOR REPLAY active=1 ticks=438 order=0 pattern=0 row=8 bpm=125 speed=6 period=428,339,285,214 volume=32,32,32,32
EDITOR FRAME row=8 channel=0 revision=0 dirty=0 status=PROJECT SAVED AND VERIFIED panel=0
EDITOR REPLAY active=1 ticks=444 order=0 pattern=0 row=9 bpm=125 speed=6 period=428,339,285,214 volume=32,32,32,32
EDITOR FRAME row=9 channel=0 revision=0 dirty=0 status=PROJECT SAVED AND VERIFIED panel=0
EDITOR REPLAY active=1 ticks=450 order=0 pattern=0 row=10 bpm=125 speed=6 period=428,339,285,214 volume=32,32,32,32
EDITOR FRAME row=10 channel=0 revision=0 dirty=0 status=PROJECT SAVED AND VERIFIED panel=0
EDITOR REPLAY active=1 ticks=456 order=0 pattern=0 row=11 bpm=125 speed=6 period=428,339,285,214 volume=32,32,32,32
EDITOR FRAME row=11 channel=0 revision=0 dirty=0 status=PROJECT SAVED AND VERIFIED panel=0
EDITOR REPLAY active=1 ticks=462 order=0 pattern=0 row=12 bpm=125 speed=6 period=428,339,285,214 volume=32,32,32,32
EDITOR FRAME row=12 channel=0 revision=0 dirty=0 status=PROJECT SAVED AND VERIFIED panel=0
EDITOR REPLAY active=1 ticks=468 order=0 pattern=0 row=13 bpm=125 speed=6 period=428,339,285,214 volume=32,32,32,32
EDITOR FRAME row=13 channel=0 revision=0 dirty=0 status=PROJECT SAVED AND VERIFIED panel=0
EDITOR REPLAY active=1 ticks=474 order=0 pattern=0 row=14 bpm=125 speed=6 period=428,339,285,214 volume=32,32,32,32
EDITOR FRAME row=14 channel=0 revision=0 dirty=0 status=PROJECT SAVED AND VERIFIED panel=0
EDITOR REPLAY active=1 ticks=480 order=0 pattern=0 row=15 bpm=125 speed=6 period=428,339,285,214 volume=32,32,32,32
EDITOR FRAME row=15 channel=0 revision=0 dirty=0 status=PROJECT SAVED AND VERIFIED panel=0
EDITOR REPLAY active=1 ticks=486 order=0 pattern=0 row=16 bpm=125 speed=6 period=428,339,285,214 volume=32,32,32,32
EDITOR FRAME row=16 channel=0 revision=0 dirty=0 status=PROJECT SAVED AND VERIFIED panel=0
EDITOR REPLAY active=1 ticks=492 order=0 pattern=0 row=17 bpm=125 speed=6 period=428,339,285,214 volume=32,32,32,32
EDITOR FRAME row=17 channel=0 revision=0 dirty=0 status=PROJECT SAVED AND VERIFIED panel=0
EDITOR REPLAY active=1 ticks=498 order=0 pattern=0 row=18 bpm=125 speed=6 period=428,339,285,214 volume=32,32,32,32
EDITOR FRAME row=18 channel=0 revision=0 dirty=0 status=PROJECT SAVED AND VERIFIED panel=0
EDITOR REPLAY active=1 ticks=504 order=0 pattern=0 row=19 bpm=125 speed=6 period=428,339,285,214 volume=32,32,32,32
EDITOR FRAME row=19 channel=0 revision=0 dirty=0 status=PROJECT SAVED AND VERIFIED panel=0
EDITOR REPLAY active=1 ticks=510 order=0 pattern=0 row=20 bpm=125 speed=6 period=428,339,285,214 volume=32,32,32,32
EDITOR FRAME row=20 channel=0 revision=0 dirty=0 status=PROJECT SAVED AND VERIFIED panel=0
EDITOR REPLAY active=1 ticks=516 order=0 pattern=0 row=21 bpm=125 speed=6 period=428,339,285,214 volume=32,32,32,32
EDITOR FRAME row=21 channel=0 revision=0 dirty=0 status=PROJECT SAVED AND VERIFIED panel=0
EDITOR REPLAY active=1 ticks=522 order=0 pattern=0 row=22 bpm=125 speed=6 period=428,339,285,214 volume=32,32,32,32
EDITOR FRAME row=22 channel=0 revision=0 dirty=0 status=PROJECT SAVED AND VERIFIED panel=0
EDITOR REPLAY active=1 ticks=528 order=0 pattern=0 row=23 bpm=125 speed=6 period=428,339,285,214 volume=32,32,32,32
EDITOR CADENCE frames=18 ticks50=103 peak_gap_ticks50=9
EDITOR FRAME row=23 channel=0 revision=0 dirty=0 status=PROJECT SAVED AND VERIFIED panel=0
EDITOR REPLAY active=1 ticks=534 order=0 pattern=0 row=24 bpm=125 speed=6 period=428,339,285,214 volume=32,32,32,32
EDITOR FRAME row=24 channel=0 revision=0 dirty=0 status=PROJECT SAVED AND VERIFIED panel=0
EDITOR REPLAY active=1 ticks=540 order=0 pattern=0 row=25 bpm=125 speed=6 period=428,339,285,214 volume=32,32,32,32
EDITOR FRAME row=25 channel=0 revision=0 dirty=0 status=PROJECT SAVED AND VERIFIED panel=0
EDITOR REPLAY active=1 ticks=546 order=0 pattern=0 row=26 bpm=125 speed=6 period=428,339,285,214 volume=32,32,32,32
EDITOR FRAME row=26 channel=0 revision=0 dirty=0 status=PROJECT SAVED AND VERIFIED panel=0
EDITOR REPLAY active=1 ticks=552 order=0 pattern=0 row=27 bpm=125 speed=6 period=428,339,285,214 volume=32,32,32,32
EDITOR FRAME row=27 channel=0 revision=0 dirty=0 status=PROJECT SAVED AND VERIFIED panel=0
EDITOR REPLAY active=1 ticks=558 order=0 pattern=0 row=28 bpm=125 speed=6 period=428,339,285,214 volume=32,32,32,32
EDITOR FRAME row=28 channel=0 revision=0 dirty=0 status=PROJECT SAVED AND VERIFIED panel=0
EDITOR REPLAY active=1 ticks=564 order=0 pattern=0 row=29 bpm=125 speed=6 period=428,339,285,214 volume=32,32,32,32
EDITOR FRAME row=29 channel=0 revision=0 dirty=0 status=PROJECT SAVED AND VERIFIED panel=0
EDITOR REPLAY active=1 ticks=570 order=0 pattern=0 row=30 bpm=125 speed=6 period=428,339,285,214 volume=32,32,32,32
EDITOR FRAME row=30 channel=0 revision=0 dirty=0 status=PROJECT SAVED AND VERIFIED panel=0
EDITOR REPLAY active=1 ticks=576 order=0 pattern=0 row=31 bpm=125 speed=6 period=428,339,285,214 volume=32,32,32,32
EDITOR FRAME row=31 channel=0 revision=0 dirty=0 status=PROJECT SAVED AND VERIFIED panel=0
EDITOR REPLAY active=1 ticks=582 order=0 pattern=0 row=32 bpm=125 speed=6 period=428,339,285,214 volume=32,32,32,32
EDITOR FRAME row=32 channel=0 revision=0 dirty=0 status=PROJECT SAVED AND VERIFIED panel=0
EDITOR REPLAY active=1 ticks=588 order=0 pattern=0 row=33 bpm=125 speed=6 period=428,339,285,214 volume=32,32,32,32
EDITOR FRAME row=33 channel=0 revision=0 dirty=0 status=PROJECT SAVED AND VERIFIED panel=0
EDITOR REPLAY active=1 ticks=594 order=0 pattern=0 row=34 bpm=125 speed=6 period=428,339,285,214 volume=32,32,32,32
EDITOR FRAME row=34 channel=0 revision=0 dirty=0 status=PROJECT SAVED AND VERIFIED panel=0
EDITOR REPLAY active=1 ticks=600 order=0 pattern=0 row=35 bpm=125 speed=6 period=428,339,285,214 volume=32,32,32,32
EDITOR FRAME row=35 channel=0 revision=0 dirty=0 status=PROJECT SAVED AND VERIFIED panel=0
EDITOR REPLAY active=1 ticks=606 order=0 pattern=0 row=36 bpm=125 speed=6 period=428,339,285,214 volume=32,32,32,32
EDITOR FRAME row=36 channel=0 revision=0 dirty=0 status=PROJECT SAVED AND VERIFIED panel=0
EDITOR REPLAY active=1 ticks=612 order=0 pattern=0 row=37 bpm=125 speed=6 period=428,339,285,214 volume=32,32,32,32
EDITOR FRAME row=37 channel=0 revision=0 dirty=0 status=PROJECT SAVED AND VERIFIED panel=0
EDITOR REPLAY active=1 ticks=618 order=0 pattern=0 row=38 bpm=125 speed=6 period=428,339,285,214 volume=32,32,32,32
EDITOR FRAME row=38 channel=0 revision=0 dirty=0 status=PROJECT SAVED AND VERIFIED panel=0
EDITOR REPLAY active=1 ticks=624 order=0 pattern=0 row=39 bpm=125 speed=6 period=428,339,285,214 volume=32,32,32,32
EDITOR FRAME row=39 channel=0 revision=0 dirty=0 status=PROJECT SAVED AND VERIFIED panel=0
EDITOR REPLAY active=1 ticks=630 order=0 pattern=0 row=40 bpm=125 speed=6 period=428,339,285,214 volume=32,32,32,32
EDITOR CADENCE frames=17 ticks50=102 peak_gap_ticks50=6
EDITOR FRAME row=40 channel=0 revision=0 dirty=0 status=PROJECT SAVED AND VERIFIED panel=0
EDITOR REPLAY active=1 ticks=636 order=0 pattern=0 row=41 bpm=125 speed=6 period=428,339,285,214 volume=32,32,32,32
EDITOR FRAME row=41 channel=0 revision=0 dirty=0 status=PROJECT SAVED AND VERIFIED panel=0
EDITOR REPLAY active=1 ticks=642 order=0 pattern=0 row=42 bpm=125 speed=6 period=428,339,285,214 volume=32,32,32,32
EDITOR FRAME row=42 channel=0 revision=0 dirty=0 status=PROJECT SAVED AND VERIFIED panel=0
EDITOR REPLAY active=1 ticks=648 order=0 pattern=0 row=43 bpm=125 speed=6 period=428,339,285,214 volume=32,32,32,32
EDITOR FRAME row=43 channel=0 revision=0 dirty=0 status=PROJECT SAVED AND VERIFIED panel=0
EDITOR REPLAY active=1 ticks=654 order=0 pattern=0 row=44 bpm=125 speed=6 period=428,339,285,214 volume=32,32,32,32
EDITOR FRAME row=44 channel=0 revision=0 dirty=0 status=PROJECT SAVED AND VERIFIED panel=0
EDITOR REPLAY active=1 ticks=660 order=0 pattern=0 row=45 bpm=125 speed=6 period=428,339,285,214 volume=32,32,32,32
EDITOR FRAME row=45 channel=0 revision=0 dirty=0 status=PROJECT SAVED AND VERIFIED panel=0
EDITOR REPLAY active=1 ticks=666 order=0 pattern=0 row=46 bpm=125 speed=6 period=428,339,285,214 volume=32,32,32,32
EDITOR FRAME row=46 channel=0 revision=0 dirty=0 status=PROJECT SAVED AND VERIFIED panel=0
EDITOR REPLAY active=1 ticks=672 order=0 pattern=0 row=47 bpm=125 speed=6 period=428,339,285,214 volume=32,32,32,32
EDITOR FRAME row=47 channel=0 revision=0 dirty=0 status=PROJECT SAVED AND VERIFIED panel=0
EDITOR REPLAY active=1 ticks=678 order=0 pattern=0 row=48 bpm=125 speed=6 period=428,339,285,214 volume=32,32,32,32
EDITOR FRAME row=48 channel=0 revision=0 dirty=0 status=PROJECT SAVED AND VERIFIED panel=0
EDITOR REPLAY active=1 ticks=684 order=0 pattern=0 row=49 bpm=125 speed=6 period=428,339,285,214 volume=32,32,32,32
EDITOR FRAME row=49 channel=0 revision=0 dirty=0 status=PROJECT SAVED AND VERIFIED panel=0
EDITOR REPLAY active=1 ticks=690 order=0 pattern=0 row=50 bpm=125 speed=6 period=428,339,285,214 volume=32,32,32,32
EDITOR FRAME row=50 channel=0 revision=0 dirty=0 status=PROJECT SAVED AND VERIFIED panel=0
EDITOR REPLAY active=1 ticks=696 order=0 pattern=0 row=51 bpm=125 speed=6 period=428,339,285,214 volume=32,32,32,32
EDITOR FRAME row=51 channel=0 revision=0 dirty=0 status=PROJECT SAVED AND VERIFIED panel=0
EDITOR REPLAY active=1 ticks=702 order=0 pattern=0 row=52 bpm=125 speed=6 period=428,339,285,214 volume=32,32,32,32
EDITOR FRAME row=52 channel=0 revision=0 dirty=0 status=PROJECT SAVED AND VERIFIED panel=0
EDITOR REPLAY active=1 ticks=708 order=0 pattern=0 row=53 bpm=125 speed=6 period=428,339,285,214 volume=32,32,32,32
EDITOR FRAME row=53 channel=0 revision=0 dirty=0 status=PROJECT SAVED AND VERIFIED panel=0
EDITOR REPLAY active=1 ticks=714 order=0 pattern=0 row=54 bpm=125 speed=6 period=428,339,285,214 volume=32,32,32,32
EDITOR FRAME row=54 channel=0 revision=0 dirty=0 status=PROJECT SAVED AND VERIFIED panel=0
EDITOR REPLAY active=1 ticks=720 order=0 pattern=0 row=55 bpm=125 speed=6 period=428,339,285,214 volume=32,32,32,32
EDITOR FRAME row=55 channel=0 revision=0 dirty=0 status=PROJECT SAVED AND VERIFIED panel=0
EDITOR REPLAY active=1 ticks=726 order=0 pattern=0 row=56 bpm=125 speed=6 period=428,339,285,214 volume=32,32,32,32
EDITOR FRAME row=56 channel=0 revision=0 dirty=0 status=PROJECT SAVED AND VERIFIED panel=0
EDITOR REPLAY active=1 ticks=732 order=0 pattern=0 row=57 bpm=125 speed=6 period=428,339,285,214 volume=32,32,32,32
EDITOR CADENCE frames=17 ticks50=102 peak_gap_ticks50=7
EDITOR FRAME row=57 channel=0 revision=0 dirty=0 status=PROJECT SAVED AND VERIFIED panel=0
EDITOR REPLAY active=1 ticks=738 order=0 pattern=0 row=58 bpm=125 speed=6 period=428,339,285,214 volume=32,32,32,32
EDITOR FRAME row=58 channel=0 revision=0 dirty=0 status=PROJECT SAVED AND VERIFIED panel=0
EDITOR REPLAY active=1 ticks=744 order=0 pattern=0 row=59 bpm=125 speed=6 period=428,339,285,214 volume=32,32,32,32
EDITOR FRAME row=59 channel=0 revision=0 dirty=0 status=PROJECT SAVED AND VERIFIED panel=0
EDITOR REPLAY active=1 ticks=750 order=0 pattern=0 row=60 bpm=125 speed=6 period=428,339,285,214 volume=32,32,32,32
EDITOR FRAME row=60 channel=0 revision=0 dirty=0 status=PROJECT SAVED AND VERIFIED panel=0
EDITOR REPLAY active=1 ticks=756 order=0 pattern=0 row=61 bpm=125 speed=6 period=428,339,285,214 volume=32,32,32,32
EDITOR FRAME row=61 channel=0 revision=0 dirty=0 status=PROJECT SAVED AND VERIFIED panel=0
EDITOR REPLAY active=1 ticks=762 order=0 pattern=0 row=62 bpm=125 speed=6 period=428,339,285,214 volume=32,32,32,32
EDITOR FRAME row=62 channel=0 revision=0 dirty=0 status=PROJECT SAVED AND VERIFIED panel=0
EDITOR REPLAY active=1 ticks=768 order=0 pattern=0 row=63 bpm=125 speed=6 period=428,339,285,214 volume=32,32,32,32
EDITOR FRAME row=63 channel=0 revision=0 dirty=0 status=PROJECT SAVED AND VERIFIED panel=0
EDITOR REPLAY active=1 ticks=774 order=0 pattern=0 row=0 bpm=125 speed=6 period=428,339,285,214 volume=32,32,32,32
EDITOR FRAME row=0 channel=0 revision=0 dirty=0 status=PROJECT SAVED AND VERIFIED panel=0
EDITOR REPLAY active=1 ticks=794 order=0 pattern=0 row=3 bpm=125 speed=6 period=428,339,285,214 volume=32,32,32,32
EDITOR FRAME row=3 channel=0 revision=0 dirty=0 status=PROJECT SAVED AND VERIFIED panel=0
EDITOR REPLAY active=1 ticks=798 order=0 pattern=0 row=4 bpm=125 speed=6 period=428,339,285,214 volume=32,32,32,32
EDITOR FRAME row=4 channel=0 revision=0 dirty=0 status=PROJECT SAVED AND VERIFIED panel=0
EDITOR REPLAY active=1 ticks=804 order=0 pattern=0 row=5 bpm=125 speed=6 period=428,339,285,214 volume=32,32,32,32
EDITOR FRAME row=5 channel=0 revision=0 dirty=0 status=PROJECT SAVED AND VERIFIED panel=0
EDITOR REPLAY active=1 ticks=810 order=0 pattern=0 row=6 bpm=125 speed=6 period=428,339,285,214 volume=32,32,32,32
EDITOR FRAME row=6 channel=0 revision=0 dirty=0 status=PROJECT SAVED AND VERIFIED panel=0
EDITOR REPLAY active=1 ticks=816 order=0 pattern=0 row=7 bpm=125 speed=6 period=428,339,285,214 volume=32,32,32,32
EDITOR FRAME row=7 channel=0 revision=0 dirty=0 status=PROJECT SAVED AND VERIFIED panel=0
EDITOR REPLAY active=1 ticks=822 order=0 pattern=0 row=8 bpm=125 speed=6 period=428,339,285,214 volume=32,32,32,32
EDITOR FRAME row=8 channel=0 revision=0 dirty=0 status=PROJECT SAVED AND VERIFIED panel=0
EDITOR REPLAY active=1 ticks=828 order=0 pattern=0 row=9 bpm=125 speed=6 period=428,339,285,214 volume=32,32,32,32
EDITOR FRAME row=9 channel=0 revision=0 dirty=0 status=PROJECT SAVED AND VERIFIED panel=0
EDITOR REPLAY active=1 ticks=834 order=0 pattern=0 row=10 bpm=125 speed=6 period=428,339,285,214 volume=32,32,32,32
EDITOR FRAME row=10 channel=0 revision=0 dirty=0 status=PROJECT SAVED AND VERIFIED panel=0
EDITOR REPLAY active=1 ticks=840 order=0 pattern=0 row=11 bpm=125 speed=6 period=428,339,285,214 volume=32,32,32,32
EDITOR CADENCE frames=16 ticks50=105 peak_gap_ticks50=21
EDITOR FRAME row=11 channel=0 revision=0 dirty=0 status=PROJECT SAVED AND VERIFIED panel=0
EDITOR REPLAY active=1 ticks=846 order=0 pattern=0 row=12 bpm=125 speed=6 period=428,339,285,214 volume=32,32,32,32
EDITOR FRAME row=12 channel=0 revision=0 dirty=0 status=PROJECT SAVED AND VERIFIED panel=0
EDITOR REPLAY active=1 ticks=852 order=0 pattern=0 row=13 bpm=125 speed=6 period=428,339,285,214 volume=32,32,32,32
EDITOR FRAME row=13 channel=0 revision=0 dirty=0 status=PROJECT SAVED AND VERIFIED panel=0
EDITOR REPLAY active=1 ticks=858 order=0 pattern=0 row=14 bpm=125 speed=6 period=428,339,285,214 volume=32,32,32,32
EDITOR FRAME row=14 channel=0 revision=0 dirty=0 status=PROJECT SAVED AND VERIFIED panel=0
EDITOR REPLAY active=1 ticks=864 order=0 pattern=0 row=15 bpm=125 speed=6 period=428,339,285,214 volume=32,32,32,32
EDITOR FRAME row=15 channel=0 revision=0 dirty=0 status=PROJECT SAVED AND VERIFIED panel=0
EDITOR REPLAY active=1 ticks=870 order=0 pattern=0 row=16 bpm=125 speed=6 period=428,339,285,214 volume=32,32,32,32
EDITOR FRAME row=16 channel=0 revision=0 dirty=0 status=STOPPED - AUDIO RELEASED panel=0
EDITOR EXIT clean
