tests/editor_paula_readers_prepare_test.c: In function 'editor_reader_terminal':
tests/editor_paula_readers_prepare_test.c:361:5: error: this 'for' clause does not guard... [-Werror=misleading-indentation]
     for(i=0;i<2;++i)free(f->source->master_before[i]);pt_sampler_release(&f->source->genuine.sampler);
     ^~~
tests/editor_paula_readers_prepare_test.c:361:55: note: ...this statement, but the latter is misleadingly indented as if it is guarded by the 'for'
     for(i=0;i<2;++i)free(f->source->master_before[i]);pt_sampler_release(&f->source->genuine.sampler);
                                                       ^~~~~~~~~~~~~~~~~~
tests/editor_paula_readers_prepare_test.c: In function 'editor_reader_fixture_main':
tests/editor_paula_readers_prepare_test.c:391:9: error: this 'for' clause does not guard... [-Werror=misleading-indentation]
         for(mode=0;mode<8;++mode)editor_reader_domain_case(bits,mode);editor_reader_whole(bits);
         ^~~
tests/editor_paula_readers_prepare_test.c:391:71: note: ...this statement, but the latter is misleadingly indented as if it is guarded by the 'for'
         for(mode=0;mode<8;++mode)editor_reader_domain_case(bits,mode);editor_reader_whole(bits);
                                                                       ^~~~~~~~~~~~~~~~~~~
cc1: all warnings being treated as errors
src/editor/editor_paula_readers_prepare.c: In function 'fail':
src/editor/editor_paula_readers_prepare.c:18:2: error: this 'if' clause does not guard... [-Werror=misleading-indentation]
  if(s->phase!=PT_EDITOR_READERS_FINISHED)s->phase=PT_EDITOR_READERS_FAILED;return s->result;}
  ^~
src/editor/editor_paula_readers_prepare.c:18:76: note: ...this statement, but the latter is misleadingly indented as if it is guarded by the 'if'
  if(s->phase!=PT_EDITOR_READERS_FINISHED)s->phase=PT_EDITOR_READERS_FAILED;return s->result;}
                                                                            ^~~~~~
src/editor/editor_paula_readers_prepare.c: In function 'pt_editor_paula_readers_prepare_close':
src/editor/editor_paula_readers_prepare.c:300:5: error: this 'if' clause does not guard... [-Werror=misleading-indentation]
     if(!s)return 0;if(reentry(s))return 0;
     ^~
src/editor/editor_paula_readers_prepare.c:300:20: note: ...this statement, but the latter is misleadingly indented as if it is guarded by the 'if'
     if(!s)return 0;if(reentry(s))return 0;
                    ^~
cc1: all warnings being treated as errors
