NATIVE PHASE: memory start
EXEC MEMORY pool_limit=131084304 reserve=262144 flags=4
NATIVE PHASE: mixed component cost start
NATIVE MIXED COMPONENT current voices=2 total=333 frequency=709379 bits=8 case=0
NATIVE MIXED COMPONENT current voices=2 total=332 frequency=709379 bits=8 case=1
NATIVE MIXED COMPONENT current voices=2 total=332 frequency=709379 bits=8 case=2
NATIVE MIXED COMPONENT current voices=2 total=332 frequency=709379 bits=8 case=3
NATIVE MIXED COMPONENT next_start voices=2 total=652 frequency=709379 bits=8
NATIVE MIXED COMPONENT prefetch voices=2 total=1302 frequency=709379 bits=8 case=1
NATIVE MIXED COMPONENT prefetch voices=2 total=4074 frequency=709379 bits=8 case=2
NATIVE MIXED COMPONENT prefetch voices=2 total=1337 frequency=709379 bits=8 case=3
NATIVE MIXED COMPONENT prefetch voices=2 total=2644 frequency=709379 bits=8 case=4
NATIVE MIXED COMPONENT prefetch voices=2 total=2895 frequency=709379 bits=8 case=5
NATIVE MIXED COMPONENT prefetch voices=2 total=2646 frequency=709379 bits=8 case=6
NATIVE MIXED COMPONENT prefetch voices=2 total=2664 frequency=709379 bits=8 case=7
NATIVE MIXED COMPONENT prefetch voices=2 total=2651 frequency=709379 bits=8 case=8
NATIVE MIXED COMPONENT prefetch voices=2 total=2846 frequency=709379 bits=8 case=9
NATIVE MIXED COMPONENT prefetch voices=2 total=2604 frequency=709379 bits=8 case=10
NATIVE MIXED COMPONENT prefetch voices=2 total=3056 frequency=709379 bits=8 case=11
NATIVE MIXED COMPONENT prefetch voices=2 total=1146 frequency=709379 bits=8 case=12
NATIVE MIXED COMPONENT prefetch voices=2 total=2179 frequency=709379 bits=8 case=13
NATIVE MIXED COMPONENT prefetch voices=2 total=825 frequency=709379 bits=8 case=14
NATIVE MIXED COMPONENT prefetch voices=2 total=6713 frequency=709379 bits=8 case=15
NATIVE MIXED COMPONENT prefetch voices=2 total=7109 frequency=709379 bits=8 case=16
NATIVE MIXED COMPONENT prefetch voices=2 total=6721 frequency=709379 bits=8 case=17
NATIVE MIXED COMPONENT prefetch voices=2 total=21618 frequency=709379 bits=8 case=18
NATIVE MIXED COMPONENT prefetch voices=2 total=6712 frequency=709379 bits=8 case=19
NATIVE MIXED COMPONENT prefetch voices=2 total=6726 frequency=709379 bits=8 case=20
NATIVE MIXED COMPONENT prefetch voices=2 total=6969 frequency=709379 bits=8 case=21
NATIVE MIXED COMPONENT prefetch voices=2 total=6834 frequency=709379 bits=8 case=22
NATIVE MIXED COMPONENT prefetch voices=2 total=505 frequency=709379 bits=8 case=23
NATIVE MIXED COMPONENT prefetch voices=2 total=766 frequency=709379 bits=8 case=24
NATIVE MIXED COMPONENT prefetch voices=2 total=669 frequency=709379 bits=8 case=25
NATIVE MIXED COMPONENT prefetch voices=2 total=574 frequency=709379 bits=8 case=26
NATIVE MIXED COMPONENT complete voices=2 before_first=1385 first_to_last=60 last_to_return=1235 total=2680 frequency=709379 bits=8
NATIVE MIXED COMPONENT next_live voices=2 total=641 frequency=709379 bits=8
NATIVE MIXED COMPONENT current voices=16 total=332 frequency=709379 bits=8 case=0
NATIVE MIXED COMPONENT current voices=16 total=331 frequency=709379 bits=8 case=1
NATIVE MIXED COMPONENT current voices=16 total=577 frequency=709379 bits=8 case=2
NATIVE MIXED COMPONENT current voices=16 total=339 frequency=709379 bits=8 case=3
NATIVE MIXED COMPONENT next_start voices=16 total=1048 frequency=709379 bits=8
NATIVE MIXED COMPONENT prefetch voices=16 total=617 frequency=709379 bits=8 case=1
NATIVE MIXED COMPONENT prefetch voices=16 total=18086 frequency=709379 bits=8 case=2
NATIVE MIXED COMPONENT prefetch voices=16 total=1514 frequency=709379 bits=8 case=3
NATIVE MIXED COMPONENT prefetch voices=16 total=3010 frequency=709379 bits=8 case=4
NATIVE MIXED COMPONENT prefetch voices=16 total=2745 frequency=709379 bits=8 case=5
NATIVE MIXED COMPONENT prefetch voices=16 total=2790 frequency=709379 bits=8 case=6
NATIVE MIXED COMPONENT prefetch voices=16 total=2749 frequency=709379 bits=8 case=7
NATIVE MIXED COMPONENT prefetch voices=16 total=2786 frequency=709379 bits=8 case=8
NATIVE MIXED COMPONENT prefetch voices=16 total=2742 frequency=709379 bits=8 case=9
NATIVE MIXED COMPONENT prefetch voices=16 total=2789 frequency=709379 bits=8 case=10
NATIVE MIXED COMPONENT prefetch voices=16 total=3404 frequency=709379 bits=8 case=11
NATIVE MIXED COMPONENT prefetch voices=16 total=1792 frequency=709379 bits=8 case=12
NATIVE MIXED COMPONENT prefetch voices=16 total=1791 frequency=709379 bits=8 case=13
NATIVE MIXED COMPONENT prefetch voices=16 total=1832 frequency=709379 bits=8 case=14
NATIVE MIXED COMPONENT prefetch voices=16 total=1286 frequency=709379 bits=8 case=15
NATIVE MIXED COMPONENT prefetch voices=16 total=1523 frequency=709379 bits=8 case=16
NATIVE MIXED COMPONENT prefetch voices=16 total=1288 frequency=709379 bits=8 case=17
NATIVE MIXED COMPONENT prefetch voices=16 total=1285 frequency=709379 bits=8 case=18
NATIVE MIXED COMPONENT prefetch voices=16 total=4330 frequency=709379 bits=8 case=19
NATIVE MIXED COMPONENT prefetch voices=16 total=801 frequency=709379 bits=8 case=20
NATIVE MIXED COMPONENT prefetch voices=16 total=6923 frequency=709379 bits=8 case=21
NATIVE MIXED COMPONENT prefetch voices=16 total=6750 frequency=709379 bits=8 case=22
NATIVE MIXED COMPONENT prefetch voices=16 total=6725 frequency=709379 bits=8 case=23
NATIVE MIXED COMPONENT prefetch voices=16 total=21611 frequency=709379 bits=8 case=24
NATIVE MIXED COMPONENT prefetch voices=16 total=6719 frequency=709379 bits=8 case=25
NATIVE MIXED COMPONENT prefetch voices=16 total=10577 frequency=709379 bits=8 case=26
NATIVE MIXED COMPONENT prefetch voices=16 total=6939 frequency=709379 bits=8 case=27
NATIVE MIXED COMPONENT prefetch voices=16 total=6881 frequency=709379 bits=8 case=28
NATIVE MIXED COMPONENT prefetch voices=16 total=845 frequency=709379 bits=8 case=29
NATIVE MIXED COMPONENT prefetch voices=16 total=828 frequency=709379 bits=8 case=30
NATIVE MIXED COMPONENT prefetch voices=16 total=841 frequency=709379 bits=8 case=31
NATIVE MIXED COMPONENT prefetch voices=16 total=847 frequency=709379 bits=8 case=32
NATIVE MIXED COMPONENT prefetch voices=16 total=824 frequency=709379 bits=8 case=33
NATIVE MIXED COMPONENT prefetch voices=16 total=844 frequency=709379 bits=8 case=34
NATIVE MIXED COMPONENT prefetch voices=16 total=826 frequency=709379 bits=8 case=35
NATIVE MIXED COMPONENT prefetch voices=16 total=843 frequency=709379 bits=8 case=36
NATIVE MIXED COMPONENT prefetch voices=16 total=824 frequency=709379 bits=8 case=37
NATIVE MIXED COMPONENT prefetch voices=16 total=842 frequency=709379 bits=8 case=38
NATIVE MIXED COMPONENT prefetch voices=16 total=1066 frequency=709379 bits=8 case=39
NATIVE MIXED COMPONENT prefetch voices=16 total=556 frequency=709379 bits=8 case=40
NATIVE MIXED COMPONENT prefetch voices=16 total=770 frequency=709379 bits=8 case=41
NATIVE MIXED COMPONENT prefetch voices=16 total=769 frequency=709379 bits=8 case=42
NATIVE MIXED COMPONENT prefetch voices=16 total=786 frequency=709379 bits=8 case=43
NATIVE MIXED COMPONENT prefetch voices=16 total=788 frequency=709379 bits=8 case=44
NATIVE MIXED COMPONENT prefetch voices=16 total=768 frequency=709379 bits=8 case=45
NATIVE MIXED COMPONENT prefetch voices=16 total=770 frequency=709379 bits=8 case=46
NATIVE MIXED COMPONENT prefetch voices=16 total=788 frequency=709379 bits=8 case=47
NATIVE MIXED COMPONENT prefetch voices=16 total=767 frequency=709379 bits=8 case=48
NATIVE MIXED COMPONENT prefetch voices=16 total=768 frequency=709379 bits=8 case=49
NATIVE MIXED COMPONENT prefetch voices=16 total=768 frequency=709379 bits=8 case=50
NATIVE MIXED COMPONENT prefetch voices=16 total=787 frequency=709379 bits=8 case=51
NATIVE MIXED COMPONENT prefetch voices=16 total=784 frequency=709379 bits=8 case=52
NATIVE MIXED COMPONENT prefetch voices=16 total=671 frequency=709379 bits=8 case=53
NATIVE MIXED COMPONENT prefetch voices=16 total=686 frequency=709379 bits=8 case=54
NATIVE MIXED COMPONENT prefetch voices=16 total=671 frequency=709379 bits=8 case=55
NATIVE MIXED COMPONENT prefetch voices=16 total=686 frequency=709379 bits=8 case=56
NATIVE MIXED COMPONENT prefetch voices=16 total=670 frequency=709379 bits=8 case=57
NATIVE MIXED COMPONENT prefetch voices=16 total=686 frequency=709379 bits=8 case=58
NATIVE MIXED COMPONENT prefetch voices=16 total=670 frequency=709379 bits=8 case=59
NATIVE MIXED COMPONENT prefetch voices=16 total=686 frequency=709379 bits=8 case=60
NATIVE MIXED COMPONENT prefetch voices=16 total=686 frequency=709379 bits=8 case=61
NATIVE MIXED COMPONENT prefetch voices=16 total=685 frequency=709379 bits=8 case=62
NATIVE MIXED COMPONENT prefetch voices=16 total=668 frequency=709379 bits=8 case=63
NATIVE MIXED COMPONENT prefetch voices=16 total=685 frequency=709379 bits=8 case=64
NATIVE MIXED COMPONENT prefetch voices=16 total=1133 frequency=709379 bits=8 case=65
NATIVE MIXED COMPONENT complete voices=16 before_first=2378 first_to_last=841 last_to_return=1447 total=4666 frequency=709379 bits=8
NATIVE MIXED COMPONENT next_live voices=16 total=881 frequency=709379 bits=8
NATIVE MIXED COMPONENT current voices=2 total=332 frequency=709379 bits=16 case=0
NATIVE MIXED COMPONENT current voices=2 total=331 frequency=709379 bits=16 case=1
NATIVE MIXED COMPONENT current voices=2 total=333 frequency=709379 bits=16 case=2
NATIVE MIXED COMPONENT current voices=2 total=332 frequency=709379 bits=16 case=3
NATIVE MIXED COMPONENT next_start voices=2 total=653 frequency=709379 bits=16
NATIVE MIXED COMPONENT prefetch voices=2 total=619 frequency=709379 bits=16 case=1
NATIVE MIXED COMPONENT prefetch voices=2 total=4316 frequency=709379 bits=16 case=2
NATIVE MIXED COMPONENT prefetch voices=2 total=1379 frequency=709379 bits=16 case=3
NATIVE MIXED COMPONENT prefetch voices=2 total=3380 frequency=709379 bits=16 case=4
NATIVE MIXED COMPONENT prefetch voices=2 total=4052 frequency=709379 bits=16 case=5
NATIVE MIXED COMPONENT prefetch voices=2 total=3382 frequency=709379 bits=16 case=6
NATIVE MIXED COMPONENT prefetch voices=2 total=3381 frequency=709379 bits=16 case=7
NATIVE MIXED COMPONENT prefetch voices=2 total=3625 frequency=709379 bits=16 case=8
NATIVE MIXED COMPONENT prefetch voices=2 total=3385 frequency=709379 bits=16 case=9
NATIVE MIXED COMPONENT prefetch voices=2 total=3384 frequency=709379 bits=16 case=10
NATIVE MIXED COMPONENT prefetch voices=2 total=3788 frequency=709379 bits=16 case=11
NATIVE MIXED COMPONENT prefetch voices=2 total=1103 frequency=709379 bits=16 case=12
NATIVE MIXED COMPONENT prefetch voices=2 total=1940 frequency=709379 bits=16 case=13
NATIVE MIXED COMPONENT prefetch voices=2 total=802 frequency=709379 bits=16 case=14
NATIVE MIXED COMPONENT prefetch voices=2 total=7732 frequency=709379 bits=16 case=15
NATIVE MIXED COMPONENT prefetch voices=2 total=7497 frequency=709379 bits=16 case=16
NATIVE MIXED COMPONENT prefetch voices=2 total=7927 frequency=709379 bits=16 case=17
NATIVE MIXED COMPONENT prefetch voices=2 total=7538 frequency=709379 bits=16 case=18
NATIVE MIXED COMPONENT prefetch voices=2 total=7505 frequency=709379 bits=16 case=19
NATIVE MIXED COMPONENT prefetch voices=2 total=11369 frequency=709379 bits=16 case=20
NATIVE MIXED COMPONENT prefetch voices=2 total=7752 frequency=709379 bits=16 case=21
NATIVE MIXED COMPONENT prefetch voices=2 total=7625 frequency=709379 bits=16 case=22
NATIVE MIXED COMPONENT prefetch voices=2 total=522 frequency=709379 bits=16 case=23
NATIVE MIXED COMPONENT prefetch voices=2 total=789 frequency=709379 bits=16 case=24
NATIVE MIXED COMPONENT prefetch voices=2 total=958 frequency=709379 bits=16 case=25
NATIVE MIXED COMPONENT prefetch voices=2 total=554 frequency=709379 bits=16 case=26
NATIVE MIXED COMPONENT complete voices=2 before_first=1382 first_to_last=62 last_to_return=1256 total=2700 frequency=709379 bits=16
NATIVE MIXED COMPONENT next_live voices=2 total=636 frequency=709379 bits=16
NATIVE MIXED COMPONENT current voices=16 total=332 frequency=709379 bits=16 case=0
NATIVE MIXED COMPONENT current voices=16 total=331 frequency=709379 bits=16 case=1
NATIVE MIXED COMPONENT current voices=16 total=334 frequency=709379 bits=16 case=2
NATIVE MIXED COMPONENT current voices=16 total=332 frequency=709379 bits=16 case=3
NATIVE MIXED COMPONENT next_start voices=16 total=1038 frequency=709379 bits=16
NATIVE MIXED COMPONENT prefetch voices=16 total=629 frequency=709379 bits=16 case=1
NATIVE MIXED COMPONENT prefetch voices=16 total=18306 frequency=709379 bits=16 case=2
NATIVE MIXED COMPONENT prefetch voices=16 total=1477 frequency=709379 bits=16 case=3
NATIVE MIXED COMPONENT prefetch voices=16 total=3453 frequency=709379 bits=16 case=4
NATIVE MIXED COMPONENT prefetch voices=16 total=3757 frequency=709379 bits=16 case=5
NATIVE MIXED COMPONENT prefetch voices=16 total=3561 frequency=709379 bits=16 case=6
NATIVE MIXED COMPONENT prefetch voices=16 total=3446 frequency=709379 bits=16 case=7
NATIVE MIXED COMPONENT prefetch voices=16 total=4239 frequency=709379 bits=16 case=8
NATIVE MIXED COMPONENT prefetch voices=16 total=3450 frequency=709379 bits=16 case=9
NATIVE MIXED COMPONENT prefetch voices=16 total=3580 frequency=709379 bits=16 case=10
NATIVE MIXED COMPONENT prefetch voices=16 total=4217 frequency=709379 bits=16 case=11
NATIVE MIXED COMPONENT prefetch voices=16 total=1835 frequency=709379 bits=16 case=12
NATIVE MIXED COMPONENT prefetch voices=16 total=1833 frequency=709379 bits=16 case=13
NATIVE MIXED COMPONENT prefetch voices=16 total=1794 frequency=709379 bits=16 case=14
NATIVE MIXED COMPONENT prefetch voices=16 total=1242 frequency=709379 bits=16 case=15
NATIVE MIXED COMPONENT prefetch voices=16 total=1524 frequency=709379 bits=16 case=16
NATIVE MIXED COMPONENT prefetch voices=16 total=1286 frequency=709379 bits=16 case=17
NATIVE MIXED COMPONENT prefetch voices=16 total=1286 frequency=709379 bits=16 case=18
NATIVE MIXED COMPONENT prefetch voices=16 total=4335 frequency=709379 bits=16 case=19
NATIVE MIXED COMPONENT prefetch voices=16 total=803 frequency=709379 bits=16 case=20
NATIVE MIXED COMPONENT prefetch voices=16 total=7881 frequency=709379 bits=16 case=21
NATIVE MIXED COMPONENT prefetch voices=16 total=7911 frequency=709379 bits=16 case=22
NATIVE MIXED COMPONENT prefetch voices=16 total=7502 frequency=709379 bits=16 case=23
NATIVE MIXED COMPONENT prefetch voices=16 total=22374 frequency=709379 bits=16 case=24
NATIVE MIXED COMPONENT prefetch voices=16 total=7499 frequency=709379 bits=16 case=25
NATIVE MIXED COMPONENT prefetch voices=16 total=7503 frequency=709379 bits=16 case=26
NATIVE MIXED COMPONENT prefetch voices=16 total=7742 frequency=709379 bits=16 case=27
NATIVE MIXED COMPONENT prefetch voices=16 total=7861 frequency=709379 bits=16 case=28
NATIVE MIXED COMPONENT prefetch voices=16 total=843 frequency=709379 bits=16 case=29
NATIVE MIXED COMPONENT prefetch voices=16 total=826 frequency=709379 bits=16 case=30
NATIVE MIXED COMPONENT prefetch voices=16 total=844 frequency=709379 bits=16 case=31
NATIVE MIXED COMPONENT prefetch voices=16 total=826 frequency=709379 bits=16 case=32
NATIVE MIXED COMPONENT prefetch voices=16 total=844 frequency=709379 bits=16 case=33
NATIVE MIXED COMPONENT prefetch voices=16 total=826 frequency=709379 bits=16 case=34
NATIVE MIXED COMPONENT prefetch voices=16 total=1087 frequency=709379 bits=16 case=35
NATIVE MIXED COMPONENT prefetch voices=16 total=847 frequency=709379 bits=16 case=36
NATIVE MIXED COMPONENT prefetch voices=16 total=823 frequency=709379 bits=16 case=37
NATIVE MIXED COMPONENT prefetch voices=16 total=845 frequency=709379 bits=16 case=38
NATIVE MIXED COMPONENT prefetch voices=16 total=826 frequency=709379 bits=16 case=39
NATIVE MIXED COMPONENT prefetch voices=16 total=540 frequency=709379 bits=16 case=40
NATIVE MIXED COMPONENT prefetch voices=16 total=787 frequency=709379 bits=16 case=41
NATIVE MIXED COMPONENT prefetch voices=16 total=785 frequency=709379 bits=16 case=42
NATIVE MIXED COMPONENT prefetch voices=16 total=1011 frequency=709379 bits=16 case=43
NATIVE MIXED COMPONENT prefetch voices=16 total=765 frequency=709379 bits=16 case=44
NATIVE MIXED COMPONENT prefetch voices=16 total=790 frequency=709379 bits=16 case=45
NATIVE MIXED COMPONENT prefetch voices=16 total=787 frequency=709379 bits=16 case=46
NATIVE MIXED COMPONENT prefetch voices=16 total=769 frequency=709379 bits=16 case=47
NATIVE MIXED COMPONENT prefetch voices=16 total=769 frequency=709379 bits=16 case=48
NATIVE MIXED COMPONENT prefetch voices=16 total=785 frequency=709379 bits=16 case=49
NATIVE MIXED COMPONENT prefetch voices=16 total=788 frequency=709379 bits=16 case=50
NATIVE MIXED COMPONENT prefetch voices=16 total=1448 frequency=709379 bits=16 case=51
NATIVE MIXED COMPONENT prefetch voices=16 total=787 frequency=709379 bits=16 case=52
NATIVE MIXED COMPONENT prefetch voices=16 total=672 frequency=709379 bits=16 case=53
NATIVE MIXED COMPONENT prefetch voices=16 total=686 frequency=709379 bits=16 case=54
NATIVE MIXED COMPONENT prefetch voices=16 total=671 frequency=709379 bits=16 case=55
NATIVE MIXED COMPONENT prefetch voices=16 total=687 frequency=709379 bits=16 case=56
NATIVE MIXED COMPONENT prefetch voices=16 total=673 frequency=709379 bits=16 case=57
NATIVE MIXED COMPONENT prefetch voices=16 total=686 frequency=709379 bits=16 case=58
NATIVE MIXED COMPONENT prefetch voices=16 total=938 frequency=709379 bits=16 case=59
NATIVE MIXED COMPONENT prefetch voices=16 total=668 frequency=709379 bits=16 case=60
NATIVE MIXED COMPONENT prefetch voices=16 total=685 frequency=709379 bits=16 case=61
NATIVE MIXED COMPONENT prefetch voices=16 total=671 frequency=709379 bits=16 case=62
NATIVE MIXED COMPONENT prefetch voices=16 total=684 frequency=709379 bits=16 case=63
NATIVE MIXED COMPONENT prefetch voices=16 total=666 frequency=709379 bits=16 case=64
NATIVE MIXED COMPONENT prefetch voices=16 total=1150 frequency=709379 bits=16 case=65
NATIVE MIXED COMPONENT complete voices=16 before_first=2632 first_to_last=840 last_to_return=1465 total=4937 frequency=709379 bits=16
NATIVE MIXED COMPONENT next_live voices=16 total=869 frequency=709379 bits=16
NATIVE MIXED COMPONENT current voices=2 total=341 frequency=709379 bits=24 case=0
NATIVE MIXED COMPONENT current voices=2 total=332 frequency=709379 bits=24 case=1
NATIVE MIXED COMPONENT current voices=2 total=333 frequency=709379 bits=24 case=2
NATIVE MIXED COMPONENT current voices=2 total=332 frequency=709379 bits=24 case=3
NATIVE MIXED COMPONENT next_start voices=2 total=653 frequency=709379 bits=24
NATIVE MIXED COMPONENT prefetch voices=2 total=617 frequency=709379 bits=24 case=1
NATIVE MIXED COMPONENT prefetch voices=2 total=4077 frequency=709379 bits=24 case=2
NATIVE MIXED COMPONENT prefetch voices=2 total=2052 frequency=709379 bits=24 case=3
NATIVE MIXED COMPONENT prefetch voices=2 total=3375 frequency=709379 bits=24 case=4
NATIVE MIXED COMPONENT prefetch voices=2 total=3377 frequency=709379 bits=24 case=5
NATIVE MIXED COMPONENT prefetch voices=2 total=3374 frequency=709379 bits=24 case=6
NATIVE MIXED COMPONENT prefetch voices=2 total=3363 frequency=709379 bits=24 case=7
NATIVE MIXED COMPONENT prefetch voices=2 total=3362 frequency=709379 bits=24 case=8
NATIVE MIXED COMPONENT prefetch voices=2 total=3358 frequency=709379 bits=24 case=9
NATIVE MIXED COMPONENT prefetch voices=2 total=3606 frequency=709379 bits=24 case=10
NATIVE MIXED COMPONENT prefetch voices=2 total=3765 frequency=709379 bits=24 case=11
NATIVE MIXED COMPONENT prefetch voices=2 total=1104 frequency=709379 bits=24 case=12
NATIVE MIXED COMPONENT prefetch voices=2 total=1967 frequency=709379 bits=24 case=13
NATIVE MIXED COMPONENT prefetch voices=2 total=1066 frequency=709379 bits=24 case=14
NATIVE MIXED COMPONENT prefetch voices=2 total=7502 frequency=709379 bits=24 case=15
NATIVE MIXED COMPONENT prefetch voices=2 total=7925 frequency=709379 bits=24 case=16
NATIVE MIXED COMPONENT prefetch voices=2 total=7500 frequency=709379 bits=24 case=17
NATIVE MIXED COMPONENT prefetch voices=2 total=22436 frequency=709379 bits=24 case=18
NATIVE MIXED COMPONENT prefetch voices=2 total=11373 frequency=709379 bits=24 case=19
NATIVE MIXED COMPONENT prefetch voices=2 total=7504 frequency=709379 bits=24 case=20
NATIVE MIXED COMPONENT prefetch voices=2 total=7498 frequency=709379 bits=24 case=21
NATIVE MIXED COMPONENT prefetch voices=2 total=7865 frequency=709379 bits=24 case=22
NATIVE MIXED COMPONENT prefetch voices=2 total=504 frequency=709379 bits=24 case=23
NATIVE MIXED COMPONENT prefetch voices=2 total=766 frequency=709379 bits=24 case=24
NATIVE MIXED COMPONENT prefetch voices=2 total=671 frequency=709379 bits=24 case=25
NATIVE MIXED COMPONENT prefetch voices=2 total=572 frequency=709379 bits=24 case=26
NATIVE MIXED COMPONENT complete voices=2 before_first=1383 first_to_last=60 last_to_return=1236 total=2679 frequency=709379 bits=24
NATIVE MIXED COMPONENT next_live voices=2 total=635 frequency=709379 bits=24
NATIVE MIXED COMPONENT current voices=16 total=342 frequency=709379 bits=24 case=0
NATIVE MIXED COMPONENT current voices=16 total=332 frequency=709379 bits=24 case=1
NATIVE MIXED COMPONENT current voices=16 total=332 frequency=709379 bits=24 case=2
NATIVE MIXED COMPONENT current voices=16 total=333 frequency=709379 bits=24 case=3
NATIVE MIXED COMPONENT next_start voices=16 total=1043 frequency=709379 bits=24
NATIVE MIXED COMPONENT prefetch voices=16 total=629 frequency=709379 bits=24 case=1
NATIVE MIXED COMPONENT prefetch voices=16 total=18132 frequency=709379 bits=24 case=2
NATIVE MIXED COMPONENT prefetch voices=16 total=1515 frequency=709379 bits=24 case=3
NATIVE MIXED COMPONENT prefetch voices=16 total=3562 frequency=709379 bits=24 case=4
NATIVE MIXED COMPONENT prefetch voices=16 total=3449 frequency=709379 bits=24 case=5
NATIVE MIXED COMPONENT prefetch voices=16 total=3561 frequency=709379 bits=24 case=6
NATIVE MIXED COMPONENT prefetch voices=16 total=3560 frequency=709379 bits=24 case=7
NATIVE MIXED COMPONENT prefetch voices=16 total=3461 frequency=709379 bits=24 case=8
NATIVE MIXED COMPONENT prefetch voices=16 total=3557 frequency=709379 bits=24 case=9
NATIVE MIXED COMPONENT prefetch voices=16 total=3460 frequency=709379 bits=24 case=10
NATIVE MIXED COMPONENT prefetch voices=16 total=3968 frequency=709379 bits=24 case=11
NATIVE MIXED COMPONENT prefetch voices=16 total=1835 frequency=709379 bits=24 case=12
NATIVE MIXED COMPONENT prefetch voices=16 total=2081 frequency=709379 bits=24 case=13
NATIVE MIXED COMPONENT prefetch voices=16 total=1837 frequency=709379 bits=24 case=14
NATIVE MIXED COMPONENT prefetch voices=16 total=1284 frequency=709379 bits=24 case=15
NATIVE MIXED COMPONENT prefetch voices=16 total=1287 frequency=709379 bits=24 case=16
NATIVE MIXED COMPONENT prefetch voices=16 total=1284 frequency=709379 bits=24 case=17
NATIVE MIXED COMPONENT prefetch voices=16 total=1241 frequency=709379 bits=24 case=18
NATIVE MIXED COMPONENT prefetch voices=16 total=4526 frequency=709379 bits=24 case=19
NATIVE MIXED COMPONENT prefetch voices=16 total=823 frequency=709379 bits=24 case=20
NATIVE MIXED COMPONENT prefetch voices=16 total=7929 frequency=709379 bits=24 case=21
NATIVE MIXED COMPONENT prefetch voices=16 total=7503 frequency=709379 bits=24 case=22
NATIVE MIXED COMPONENT prefetch voices=16 total=22406 frequency=709379 bits=24 case=23
NATIVE MIXED COMPONENT prefetch voices=16 total=7505 frequency=709379 bits=24 case=24
NATIVE MIXED COMPONENT prefetch voices=16 total=11407 frequency=709379 bits=24 case=25
NATIVE MIXED COMPONENT prefetch voices=16 total=7728 frequency=709379 bits=24 case=26
NATIVE MIXED COMPONENT prefetch voices=16 total=7497 frequency=709379 bits=24 case=27
NATIVE MIXED COMPONENT prefetch voices=16 total=7625 frequency=709379 bits=24 case=28
NATIVE MIXED COMPONENT prefetch voices=16 total=827 frequency=709379 bits=24 case=29
NATIVE MIXED COMPONENT prefetch voices=16 total=829 frequency=709379 bits=24 case=30
NATIVE MIXED COMPONENT prefetch voices=16 total=1086 frequency=709379 bits=24 case=31
NATIVE MIXED COMPONENT prefetch voices=16 total=829 frequency=709379 bits=24 case=32
NATIVE MIXED COMPONENT prefetch voices=16 total=845 frequency=709379 bits=24 case=33
NATIVE MIXED COMPONENT prefetch voices=16 total=829 frequency=709379 bits=24 case=34
NATIVE MIXED COMPONENT prefetch voices=16 total=847 frequency=709379 bits=24 case=35
NATIVE MIXED COMPONENT prefetch voices=16 total=828 frequency=709379 bits=24 case=36
NATIVE MIXED COMPONENT prefetch voices=16 total=842 frequency=709379 bits=24 case=37
NATIVE MIXED COMPONENT prefetch voices=16 total=828 frequency=709379 bits=24 case=38
NATIVE MIXED COMPONENT prefetch voices=16 total=1063 frequency=709379 bits=24 case=39
NATIVE MIXED COMPONENT prefetch voices=16 total=557 frequency=709379 bits=24 case=40
NATIVE MIXED COMPONENT prefetch voices=16 total=772 frequency=709379 bits=24 case=41
NATIVE MIXED COMPONENT prefetch voices=16 total=768 frequency=709379 bits=24 case=42
NATIVE MIXED COMPONENT prefetch voices=16 total=786 frequency=709379 bits=24 case=43
NATIVE MIXED COMPONENT prefetch voices=16 total=789 frequency=709379 bits=24 case=44
NATIVE MIXED COMPONENT prefetch voices=16 total=786 frequency=709379 bits=24 case=45
NATIVE MIXED COMPONENT prefetch voices=16 total=786 frequency=709379 bits=24 case=46
NATIVE MIXED COMPONENT prefetch voices=16 total=1465 frequency=709379 bits=24 case=47
NATIVE MIXED COMPONENT prefetch voices=16 total=785 frequency=709379 bits=24 case=48
NATIVE MIXED COMPONENT prefetch voices=16 total=769 frequency=709379 bits=24 case=49
NATIVE MIXED COMPONENT prefetch voices=16 total=768 frequency=709379 bits=24 case=50
NATIVE MIXED COMPONENT prefetch voices=16 total=784 frequency=709379 bits=24 case=51
NATIVE MIXED COMPONENT prefetch voices=16 total=787 frequency=709379 bits=24 case=52
NATIVE MIXED COMPONENT prefetch voices=16 total=670 frequency=709379 bits=24 case=53
NATIVE MIXED COMPONENT prefetch voices=16 total=671 frequency=709379 bits=24 case=54
NATIVE MIXED COMPONENT prefetch voices=16 total=670 frequency=709379 bits=24 case=55
NATIVE MIXED COMPONENT prefetch voices=16 total=690 frequency=709379 bits=24 case=56
NATIVE MIXED COMPONENT prefetch voices=16 total=670 frequency=709379 bits=24 case=57
NATIVE MIXED COMPONENT prefetch voices=16 total=689 frequency=709379 bits=24 case=58
NATIVE MIXED COMPONENT prefetch voices=16 total=672 frequency=709379 bits=24 case=59
NATIVE MIXED COMPONENT prefetch voices=16 total=687 frequency=709379 bits=24 case=60
NATIVE MIXED COMPONENT prefetch voices=16 total=670 frequency=709379 bits=24 case=61
NATIVE MIXED COMPONENT prefetch voices=16 total=686 frequency=709379 bits=24 case=62
NATIVE MIXED COMPONENT prefetch voices=16 total=914 frequency=709379 bits=24 case=63
NATIVE MIXED COMPONENT prefetch voices=16 total=686 frequency=709379 bits=24 case=64
NATIVE MIXED COMPONENT prefetch voices=16 total=1128 frequency=709379 bits=24 case=65
NATIVE MIXED COMPONENT complete voices=16 before_first=2375 first_to_last=833 last_to_return=1444 total=4652 frequency=709379 bits=24
NATIVE MIXED COMPONENT next_live voices=16 total=880 frequency=709379 bits=24
MIXED OWNER PASS:6 native component-cost8/16/24 scenarios, manual source/current/next/prefetch/complete public calls, bounded preparation, allocation/upload-free commit/next, global action order, resource cleanup; injected voices, no timed playback acceptance
EXEC MEMORY PASS: 66 Fast allocations, zero owned bytes, budget refusal without Chip fallback
