EDITOR RECENT loaded=2 prefix=Dev:Tests/paula-highres-ui-1790561413163720000/recent
EDITOR RECENT saved=1 count=2
EDITOR READY channels=3 patterns=1 bitmap_bytes=163840 history_bytes=104132
EDITOR FRAME row=0 channel=0 revision=0 dirty=0 status=READY - F8 PLAY / F9 PATTERN / F10 STOP panel=0
EDITOR FRAME row=0 channel=0 revision=0 dirty=0 status=PLAYING SONG - PAULA CIA panel=0
EDITOR REPLAY active=1 ticks=12 order=0 pattern=0 row=1 bpm=125 speed=6 period=428,339,285,0 volume=32,32,32,0
EDITOR FRAME row=1 channel=0 revision=0 dirty=0 status=PLAYING SONG - PAULA CIA panel=0
EDITOR REPLAY active=1 ticks=18 order=0 pattern=0 row=2 bpm=125 speed=6 period=428,339,285,0 volume=32,32,32,0
EDITOR FRAME row=2 channel=0 revision=0 dirty=0 status=PLAYING SONG - PAULA CIA panel=0
EDITOR RECENT saved=1 count=3
EDITOR SAVE result=0 dirty=0
EDITOR CADENCE frames=5 ticks50=550 peak_gap_ticks50=523
EDITOR FRAME row=2 channel=0 revision=0 dirty=0 status=PROJECT SAVED AND VERIFIED panel=0
EDITOR REPLAY active=1 ticks=545 order=0 pattern=0 row=25 bpm=125 speed=6 period=428,339,285,0 volume=32,32,32,0
EDITOR FRAME row=25 channel=0 revision=0 dirty=0 status=PROJECT SAVED AND VERIFIED panel=0
EDITOR REPLAY active=1 ticks=559 order=0 pattern=0 row=28 bpm=125 speed=6 period=428,339,285,0 volume=32,32,32,0
EDITOR FRAME row=28 channel=0 revision=0 dirty=0 status=PROJECT SAVED AND VERIFIED panel=0
EDITOR REPLAY active=1 ticks=571 order=0 pattern=0 row=30 bpm=125 speed=6 period=428,339,285,0 volume=32,32,32,0
EDITOR FRAME row=30 channel=0 revision=0 dirty=0 status=PROJECT SAVED AND VERIFIED panel=0
EDITOR REPLAY active=1 ticks=581 order=0 pattern=0 row=31 bpm=125 speed=6 period=428,339,285,0 volume=32,32,32,0
EDITOR FRAME row=31 channel=0 revision=0 dirty=0 status=PROJECT SAVED AND VERIFIED panel=0
EDITOR REPLAY active=1 ticks=591 order=0 pattern=0 row=33 bpm=125 speed=6 period=428,339,285,0 volume=32,32,32,0
EDITOR FRAME row=33 channel=0 revision=0 dirty=0 status=PROJECT SAVED AND VERIFIED panel=0
EDITOR REPLAY active=1 ticks=601 order=0 pattern=0 row=35 bpm=125 speed=6 period=428,339,285,0 volume=32,32,32,0
EDITOR FRAME row=35 channel=0 revision=0 dirty=0 status=PROJECT SAVED AND VERIFIED panel=0
EDITOR REPLAY active=1 ticks=611 order=0 pattern=0 row=36 bpm=125 speed=6 period=428,339,285,0 volume=32,32,32,0
EDITOR FRAME row=36 channel=0 revision=0 dirty=0 status=PROJECT SAVED AND VERIFIED panel=0
EDITOR REPLAY active=1 ticks=621 order=0 pattern=0 row=38 bpm=125 speed=6 period=428,339,285,0 volume=32,32,32,0
EDITOR FRAME row=38 channel=0 revision=0 dirty=0 status=PROJECT SAVED AND VERIFIED panel=0
EDITOR REPLAY active=1 ticks=631 order=0 pattern=0 row=40 bpm=125 speed=6 period=428,339,285,0 volume=32,32,32,0
EDITOR FRAME row=40 channel=0 revision=0 dirty=0 status=PROJECT SAVED AND VERIFIED panel=0
EDITOR REPLAY active=1 ticks=641 order=0 pattern=0 row=41 bpm=125 speed=6 period=428,339,285,0 volume=32,32,32,0
EDITOR CADENCE frames=10 ticks50=107 peak_gap_ticks50=12
EDITOR FRAME row=41 channel=0 revision=0 dirty=0 status=PROJECT SAVED AND VERIFIED panel=0
EDITOR REPLAY active=1 ticks=651 order=0 pattern=0 row=43 bpm=125 speed=6 period=428,339,285,0 volume=32,32,32,0
EDITOR FRAME row=43 channel=0 revision=0 dirty=0 status=PROJECT SAVED AND VERIFIED panel=0
EDITOR REPLAY active=1 ticks=661 order=0 pattern=0 row=45 bpm=125 speed=6 period=428,339,285,0 volume=32,32,32,0
EDITOR FRAME row=45 channel=0 revision=0 dirty=0 status=PROJECT SAVED AND VERIFIED panel=0
EDITOR REPLAY active=1 ticks=671 order=0 pattern=0 row=46 bpm=125 speed=6 period=428,339,285,0 volume=32,32,32,0
EDITOR FRAME row=46 channel=0 revision=0 dirty=0 status=PROJECT SAVED AND VERIFIED panel=0
EDITOR REPLAY active=1 ticks=681 order=0 pattern=0 row=48 bpm=125 speed=6 period=428,339,285,0 volume=32,32,32,0
EDITOR FRAME row=48 channel=0 revision=0 dirty=0 status=PROJECT SAVED AND VERIFIED panel=0
EDITOR REPLAY active=1 ticks=691 order=0 pattern=0 row=50 bpm=125 speed=6 period=428,339,285,0 volume=32,32,32,0
EDITOR FRAME row=50 channel=0 revision=0 dirty=0 status=PROJECT SAVED AND VERIFIED panel=0
EDITOR REPLAY active=1 ticks=701 order=0 pattern=0 row=51 bpm=125 speed=6 period=428,339,285,0 volume=32,32,32,0
EDITOR FRAME row=51 channel=0 revision=0 dirty=0 status=PROJECT SAVED AND VERIFIED panel=0
EDITOR REPLAY active=1 ticks=711 order=0 pattern=0 row=53 bpm=125 speed=6 period=428,339,285,0 volume=32,32,32,0
EDITOR FRAME row=53 channel=0 revision=0 dirty=0 status=PROJECT SAVED AND VERIFIED panel=0
EDITOR REPLAY active=1 ticks=721 order=0 pattern=0 row=55 bpm=125 speed=6 period=428,339,285,0 volume=32,32,32,0
EDITOR FRAME row=55 channel=0 revision=0 dirty=0 status=PROJECT SAVED AND VERIFIED panel=0
EDITOR REPLAY active=1 ticks=731 order=0 pattern=0 row=56 bpm=125 speed=6 period=428,339,285,0 volume=32,32,32,0
EDITOR FRAME row=56 channel=0 revision=0 dirty=0 status=PROJECT SAVED AND VERIFIED panel=0
EDITOR REPLAY active=1 ticks=741 order=0 pattern=0 row=58 bpm=125 speed=6 period=428,339,285,0 volume=32,32,32,0
EDITOR CADENCE frames=10 ticks50=100 peak_gap_ticks50=10
EDITOR FRAME row=58 channel=0 revision=0 dirty=0 status=PROJECT SAVED AND VERIFIED panel=0
EDITOR REPLAY active=1 ticks=751 order=0 pattern=0 row=60 bpm=125 speed=6 period=428,339,285,0 volume=32,32,32,0
EDITOR FRAME row=60 channel=0 revision=0 dirty=0 status=PROJECT SAVED AND VERIFIED panel=0
EDITOR REPLAY active=1 ticks=761 order=0 pattern=0 row=61 bpm=125 speed=6 period=428,339,285,0 volume=32,32,32,0
EDITOR FRAME row=61 channel=0 revision=0 dirty=0 status=PROJECT SAVED AND VERIFIED panel=0
EDITOR REPLAY active=1 ticks=771 order=0 pattern=0 row=63 bpm=125 speed=6 period=428,339,285,0 volume=32,32,32,0
EDITOR FRAME row=63 channel=0 revision=0 dirty=0 status=PROJECT SAVED AND VERIFIED panel=0
EDITOR REPLAY active=1 ticks=781 order=0 pattern=0 row=1 bpm=125 speed=6 period=428,339,285,0 volume=32,32,32,0
EDITOR FRAME row=1 channel=0 revision=0 dirty=0 status=PROJECT SAVED AND VERIFIED panel=0
EDITOR REPLAY active=1 ticks=814 order=0 pattern=0 row=6 bpm=125 speed=6 period=428,339,285,0 volume=32,32,32,0
EDITOR FRAME row=6 channel=0 revision=0 dirty=0 status=PROJECT SAVED AND VERIFIED panel=0
EDITOR REPLAY active=1 ticks=820 order=0 pattern=0 row=7 bpm=125 speed=6 period=428,339,285,0 volume=32,32,32,0
EDITOR FRAME row=7 channel=0 revision=0 dirty=0 status=PROJECT SAVED AND VERIFIED panel=0
EDITOR REPLAY active=1 ticks=824 order=0 pattern=0 row=8 bpm=125 speed=6 period=428,339,285,0 volume=32,32,32,0
EDITOR FRAME row=8 channel=0 revision=0 dirty=0 status=PROJECT SAVED AND VERIFIED panel=0
EDITOR REPLAY active=1 ticks=828 order=0 pattern=0 row=9 bpm=125 speed=6 period=428,339,285,0 volume=32,32,32,0
EDITOR FRAME row=9 channel=0 revision=0 dirty=0 status=PROJECT SAVED AND VERIFIED panel=0
EDITOR REPLAY active=1 ticks=834 order=0 pattern=0 row=10 bpm=125 speed=6 period=428,339,285,0 volume=32,32,32,0
EDITOR FRAME row=10 channel=0 revision=0 dirty=0 status=PROJECT SAVED AND VERIFIED panel=0
EDITOR REPLAY active=1 ticks=840 order=0 pattern=0 row=11 bpm=125 speed=6 period=428,339,285,0 volume=32,32,32,0
EDITOR FRAME row=11 channel=0 revision=0 dirty=0 status=PROJECT SAVED AND VERIFIED panel=0
EDITOR REPLAY active=1 ticks=846 order=0 pattern=0 row=12 bpm=125 speed=6 period=428,339,285,0 volume=32,32,32,0
EDITOR CADENCE frames=11 ticks50=100 peak_gap_ticks50=33
EDITOR FRAME row=12 channel=0 revision=0 dirty=0 status=PROJECT SAVED AND VERIFIED panel=0
EDITOR REPLAY active=1 ticks=852 order=0 pattern=0 row=13 bpm=125 speed=6 period=428,339,285,0 volume=32,32,32,0
EDITOR FRAME row=13 channel=0 revision=0 dirty=0 status=PROJECT SAVED AND VERIFIED panel=0
EDITOR REPLAY active=1 ticks=858 order=0 pattern=0 row=14 bpm=125 speed=6 period=428,339,285,0 volume=32,32,32,0
EDITOR FRAME row=14 channel=0 revision=0 dirty=0 status=PROJECT SAVED AND VERIFIED panel=0
EDITOR REPLAY active=1 ticks=864 order=0 pattern=0 row=15 bpm=125 speed=6 period=428,339,285,0 volume=32,32,32,0
EDITOR FRAME row=15 channel=0 revision=0 dirty=0 status=PROJECT SAVED AND VERIFIED panel=0
EDITOR REPLAY active=1 ticks=870 order=0 pattern=0 row=16 bpm=125 speed=6 period=428,339,285,0 volume=32,32,32,0
EDITOR FRAME row=16 channel=0 revision=0 dirty=0 status=PROJECT SAVED AND VERIFIED panel=0
EDITOR REPLAY active=1 ticks=876 order=0 pattern=0 row=17 bpm=125 speed=6 period=428,339,285,0 volume=32,32,32,0
EDITOR FRAME row=17 channel=0 revision=0 dirty=0 status=PROJECT SAVED AND VERIFIED panel=0
EDITOR REPLAY active=1 ticks=882 order=0 pattern=0 row=18 bpm=125 speed=6 period=428,339,285,0 volume=32,32,32,0
EDITOR FRAME row=18 channel=0 revision=0 dirty=0 status=PROJECT SAVED AND VERIFIED panel=0
EDITOR REPLAY active=1 ticks=888 order=0 pattern=0 row=19 bpm=125 speed=6 period=428,339,285,0 volume=32,32,32,0
EDITOR FRAME row=19 channel=0 revision=0 dirty=0 status=PROJECT SAVED AND VERIFIED panel=0
EDITOR REPLAY active=1 ticks=894 order=0 pattern=0 row=20 bpm=125 speed=6 period=428,339,285,0 volume=32,32,32,0
EDITOR FRAME row=20 channel=0 revision=0 dirty=0 status=PROJECT SAVED AND VERIFIED panel=0
EDITOR REPLAY active=1 ticks=900 order=0 pattern=0 row=21 bpm=125 speed=6 period=428,339,285,0 volume=32,32,32,0
EDITOR FRAME row=21 channel=0 revision=0 dirty=0 status=PROJECT SAVED AND VERIFIED panel=0
EDITOR REPLAY active=1 ticks=907 order=0 pattern=0 row=22 bpm=125 speed=6 period=428,339,285,0 volume=32,32,32,0
EDITOR FRAME row=22 channel=0 revision=0 dirty=0 status=PROJECT SAVED AND VERIFIED panel=0
EDITOR REPLAY active=1 ticks=912 order=0 pattern=0 row=23 bpm=125 speed=6 period=428,339,285,0 volume=32,32,32,0
EDITOR FRAME row=23 channel=0 revision=0 dirty=0 status=PROJECT SAVED AND VERIFIED panel=0
EDITOR REPLAY active=1 ticks=918 order=0 pattern=0 row=24 bpm=125 speed=6 period=428,339,285,0 volume=32,32,32,0
EDITOR FRAME row=24 channel=0 revision=0 dirty=0 status=PROJECT SAVED AND VERIFIED panel=0
EDITOR REPLAY active=1 ticks=924 order=0 pattern=0 row=25 bpm=125 speed=6 period=428,339,285,0 volume=32,32,32,0
EDITOR FRAME row=25 channel=0 revision=0 dirty=0 status=PROJECT SAVED AND VERIFIED panel=0
EDITOR REPLAY active=1 ticks=930 order=0 pattern=0 row=26 bpm=125 speed=6 period=428,339,285,0 volume=32,32,32,0
EDITOR FRAME row=26 channel=0 revision=0 dirty=0 status=PROJECT SAVED AND VERIFIED panel=0
EDITOR REPLAY active=1 ticks=936 order=0 pattern=0 row=27 bpm=125 speed=6 period=428,339,285,0 volume=32,32,32,0
EDITOR FRAME row=27 channel=0 revision=0 dirty=0 status=PROJECT SAVED AND VERIFIED panel=0
EDITOR REPLAY active=1 ticks=942 order=0 pattern=0 row=28 bpm=125 speed=6 period=428,339,285,0 volume=32,32,32,0
EDITOR FRAME row=28 channel=0 revision=0 dirty=0 status=PROJECT SAVED AND VERIFIED panel=0
EDITOR REPLAY active=1 ticks=948 order=0 pattern=0 row=29 bpm=125 speed=6 period=428,339,285,0 volume=32,32,32,0
EDITOR CADENCE frames=17 ticks50=102 peak_gap_ticks50=8
EDITOR FRAME row=29 channel=0 revision=0 dirty=0 status=PROJECT SAVED AND VERIFIED panel=0
EDITOR REPLAY active=1 ticks=954 order=0 pattern=0 row=30 bpm=125 speed=6 period=428,339,285,0 volume=32,32,32,0
EDITOR FRAME row=30 channel=0 revision=0 dirty=0 status=PROJECT SAVED AND VERIFIED panel=0
EDITOR REPLAY active=1 ticks=960 order=0 pattern=0 row=31 bpm=125 speed=6 period=428,339,285,0 volume=32,32,32,0
EDITOR FRAME row=31 channel=0 revision=0 dirty=0 status=PROJECT SAVED AND VERIFIED panel=0
EDITOR REPLAY active=1 ticks=966 order=0 pattern=0 row=32 bpm=125 speed=6 period=428,339,285,0 volume=32,32,32,0
EDITOR FRAME row=32 channel=0 revision=0 dirty=0 status=PROJECT SAVED AND VERIFIED panel=0
EDITOR REPLAY active=1 ticks=972 order=0 pattern=0 row=33 bpm=125 speed=6 period=428,339,285,0 volume=32,32,32,0
EDITOR FRAME row=33 channel=0 revision=0 dirty=0 status=PROJECT SAVED AND VERIFIED panel=0
EDITOR REPLAY active=1 ticks=978 order=0 pattern=0 row=34 bpm=125 speed=6 period=428,339,285,0 volume=32,32,32,0
EDITOR FRAME row=34 channel=0 revision=0 dirty=0 status=PROJECT SAVED AND VERIFIED panel=0
EDITOR REPLAY active=1 ticks=984 order=0 pattern=0 row=35 bpm=125 speed=6 period=428,339,285,0 volume=32,32,32,0
EDITOR FRAME row=35 channel=0 revision=0 dirty=0 status=PROJECT SAVED AND VERIFIED panel=0
EDITOR REPLAY active=1 ticks=990 order=0 pattern=0 row=36 bpm=125 speed=6 period=428,339,285,0 volume=32,32,32,0
EDITOR FRAME row=36 channel=0 revision=0 dirty=0 status=PROJECT SAVED AND VERIFIED panel=0
EDITOR REPLAY active=1 ticks=996 order=0 pattern=0 row=37 bpm=125 speed=6 period=428,339,285,0 volume=32,32,32,0
EDITOR FRAME row=37 channel=0 revision=0 dirty=0 status=PROJECT SAVED AND VERIFIED panel=0
EDITOR REPLAY active=1 ticks=1002 order=0 pattern=0 row=38 bpm=125 speed=6 period=428,339,285,0 volume=32,32,32,0
EDITOR FRAME row=38 channel=0 revision=0 dirty=0 status=PROJECT SAVED AND VERIFIED panel=0
EDITOR REPLAY active=1 ticks=1008 order=0 pattern=0 row=39 bpm=125 speed=6 period=428,339,285,0 volume=32,32,32,0
EDITOR FRAME row=39 channel=0 revision=0 dirty=0 status=PROJECT SAVED AND VERIFIED panel=0
EDITOR REPLAY active=1 ticks=1014 order=0 pattern=0 row=40 bpm=125 speed=6 period=428,339,285,0 volume=32,32,32,0
EDITOR FRAME row=40 channel=0 revision=0 dirty=0 status=PROJECT SAVED AND VERIFIED panel=0
EDITOR REPLAY active=1 ticks=1020 order=0 pattern=0 row=41 bpm=125 speed=6 period=428,339,285,0 volume=32,32,32,0
EDITOR FRAME row=41 channel=0 revision=0 dirty=0 status=PROJECT SAVED AND VERIFIED panel=0
EDITOR REPLAY active=1 ticks=1026 order=0 pattern=0 row=42 bpm=125 speed=6 period=428,339,285,0 volume=32,32,32,0
EDITOR FRAME row=42 channel=0 revision=0 dirty=0 status=PROJECT SAVED AND VERIFIED panel=0
EDITOR REPLAY active=1 ticks=1032 order=0 pattern=0 row=43 bpm=125 speed=6 period=428,339,285,0 volume=32,32,32,0
EDITOR FRAME row=43 channel=0 revision=0 dirty=0 status=PROJECT SAVED AND VERIFIED panel=0
EDITOR REPLAY active=1 ticks=1038 order=0 pattern=0 row=44 bpm=125 speed=6 period=428,339,285,0 volume=32,32,32,0
EDITOR FRAME row=44 channel=0 revision=0 dirty=0 status=PROJECT SAVED AND VERIFIED panel=0
EDITOR REPLAY active=1 ticks=1044 order=0 pattern=0 row=45 bpm=125 speed=6 period=428,339,285,0 volume=32,32,32,0
EDITOR FRAME row=45 channel=0 revision=0 dirty=0 status=PROJECT SAVED AND VERIFIED panel=0
EDITOR REPLAY active=1 ticks=1050 order=0 pattern=0 row=46 bpm=125 speed=6 period=428,339,285,0 volume=32,32,32,0
EDITOR CADENCE frames=17 ticks50=103 peak_gap_ticks50=7
EDITOR FRAME row=46 channel=0 revision=0 dirty=0 status=PROJECT SAVED AND VERIFIED panel=0
EDITOR REPLAY active=1 ticks=1056 order=0 pattern=0 row=47 bpm=125 speed=6 period=428,339,285,0 volume=32,32,32,0
EDITOR FRAME row=47 channel=0 revision=0 dirty=0 status=PROJECT SAVED AND VERIFIED panel=0
EDITOR REPLAY active=1 ticks=1062 order=0 pattern=0 row=48 bpm=125 speed=6 period=428,339,285,0 volume=32,32,32,0
EDITOR FRAME row=48 channel=0 revision=0 dirty=0 status=PROJECT SAVED AND VERIFIED panel=0
EDITOR REPLAY active=1 ticks=1068 order=0 pattern=0 row=49 bpm=125 speed=6 period=428,339,285,0 volume=32,32,32,0
EDITOR FRAME row=49 channel=0 revision=0 dirty=0 status=PROJECT SAVED AND VERIFIED panel=0
EDITOR REPLAY active=1 ticks=1074 order=0 pattern=0 row=50 bpm=125 speed=6 period=428,339,285,0 volume=32,32,32,0
EDITOR FRAME row=50 channel=0 revision=0 dirty=0 status=PROJECT SAVED AND VERIFIED panel=0
EDITOR REPLAY active=1 ticks=1080 order=0 pattern=0 row=51 bpm=125 speed=6 period=428,339,285,0 volume=32,32,32,0
EDITOR FRAME row=51 channel=0 revision=0 dirty=0 status=PROJECT SAVED AND VERIFIED panel=0
EDITOR REPLAY active=1 ticks=1086 order=0 pattern=0 row=52 bpm=125 speed=6 period=428,339,285,0 volume=32,32,32,0
EDITOR FRAME row=52 channel=0 revision=0 dirty=0 status=PROJECT SAVED AND VERIFIED panel=0
EDITOR REPLAY active=1 ticks=1092 order=0 pattern=0 row=53 bpm=125 speed=6 period=428,339,285,0 volume=32,32,32,0
EDITOR FRAME row=53 channel=0 revision=0 dirty=0 status=PROJECT SAVED AND VERIFIED panel=0
EDITOR REPLAY active=1 ticks=1098 order=0 pattern=0 row=54 bpm=125 speed=6 period=428,339,285,0 volume=32,32,32,0
EDITOR FRAME row=54 channel=0 revision=0 dirty=0 status=PROJECT SAVED AND VERIFIED panel=0
EDITOR REPLAY active=1 ticks=1104 order=0 pattern=0 row=55 bpm=125 speed=6 period=428,339,285,0 volume=32,32,32,0
EDITOR FRAME row=55 channel=0 revision=0 dirty=0 status=PROJECT SAVED AND VERIFIED panel=0
EDITOR REPLAY active=1 ticks=1110 order=0 pattern=0 row=56 bpm=125 speed=6 period=428,339,285,0 volume=32,32,32,0
EDITOR FRAME row=56 channel=0 revision=0 dirty=0 status=PROJECT SAVED AND VERIFIED panel=0
EDITOR REPLAY active=1 ticks=1116 order=0 pattern=0 row=57 bpm=125 speed=6 period=428,339,285,0 volume=32,32,32,0
EDITOR FRAME row=57 channel=0 revision=0 dirty=0 status=PROJECT SAVED AND VERIFIED panel=0
EDITOR REPLAY active=1 ticks=1122 order=0 pattern=0 row=58 bpm=125 speed=6 period=428,339,285,0 volume=32,32,32,0
EDITOR FRAME row=58 channel=0 revision=0 dirty=0 status=PROJECT SAVED AND VERIFIED panel=0
EDITOR REPLAY active=1 ticks=1128 order=0 pattern=0 row=59 bpm=125 speed=6 period=428,339,285,0 volume=32,32,32,0
EDITOR FRAME row=59 channel=0 revision=0 dirty=0 status=PROJECT SAVED AND VERIFIED panel=0
EDITOR REPLAY active=1 ticks=1134 order=0 pattern=0 row=60 bpm=125 speed=6 period=428,339,285,0 volume=32,32,32,0
EDITOR FRAME row=60 channel=0 revision=0 dirty=0 status=PROJECT SAVED AND VERIFIED panel=0
EDITOR REPLAY active=1 ticks=1140 order=0 pattern=0 row=61 bpm=125 speed=6 period=428,339,285,0 volume=32,32,32,0
EDITOR FRAME row=61 channel=0 revision=0 dirty=0 status=PROJECT SAVED AND VERIFIED panel=0
EDITOR REPLAY active=1 ticks=1146 order=0 pattern=0 row=62 bpm=125 speed=6 period=428,339,285,0 volume=32,32,32,0
EDITOR FRAME row=62 channel=0 revision=0 dirty=0 status=PROJECT SAVED AND VERIFIED panel=0
EDITOR REPLAY active=1 ticks=1152 order=0 pattern=0 row=63 bpm=125 speed=6 period=428,339,285,0 volume=32,32,32,0
EDITOR CADENCE frames=17 ticks50=101 peak_gap_ticks50=7
EDITOR FRAME row=63 channel=0 revision=0 dirty=0 status=PROJECT SAVED AND VERIFIED panel=0
EDITOR REPLAY active=1 ticks=1158 order=0 pattern=0 row=0 bpm=125 speed=6 period=428,339,285,0 volume=32,32,32,0
EDITOR FRAME row=0 channel=0 revision=0 dirty=0 status=PROJECT SAVED AND VERIFIED panel=0
EDITOR REPLAY active=1 ticks=1177 order=0 pattern=0 row=3 bpm=125 speed=6 period=428,339,285,0 volume=32,32,32,0
EDITOR FRAME row=3 channel=0 revision=0 dirty=0 status=PROJECT SAVED AND VERIFIED panel=0
EDITOR REPLAY active=1 ticks=1182 order=0 pattern=0 row=4 bpm=125 speed=6 period=428,339,285,0 volume=32,32,32,0
EDITOR FRAME row=4 channel=0 revision=0 dirty=0 status=PROJECT SAVED AND VERIFIED panel=0
EDITOR REPLAY active=1 ticks=1188 order=0 pattern=0 row=5 bpm=125 speed=6 period=428,339,285,0 volume=32,32,32,0
EDITOR FRAME row=5 channel=0 revision=0 dirty=0 status=PROJECT SAVED AND VERIFIED panel=0
EDITOR REPLAY active=1 ticks=1194 order=0 pattern=0 row=6 bpm=125 speed=6 period=428,339,285,0 volume=32,32,32,0
EDITOR FRAME row=6 channel=0 revision=0 dirty=0 status=PROJECT SAVED AND VERIFIED panel=0
EDITOR REPLAY active=1 ticks=1200 order=0 pattern=0 row=7 bpm=125 speed=6 period=428,339,285,0 volume=32,32,32,0
EDITOR FRAME row=7 channel=0 revision=0 dirty=0 status=PROJECT SAVED AND VERIFIED panel=0
EDITOR REPLAY active=1 ticks=1206 order=0 pattern=0 row=8 bpm=125 speed=6 period=428,339,285,0 volume=32,32,32,0
EDITOR FRAME row=8 channel=0 revision=0 dirty=0 status=PROJECT SAVED AND VERIFIED panel=0
EDITOR REPLAY active=1 ticks=1212 order=0 pattern=0 row=9 bpm=125 speed=6 period=428,339,285,0 volume=32,32,32,0
EDITOR FRAME row=9 channel=0 revision=0 dirty=0 status=PROJECT SAVED AND VERIFIED panel=0
EDITOR REPLAY active=1 ticks=1218 order=0 pattern=0 row=10 bpm=125 speed=6 period=428,339,285,0 volume=32,32,32,0
EDITOR FRAME row=10 channel=0 revision=0 dirty=0 status=PROJECT SAVED AND VERIFIED panel=0
EDITOR REPLAY active=1 ticks=1224 order=0 pattern=0 row=11 bpm=125 speed=6 period=428,339,285,0 volume=32,32,32,0
EDITOR FRAME row=11 channel=0 revision=0 dirty=0 status=PROJECT SAVED AND VERIFIED panel=0
EDITOR REPLAY active=1 ticks=1230 order=0 pattern=0 row=12 bpm=125 speed=6 period=428,339,285,0 volume=32,32,32,0
EDITOR FRAME row=12 channel=0 revision=0 dirty=0 status=PROJECT SAVED AND VERIFIED panel=0
EDITOR REPLAY active=1 ticks=1236 order=0 pattern=0 row=13 bpm=125 speed=6 period=428,339,285,0 volume=32,32,32,0
EDITOR FRAME row=13 channel=0 revision=0 dirty=0 status=PROJECT SAVED AND VERIFIED panel=0
EDITOR REPLAY active=1 ticks=1242 order=0 pattern=0 row=14 bpm=125 speed=6 period=428,339,285,0 volume=32,32,32,0
EDITOR FRAME row=14 channel=0 revision=0 dirty=0 status=PROJECT SAVED AND VERIFIED panel=0
EDITOR REPLAY active=1 ticks=1248 order=0 pattern=0 row=15 bpm=125 speed=6 period=428,339,285,0 volume=32,32,32,0
EDITOR FRAME row=15 channel=0 revision=0 dirty=0 status=PROJECT SAVED AND VERIFIED panel=0
EDITOR REPLAY active=1 ticks=1254 order=0 pattern=0 row=16 bpm=125 speed=6 period=428,339,285,0 volume=32,32,32,0
EDITOR CADENCE frames=15 ticks50=100 peak_gap_ticks50=6
EDITOR FRAME row=16 channel=0 revision=0 dirty=0 status=PROJECT SAVED AND VERIFIED panel=0
EDITOR REPLAY active=1 ticks=1260 order=0 pattern=0 row=17 bpm=125 speed=6 period=428,339,285,0 volume=32,32,32,0
EDITOR FRAME row=17 channel=0 revision=0 dirty=0 status=PROJECT SAVED AND VERIFIED panel=0
EDITOR REPLAY active=1 ticks=1266 order=0 pattern=0 row=18 bpm=125 speed=6 period=428,339,285,0 volume=32,32,32,0
EDITOR FRAME row=18 channel=0 revision=0 dirty=0 status=PROJECT SAVED AND VERIFIED panel=0
EDITOR REPLAY active=1 ticks=1272 order=0 pattern=0 row=19 bpm=125 speed=6 period=428,339,285,0 volume=32,32,32,0
EDITOR FRAME row=19 channel=0 revision=0 dirty=0 status=PROJECT SAVED AND VERIFIED panel=0
EDITOR REPLAY active=1 ticks=1278 order=0 pattern=0 row=20 bpm=125 speed=6 period=428,339,285,0 volume=32,32,32,0
EDITOR FRAME row=20 channel=0 revision=0 dirty=0 status=PROJECT SAVED AND VERIFIED panel=0
EDITOR REPLAY active=1 ticks=1284 order=0 pattern=0 row=21 bpm=125 speed=6 period=428,339,285,0 volume=32,32,32,0
EDITOR FRAME row=21 channel=0 revision=0 dirty=0 status=PROJECT SAVED AND VERIFIED panel=0
EDITOR REPLAY active=1 ticks=1290 order=0 pattern=0 row=22 bpm=125 speed=6 period=428,339,285,0 volume=32,32,32,0
EDITOR FRAME row=22 channel=0 revision=0 dirty=0 status=PROJECT SAVED AND VERIFIED panel=0
EDITOR REPLAY active=1 ticks=1296 order=0 pattern=0 row=23 bpm=125 speed=6 period=428,339,285,0 volume=32,32,32,0
EDITOR FRAME row=23 channel=0 revision=0 dirty=0 status=PROJECT SAVED AND VERIFIED panel=0
EDITOR REPLAY active=1 ticks=1302 order=0 pattern=0 row=24 bpm=125 speed=6 period=428,339,285,0 volume=32,32,32,0
EDITOR FRAME row=24 channel=0 revision=0 dirty=0 status=PROJECT SAVED AND VERIFIED panel=0
EDITOR REPLAY active=1 ticks=1308 order=0 pattern=0 row=25 bpm=125 speed=6 period=428,339,285,0 volume=32,32,32,0
EDITOR FRAME row=25 channel=0 revision=0 dirty=0 status=PROJECT SAVED AND VERIFIED panel=0
EDITOR REPLAY active=1 ticks=1314 order=0 pattern=0 row=26 bpm=125 speed=6 period=428,339,285,0 volume=32,32,32,0
EDITOR FRAME row=26 channel=0 revision=0 dirty=0 status=PROJECT SAVED AND VERIFIED panel=0
EDITOR REPLAY active=1 ticks=1320 order=0 pattern=0 row=27 bpm=125 speed=6 period=428,339,285,0 volume=32,32,32,0
EDITOR FRAME row=27 channel=0 revision=0 dirty=0 status=PROJECT SAVED AND VERIFIED panel=0
EDITOR REPLAY active=1 ticks=1326 order=0 pattern=0 row=28 bpm=125 speed=6 period=428,339,285,0 volume=32,32,32,0
EDITOR FRAME row=28 channel=0 revision=0 dirty=0 status=PROJECT SAVED AND VERIFIED panel=0
EDITOR REPLAY active=1 ticks=1332 order=0 pattern=0 row=29 bpm=125 speed=6 period=428,339,285,0 volume=32,32,32,0
EDITOR FRAME row=29 channel=0 revision=0 dirty=0 status=PROJECT SAVED AND VERIFIED panel=0
EDITOR REPLAY active=1 ticks=1338 order=0 pattern=0 row=30 bpm=125 speed=6 period=428,339,285,0 volume=32,32,32,0
EDITOR FRAME row=30 channel=0 revision=0 dirty=0 status=PROJECT SAVED AND VERIFIED panel=0
EDITOR REPLAY active=1 ticks=1344 order=0 pattern=0 row=31 bpm=125 speed=6 period=428,339,285,0 volume=32,32,32,0
EDITOR FRAME row=31 channel=0 revision=0 dirty=0 status=PROJECT SAVED AND VERIFIED panel=0
EDITOR REPLAY active=1 ticks=1350 order=0 pattern=0 row=32 bpm=125 speed=6 period=428,339,285,0 volume=32,32,32,0
EDITOR FRAME row=32 channel=0 revision=0 dirty=0 status=PROJECT SAVED AND VERIFIED panel=0
EDITOR REPLAY active=1 ticks=1356 order=0 pattern=0 row=33 bpm=125 speed=6 period=428,339,285,0 volume=32,32,32,0
EDITOR CADENCE frames=17 ticks50=104 peak_gap_ticks50=9
EDITOR FRAME row=33 channel=0 revision=0 dirty=0 status=PROJECT SAVED AND VERIFIED panel=0
EDITOR REPLAY active=1 ticks=1362 order=0 pattern=0 row=34 bpm=125 speed=6 period=428,339,285,0 volume=32,32,32,0
EDITOR FRAME row=34 channel=0 revision=0 dirty=0 status=PROJECT SAVED AND VERIFIED panel=0
EDITOR REPLAY active=1 ticks=1368 order=0 pattern=0 row=35 bpm=125 speed=6 period=428,339,285,0 volume=32,32,32,0
EDITOR FRAME row=35 channel=0 revision=0 dirty=0 status=PROJECT SAVED AND VERIFIED panel=0
EDITOR REPLAY active=1 ticks=1374 order=0 pattern=0 row=36 bpm=125 speed=6 period=428,339,285,0 volume=32,32,32,0
EDITOR FRAME row=36 channel=0 revision=0 dirty=0 status=PROJECT SAVED AND VERIFIED panel=0
EDITOR REPLAY active=1 ticks=1380 order=0 pattern=0 row=37 bpm=125 speed=6 period=428,339,285,0 volume=32,32,32,0
EDITOR FRAME row=37 channel=0 revision=0 dirty=0 status=PROJECT SAVED AND VERIFIED panel=0
EDITOR REPLAY active=1 ticks=1386 order=0 pattern=0 row=38 bpm=125 speed=6 period=428,339,285,0 volume=32,32,32,0
EDITOR FRAME row=38 channel=0 revision=0 dirty=0 status=PROJECT SAVED AND VERIFIED panel=0
EDITOR REPLAY active=1 ticks=1392 order=0 pattern=0 row=39 bpm=125 speed=6 period=428,339,285,0 volume=32,32,32,0
EDITOR FRAME row=39 channel=0 revision=0 dirty=0 status=PROJECT SAVED AND VERIFIED panel=0
EDITOR REPLAY active=1 ticks=1398 order=0 pattern=0 row=40 bpm=125 speed=6 period=428,339,285,0 volume=32,32,32,0
EDITOR FRAME row=40 channel=0 revision=0 dirty=0 status=PROJECT SAVED AND VERIFIED panel=0
EDITOR REPLAY active=1 ticks=1404 order=0 pattern=0 row=41 bpm=125 speed=6 period=428,339,285,0 volume=32,32,32,0
EDITOR FRAME row=41 channel=0 revision=0 dirty=0 status=PROJECT SAVED AND VERIFIED panel=0
EDITOR REPLAY active=1 ticks=1410 order=0 pattern=0 row=42 bpm=125 speed=6 period=428,339,285,0 volume=32,32,32,0
EDITOR FRAME row=42 channel=0 revision=0 dirty=0 status=PROJECT SAVED AND VERIFIED panel=0
EDITOR REPLAY active=1 ticks=1416 order=0 pattern=0 row=43 bpm=125 speed=6 period=428,339,285,0 volume=32,32,32,0
EDITOR FRAME row=43 channel=0 revision=0 dirty=0 status=PROJECT SAVED AND VERIFIED panel=0
EDITOR REPLAY active=1 ticks=1422 order=0 pattern=0 row=44 bpm=125 speed=6 period=428,339,285,0 volume=32,32,32,0
EDITOR FRAME row=44 channel=0 revision=0 dirty=0 status=PROJECT SAVED AND VERIFIED panel=0
EDITOR REPLAY active=1 ticks=1428 order=0 pattern=0 row=45 bpm=125 speed=6 period=428,339,285,0 volume=32,32,32,0
EDITOR FRAME row=45 channel=0 revision=0 dirty=0 status=PROJECT SAVED AND VERIFIED panel=0
EDITOR REPLAY active=1 ticks=1434 order=0 pattern=0 row=46 bpm=125 speed=6 period=428,339,285,0 volume=32,32,32,0
EDITOR FRAME row=46 channel=0 revision=0 dirty=0 status=PROJECT SAVED AND VERIFIED panel=0
EDITOR REPLAY active=1 ticks=1440 order=0 pattern=0 row=47 bpm=125 speed=6 period=428,339,285,0 volume=32,32,32,0
EDITOR FRAME row=47 channel=0 revision=0 dirty=0 status=PROJECT SAVED AND VERIFIED panel=0
EDITOR REPLAY active=1 ticks=1446 order=0 pattern=0 row=48 bpm=125 speed=6 period=428,339,285,0 volume=32,32,32,0
EDITOR FRAME row=48 channel=0 revision=0 dirty=0 status=PROJECT SAVED AND VERIFIED panel=0
EDITOR REPLAY active=1 ticks=1452 order=0 pattern=0 row=49 bpm=125 speed=6 period=428,339,285,0 volume=32,32,32,0
EDITOR FRAME row=49 channel=0 revision=0 dirty=0 status=PROJECT SAVED AND VERIFIED panel=0
EDITOR REPLAY active=1 ticks=1458 order=0 pattern=0 row=50 bpm=125 speed=6 period=428,339,285,0 volume=32,32,32,0
EDITOR CADENCE frames=17 ticks50=103 peak_gap_ticks50=7
EDITOR FRAME row=50 channel=0 revision=0 dirty=0 status=PROJECT SAVED AND VERIFIED panel=0
EDITOR REPLAY active=1 ticks=1464 order=0 pattern=0 row=51 bpm=125 speed=6 period=428,339,285,0 volume=32,32,32,0
EDITOR FRAME row=51 channel=0 revision=0 dirty=0 status=PROJECT SAVED AND VERIFIED panel=0
EDITOR REPLAY active=1 ticks=1470 order=0 pattern=0 row=52 bpm=125 speed=6 period=428,339,285,0 volume=32,32,32,0
EDITOR FRAME row=52 channel=0 revision=0 dirty=0 status=PROJECT SAVED AND VERIFIED panel=0
EDITOR REPLAY active=1 ticks=1476 order=0 pattern=0 row=53 bpm=125 speed=6 period=428,339,285,0 volume=32,32,32,0
EDITOR FRAME row=53 channel=0 revision=0 dirty=0 status=PROJECT SAVED AND VERIFIED panel=0
EDITOR REPLAY active=1 ticks=1482 order=0 pattern=0 row=54 bpm=125 speed=6 period=428,339,285,0 volume=32,32,32,0
EDITOR FRAME row=54 channel=0 revision=0 dirty=0 status=PROJECT SAVED AND VERIFIED panel=0
EDITOR REPLAY active=1 ticks=1488 order=0 pattern=0 row=55 bpm=125 speed=6 period=428,339,285,0 volume=32,32,32,0
EDITOR FRAME row=55 channel=0 revision=0 dirty=0 status=STOPPED - AUDIO RELEASED panel=0
EDITOR EXIT clean
