sampler.o: src/editor/sampler.c \
 $SDK/m68k-amigaos/libnix/include/string.h \
 $SDK/m68k-amigaos/sys-include/sys/cdefs.h \
 $SDK/m68k-amigaos/sys-include/machine/_default_types.h \
 $SDK/m68k-amigaos/sys-include/sys/features.h \
 $SDK/m68k-amigaos/libnix/include/_newlib_version.h \
 $SDK/lib/gcc/m68k-amigaos/6.5.0b/include/stddef.h \
 $SDK/m68k-amigaos/sys-include/sys/types.h \
 $SDK/m68k-amigaos/sys-include/_ansi.h \
 $SDK/m68k-amigaos/sys-include/newlib.h \
 $SDK/m68k-amigaos/sys-include/sys/config.h \
 $SDK/m68k-amigaos/sys-include/machine/ieeefp.h \
 $SDK/m68k-amigaos/sys-include/machine/_types.h \
 $SDK/m68k-amigaos/sys-include/sys/_types.h \
 $SDK/m68k-amigaos/sys-include/sys/lock.h \
 $SDK/m68k-amigaos/sys-include/sys/_stdint.h \
 $SDK/m68k-amigaos/sys-include/sys/_pthreadtypes.h \
 $SDK/m68k-amigaos/sys-include/machine/types.h \
 $SDK/m68k-amigaos/libnix/include/strsup.h \
 $SDK/m68k-amigaos/sys-include/limits.h \
 $SDK/m68k-amigaos/sys-include/machine/limits.h \
 $SDK/m68k-amigaos/libnix/include/stdio.h \
 $SDK/lib/gcc/m68k-amigaos/6.5.0b/include/stdarg.h \
 src/editor/sampler.h src/core/pattern.h src/core/project.h \
 src/core/channels.h \
 $SDK/m68k-amigaos/sys-include/stdint.h \
 $SDK/m68k-amigaos/sys-include/sys/_intsup.h \
 src/core/pcm.h src/core/document.h src/core/mod_inspect.h \
 src/core/pp20.h src/core/slices.h src/core/svx.h src/core/raw.h \
 src/editor/sampler_internal.h src/editor/../core/pcm_internal.h \
 src/editor/../core/pcm.h src/core/wav.h src/editor/sampler_workflow.h \
 src/editor/../core/sample_usage.h src/editor/../core/project.h \
 src/core/mod_project.h src/editor/sampler_master_guard_internal.h
