sampler_paula.o: src/editor/sampler_paula.c \
 $SDK/m68k-amigaos/libnix/include/string.h \
 $SDK/m68k-amigaos/sys-include/sys/cdefs.h \
 $SDK/m68k-amigaos/sys-include/machine/_default_types.h \
 $SDK/m68k-amigaos/sys-include/sys/features.h \
 $SDK/m68k-amigaos/libnix/include/_newlib_version.h \
 $SDK/lib/gcc/m68k-amigaos/6.5.0b/include/stddef.h \
 $SDK/m68k-amigaos/sys-include/sys/types.h \
 $SDK/m68k-amigaos/sys-include/_ansi.h \
 $SDK/m68k-amigaos/sys-include/newlib.h \
 $SDK/m68k-amigaos/sys-include/sys/config.h \
 $SDK/m68k-amigaos/sys-include/machine/ieeefp.h \
 $SDK/m68k-amigaos/sys-include/machine/_types.h \
 $SDK/m68k-amigaos/sys-include/sys/_types.h \
 $SDK/m68k-amigaos/sys-include/sys/lock.h \
 $SDK/m68k-amigaos/sys-include/sys/_stdint.h \
 $SDK/m68k-amigaos/sys-include/sys/_pthreadtypes.h \
 $SDK/m68k-amigaos/sys-include/machine/types.h \
 $SDK/m68k-amigaos/libnix/include/strsup.h \
 src/editor/sampler_paula.h src/editor/sampler.h src/core/pattern.h \
 src/core/project.h src/core/channels.h \
 $SDK/m68k-amigaos/sys-include/stdint.h \
 $SDK/m68k-amigaos/sys-include/sys/_intsup.h \
 src/core/pcm.h src/core/document.h src/core/mod_inspect.h \
 src/core/pp20.h src/core/slices.h src/core/svx.h src/core/raw.h \
 src/editor/../core/playback_pcm.h src/editor/../core/pcm.h \
 src/editor/../core/sample_cache.h src/editor/sampler_paula_internal.h \
 src/editor/sampler_internal.h src/editor/project_snapshot.h \
 src/editor/../core/project.h src/editor/../core/playback_internal.h \
 src/editor/../core/amigus_wavetable_cache.h \
 src/editor/../core/amigus_reservation.h \
 src/editor/../core/amigus_sample_ram.h src/editor/../core/playback_pcm.h
