sampler_mixed_activation_test.o: tests/sampler_mixed_activation_test.c \
 tests/sampler_mixed_readers_test.c tests/mixed_scheduled_readers_test.c \
 tests/amigus_wavetable_cache_test.c tests/amigus_reservation_test.c \
 src/core/amigus_reservation.h \
 $SDK/m68k-amigaos/sys-include/assert.h \
 $SDK/m68k-amigaos/sys-include/_ansi.h \
 $SDK/m68k-amigaos/sys-include/newlib.h \
 $SDK/m68k-amigaos/libnix/include/_newlib_version.h \
 $SDK/m68k-amigaos/sys-include/sys/config.h \
 $SDK/m68k-amigaos/sys-include/machine/ieeefp.h \
 $SDK/m68k-amigaos/sys-include/sys/features.h \
 $SDK/m68k-amigaos/libnix/include/stdio.h \
 $SDK/m68k-amigaos/libnix/include/string.h \
 $SDK/m68k-amigaos/sys-include/sys/cdefs.h \
 $SDK/m68k-amigaos/sys-include/machine/_default_types.h \
 $SDK/lib/gcc/m68k-amigaos/6.5.0b/include/stddef.h \
 $SDK/m68k-amigaos/sys-include/sys/types.h \
 $SDK/m68k-amigaos/sys-include/_ansi.h \
 $SDK/m68k-amigaos/sys-include/machine/_types.h \
 $SDK/m68k-amigaos/sys-include/sys/_types.h \
 $SDK/m68k-amigaos/sys-include/sys/lock.h \
 $SDK/m68k-amigaos/sys-include/sys/_stdint.h \
 $SDK/m68k-amigaos/sys-include/sys/_pthreadtypes.h \
 $SDK/m68k-amigaos/sys-include/machine/types.h \
 $SDK/m68k-amigaos/libnix/include/strsup.h \
 $SDK/lib/gcc/m68k-amigaos/6.5.0b/include/stdarg.h \
 $SDK/m68k-amigaos/libnix/include/stdlib.h \
 $SDK/m68k-amigaos/sys-include/stdlib.h \
 $SDK/m68k-amigaos/libnix/include/errno.h \
 $SDK/m68k-amigaos/libnix/include/sys/errno.h \
 $SDK/m68k-amigaos/sys-include/sys/errno.h \
 $SDK/m68k-amigaos/libnix/include/sys/reent.h \
 $SDK/m68k-amigaos/sys-include/machine/stdlib.h \
 src/core/playback_internal.h src/core/amigus_wavetable_cache.h \
 src/core/amigus_reservation.h src/core/amigus_sample_ram.h \
 src/core/sample_cache.h \
 $SDK/m68k-amigaos/sys-include/stdint.h \
 $SDK/m68k-amigaos/sys-include/sys/_intsup.h \
 src/core/playback_pcm.h src/core/pcm.h \
 tests/../src/core/mixed_scheduled_readers.h tests/../src/core/document.h \
 tests/../src/core/project.h tests/../src/core/channels.h \
 tests/../src/core/pcm.h tests/../src/core/mod_inspect.h \
 tests/../src/core/pp20.h tests/../src/core/elapsed_clock.h \
 tests/../src/core/amigus_voice_plan.h tests/../src/core/playback_pcm.h \
 tests/../src/editor/sampler_paula.h tests/../src/editor/sampler.h \
 src/core/pattern.h src/core/project.h src/core/document.h \
 src/core/slices.h src/core/svx.h src/core/raw.h \
 tests/../src/editor/../core/playback_pcm.h \
 tests/../src/editor/sampler_wavetable.h \
 tests/../src/editor/../core/amigus_wavetable_cache.h \
 tests/../src/editor/sampler_internal.h \
 tests/../src/editor/sampler_mixed_readers.h \
 tests/../src/editor/../core/mixed_scheduled_readers.h \
 tests/../src/core/mixed_readers_activation.h \
 tests/../src/core/mixed_scheduled_readers.h
