wav.o: src/core/wav.c \
 $SDK/m68k-amigaos/libnix/include/string.h \
 $SDK/m68k-amigaos/sys-include/sys/cdefs.h \
 $SDK/m68k-amigaos/sys-include/machine/_default_types.h \
 $SDK/m68k-amigaos/sys-include/sys/features.h \
 $SDK/m68k-amigaos/libnix/include/_newlib_version.h \
 $SDK/lib/gcc/m68k-amigaos/6.5.0b/include/stddef.h \
 $SDK/m68k-amigaos/sys-include/sys/types.h \
 $SDK/m68k-amigaos/sys-include/_ansi.h \
 $SDK/m68k-amigaos/sys-include/newlib.h \
 $SDK/m68k-amigaos/sys-include/sys/config.h \
 $SDK/m68k-amigaos/sys-include/machine/ieeefp.h \
 $SDK/m68k-amigaos/sys-include/machine/_types.h \
 $SDK/m68k-amigaos/sys-include/sys/_types.h \
 $SDK/m68k-amigaos/sys-include/sys/lock.h \
 $SDK/m68k-amigaos/sys-include/sys/_stdint.h \
 $SDK/m68k-amigaos/sys-include/sys/_pthreadtypes.h \
 $SDK/m68k-amigaos/sys-include/machine/types.h \
 $SDK/m68k-amigaos/libnix/include/strsup.h \
 src/core/wav.h src/core/pcm.h \
 $SDK/m68k-amigaos/sys-include/stdint.h \
 $SDK/m68k-amigaos/sys-include/sys/_intsup.h
