playback_pcm.o: src/core/playback_pcm.c src/core/playback_internal.h \
 src/core/amigus_wavetable_cache.h src/core/amigus_reservation.h \
 src/core/amigus_sample_ram.h src/core/sample_cache.h \
 $SDK/lib/gcc/m68k-amigaos/6.5.0b/include/stddef.h \
 $SDK/m68k-amigaos/sys-include/stdint.h \
 $SDK/m68k-amigaos/sys-include/machine/_default_types.h \
 $SDK/m68k-amigaos/sys-include/sys/features.h \
 $SDK/m68k-amigaos/libnix/include/_newlib_version.h \
 $SDK/m68k-amigaos/sys-include/sys/_intsup.h \
 $SDK/m68k-amigaos/sys-include/sys/_stdint.h \
 src/core/playback_pcm.h src/core/pcm.h src/core/pcm_internal.h \
 $SDK/m68k-amigaos/libnix/include/string.h \
 $SDK/m68k-amigaos/sys-include/sys/cdefs.h \
 $SDK/m68k-amigaos/sys-include/sys/types.h \
 $SDK/m68k-amigaos/sys-include/_ansi.h \
 $SDK/m68k-amigaos/sys-include/newlib.h \
 $SDK/m68k-amigaos/sys-include/sys/config.h \
 $SDK/m68k-amigaos/sys-include/machine/ieeefp.h \
 $SDK/m68k-amigaos/sys-include/machine/_types.h \
 $SDK/m68k-amigaos/sys-include/sys/_types.h \
 $SDK/m68k-amigaos/sys-include/sys/lock.h \
 $SDK/m68k-amigaos/sys-include/sys/_pthreadtypes.h \
 $SDK/m68k-amigaos/sys-include/machine/types.h \
 $SDK/m68k-amigaos/libnix/include/strsup.h
