mixed_scheduled_readers.o: src/core/mixed_scheduled_readers.c \
 src/core/mixed_scheduled_readers.h src/core/document.h \
 src/core/project.h src/core/channels.h \
 $SDK/m68k-amigaos/sys-include/stdint.h \
 $SDK/m68k-amigaos/sys-include/machine/_default_types.h \
 $SDK/m68k-amigaos/sys-include/sys/features.h \
 $SDK/m68k-amigaos/libnix/include/_newlib_version.h \
 $SDK/m68k-amigaos/sys-include/sys/_intsup.h \
 $SDK/m68k-amigaos/sys-include/sys/_stdint.h \
 src/core/pcm.h \
 $SDK/lib/gcc/m68k-amigaos/6.5.0b/include/stddef.h \
 src/core/mod_inspect.h src/core/pp20.h src/core/elapsed_clock.h \
 src/core/amigus_voice_plan.h src/core/playback_pcm.h \
 src/core/sample_cache.h \
 $SDK/m68k-amigaos/libnix/include/string.h \
 $SDK/m68k-amigaos/sys-include/sys/cdefs.h \
 $SDK/m68k-amigaos/sys-include/sys/types.h \
 $SDK/m68k-amigaos/sys-include/_ansi.h \
 $SDK/m68k-amigaos/sys-include/newlib.h \
 $SDK/m68k-amigaos/sys-include/sys/config.h \
 $SDK/m68k-amigaos/sys-include/machine/ieeefp.h \
 $SDK/m68k-amigaos/sys-include/machine/_types.h \
 $SDK/m68k-amigaos/sys-include/sys/_types.h \
 $SDK/m68k-amigaos/sys-include/sys/lock.h \
 $SDK/m68k-amigaos/sys-include/sys/_pthreadtypes.h \
 $SDK/m68k-amigaos/sys-include/machine/types.h \
 $SDK/m68k-amigaos/libnix/include/strsup.h
