PTFIXTURE BEGIN MASTER_ESTABLISH_PROGRESS_V1
PTPROGRESS 1 OWNER BEGIN 8 0
PTPROGRESS 2 OWNER END 8 0
PTPROGRESS 3 OWNER BEGIN 8 1
PTPROGRESS 4 OWNER END 8 1
PTPROGRESS 5 OWNER BEGIN 8 2
PTPROGRESS 6 OWNER END 8 2
PTPROGRESS 7 OWNER BEGIN 8 3
PTPROGRESS 8 OWNER END 8 3
PTPROGRESS 9 OWNER BEGIN 8 4
PTPROGRESS 10 OWNER END 8 4
PTPROGRESS 11 OWNER BEGIN 8 5
PTPROGRESS 12 OWNER END 8 5
PTPROGRESS 13 OWNER BEGIN 8 6
PTPROGRESS 14 OWNER END 8 6
PTPROGRESS 15 OWNER BEGIN 8 7
PTPROGRESS 16 OWNER END 8 7
PTPROGRESS 17 OWNER BEGIN 8 8
PTPROGRESS 18 OWNER END 8 8
PTPROGRESS 19 OWNER BEGIN 8 9
PTPROGRESS 20 OWNER END 8 9
PTPROGRESS 21 OWNER BEGIN 8 10
PTPROGRESS 22 OWNER END 8 10
PTPROGRESS 23 OWNER BEGIN 8 11
PTPROGRESS 24 OWNER END 8 11
PTPROGRESS 25 OWNER BEGIN 8 12
PTPROGRESS 26 OWNER END 8 12
PTPROGRESS 27 OWNER BEGIN 8 13
PTPROGRESS 28 OWNER END 8 13
PTPROGRESS 29 OWNER BEGIN 8 14
PTPROGRESS 30 OWNER END 8 14
PTPROGRESS 31 OWNER BEGIN 8 15
PTPROGRESS 32 OWNER END 8 15
PTPROGRESS 33 OWNER BEGIN 8 16
PTPROGRESS 34 OWNER END 8 16
PTPROGRESS 35 OWNER BEGIN 8 17
PTPROGRESS 36 OWNER END 8 17
PTPROGRESS 37 OWNER BEGIN 8 18
PTPROGRESS 38 OWNER END 8 18
PTPROGRESS 39 OWNER BEGIN 8 19
PTPROGRESS 40 OWNER END 8 19
PTPROGRESS 41 OWNER BEGIN 8 20
PTPROGRESS 42 OWNER END 8 20
PTPROGRESS 43 OWNER BEGIN 8 21
PTPROGRESS 44 OWNER END 8 21
PTPROGRESS 45 OWNER BEGIN 8 22
PTPROGRESS 46 OWNER END 8 22
PTPROGRESS 47 OWNER BEGIN 8 23
PTPROGRESS 48 OWNER END 8 23
PTPROGRESS 49 OWNER BEGIN 8 24
PTPROGRESS 50 OWNER END 8 24
PTPROGRESS 51 OWNER BEGIN 8 25
PTPROGRESS 52 OWNER END 8 25
PTPROGRESS 53 OWNER BEGIN 8 26
PTPROGRESS 54 OWNER END 8 26
PTPROGRESS 55 OWNER BEGIN 8 27
PTPROGRESS 56 OWNER END 8 27
PTPROGRESS 57 OWNER BEGIN 8 28
PTPROGRESS 58 OWNER END 8 28
PTPROGRESS 59 OWNER BEGIN 8 29
PTPROGRESS 60 OWNER END 8 29
PTPROGRESS 61 OWNER BEGIN 8 30
PTPROGRESS 62 OWNER END 8 30
PTPROGRESS 63 OWNER BEGIN 8 31
PTPROGRESS 64 OWNER END 8 31
PTPROGRESS 65 OWNER BEGIN 8 32
PTPROGRESS 66 OWNER END 8 32
PTPROGRESS 67 OWNER BEGIN 8 33
PTPROGRESS 68 OWNER END 8 33
PTPROGRESS 69 OWNER BEGIN 8 34
PTPROGRESS 70 OWNER END 8 34
PTPROGRESS 71 OWNER BEGIN 8 35
PTPROGRESS 72 OWNER END 8 35
PTPROGRESS 73 OWNER BEGIN 8 36
PTPROGRESS 74 OWNER END 8 36
PTPROGRESS 75 OWNER BEGIN 8 37
PTPROGRESS 76 OWNER END 8 37
PTPROGRESS 77 OWNER BEGIN 8 38
PTPROGRESS 78 OWNER END 8 38
PTPROGRESS 79 OWNER BEGIN 8 39
PTPROGRESS 80 OWNER END 8 39
PTPROGRESS 81 OWNER BEGIN 8 40
PTPROGRESS 82 OWNER END 8 40
PTPROGRESS 83 OWNER BEGIN 8 41
PTPROGRESS 84 OWNER END 8 41
PTPROGRESS 85 OWNER BEGIN 8 42
PTPROGRESS 86 OWNER END 8 42
PTPROGRESS 87 OWNER BEGIN 8 43
PTPROGRESS 88 OWNER END 8 43
PTPROGRESS 89 OWNER BEGIN 8 44
PTPROGRESS 90 OWNER END 8 44
PTPROGRESS 91 OWNER BEGIN 8 45
PTPROGRESS 92 OWNER END 8 45
PTPROGRESS 93 OWNER BEGIN 8 46
PTPROGRESS 94 OWNER END 8 46
PTPROGRESS 95 OWNER BEGIN 8 47
PTPROGRESS 96 OWNER END 8 47
PTPROGRESS 97 OWNER BEGIN 8 48
PTPROGRESS 98 OWNER END 8 48
PTPROGRESS 99 OWNER BEGIN 8 49
PTPROGRESS 100 OWNER END 8 49
PTPROGRESS 101 OWNER BEGIN 8 50
PTPROGRESS 102 OWNER END 8 50
PTPROGRESS 103 OWNER BEGIN 8 51
PTPROGRESS 104 OWNER END 8 51
PTPROGRESS 105 OWNER BEGIN 8 52
PTPROGRESS 106 OWNER END 8 52
PTPROGRESS 107 OWNER BEGIN 8 53
PTPROGRESS 108 OWNER END 8 53
PTPROGRESS 109 OWNER BEGIN 8 54
PTPROGRESS 110 OWNER END 8 54
PTPROGRESS 111 OWNER BEGIN 8 55
PTPROGRESS 112 OWNER END 8 55
PTPROGRESS 113 OWNER BEGIN 16 0
PTPROGRESS 114 OWNER END 16 0
PTPROGRESS 115 OWNER BEGIN 16 1
PTPROGRESS 116 OWNER END 16 1
PTPROGRESS 117 OWNER BEGIN 16 2
PTPROGRESS 118 OWNER END 16 2
PTPROGRESS 119 OWNER BEGIN 16 3
PTPROGRESS 120 OWNER END 16 3
PTPROGRESS 121 OWNER BEGIN 16 4
PTPROGRESS 122 OWNER END 16 4
PTPROGRESS 123 OWNER BEGIN 16 5
PTPROGRESS 124 OWNER END 16 5
PTPROGRESS 125 OWNER BEGIN 16 6
PTPROGRESS 126 OWNER END 16 6
PTPROGRESS 127 OWNER BEGIN 16 7
PTPROGRESS 128 OWNER END 16 7
PTPROGRESS 129 OWNER BEGIN 16 8
PTPROGRESS 130 OWNER END 16 8
PTPROGRESS 131 OWNER BEGIN 16 9
PTPROGRESS 132 OWNER END 16 9
PTPROGRESS 133 OWNER BEGIN 16 10
PTPROGRESS 134 OWNER END 16 10
PTPROGRESS 135 OWNER BEGIN 16 11
PTPROGRESS 136 OWNER END 16 11
PTPROGRESS 137 OWNER BEGIN 16 12
PTPROGRESS 138 OWNER END 16 12
PTPROGRESS 139 OWNER BEGIN 16 13
PTPROGRESS 140 OWNER END 16 13
PTPROGRESS 141 OWNER BEGIN 16 14
PTPROGRESS 142 OWNER END 16 14
PTPROGRESS 143 OWNER BEGIN 16 15
PTPROGRESS 144 OWNER END 16 15
PTPROGRESS 145 OWNER BEGIN 16 16
PTPROGRESS 146 OWNER END 16 16
PTPROGRESS 147 OWNER BEGIN 16 17
PTPROGRESS 148 OWNER END 16 17
PTPROGRESS 149 OWNER BEGIN 16 18
PTPROGRESS 150 OWNER END 16 18
PTPROGRESS 151 OWNER BEGIN 16 19
PTPROGRESS 152 OWNER END 16 19
PTPROGRESS 153 OWNER BEGIN 16 20
PTPROGRESS 154 OWNER END 16 20
PTPROGRESS 155 OWNER BEGIN 16 21
PTPROGRESS 156 OWNER END 16 21
PTPROGRESS 157 OWNER BEGIN 16 22
PTPROGRESS 158 OWNER END 16 22
PTPROGRESS 159 OWNER BEGIN 16 23
PTPROGRESS 160 OWNER END 16 23
PTPROGRESS 161 OWNER BEGIN 16 24
PTPROGRESS 162 OWNER END 16 24
PTPROGRESS 163 OWNER BEGIN 16 25
PTPROGRESS 164 OWNER END 16 25
PTPROGRESS 165 OWNER BEGIN 16 26
PTPROGRESS 166 OWNER END 16 26
PTPROGRESS 167 OWNER BEGIN 16 27
PTPROGRESS 168 OWNER END 16 27
PTPROGRESS 169 OWNER BEGIN 16 28
PTPROGRESS 170 OWNER END 16 28
PTPROGRESS 171 OWNER BEGIN 16 29
PTPROGRESS 172 OWNER END 16 29
PTPROGRESS 173 OWNER BEGIN 16 30
PTPROGRESS 174 OWNER END 16 30
PTPROGRESS 175 OWNER BEGIN 16 31
PTPROGRESS 176 OWNER END 16 31
PTPROGRESS 177 OWNER BEGIN 16 32
PTPROGRESS 178 OWNER END 16 32
PTPROGRESS 179 OWNER BEGIN 16 33
PTPROGRESS 180 OWNER END 16 33
PTPROGRESS 181 OWNER BEGIN 16 34
PTPROGRESS 182 OWNER END 16 34
PTPROGRESS 183 OWNER BEGIN 16 35
PTPROGRESS 184 OWNER END 16 35
PTPROGRESS 185 OWNER BEGIN 16 36
PTPROGRESS 186 OWNER END 16 36
PTPROGRESS 187 OWNER BEGIN 16 37
PTPROGRESS 188 OWNER END 16 37
PTPROGRESS 189 OWNER BEGIN 16 38
PTPROGRESS 190 OWNER END 16 38
PTPROGRESS 191 OWNER BEGIN 16 39
PTPROGRESS 192 OWNER END 16 39
PTPROGRESS 193 OWNER BEGIN 16 40
PTPROGRESS 194 OWNER END 16 40
PTPROGRESS 195 OWNER BEGIN 16 41
PTPROGRESS 196 OWNER END 16 41
PTPROGRESS 197 OWNER BEGIN 16 42
PTPROGRESS 198 OWNER END 16 42
PTPROGRESS 199 OWNER BEGIN 16 43
PTPROGRESS 200 OWNER END 16 43
PTPROGRESS 201 OWNER BEGIN 16 44
PTPROGRESS 202 OWNER END 16 44
PTPROGRESS 203 OWNER BEGIN 16 45
PTPROGRESS 204 OWNER END 16 45
PTPROGRESS 205 OWNER BEGIN 16 46
PTPROGRESS 206 OWNER END 16 46
PTPROGRESS 207 OWNER BEGIN 16 47
PTPROGRESS 208 OWNER END 16 47
PTPROGRESS 209 OWNER BEGIN 16 48
PTPROGRESS 210 OWNER END 16 48
PTPROGRESS 211 OWNER BEGIN 16 49
PTPROGRESS 212 OWNER END 16 49
PTPROGRESS 213 OWNER BEGIN 16 50
PTPROGRESS 214 OWNER END 16 50
PTPROGRESS 215 OWNER BEGIN 16 51
PTPROGRESS 216 OWNER END 16 51
PTPROGRESS 217 OWNER BEGIN 16 52
PTPROGRESS 218 OWNER END 16 52
PTPROGRESS 219 OWNER BEGIN 16 53
PTPROGRESS 220 OWNER END 16 53
PTPROGRESS 221 OWNER BEGIN 16 54
PTPROGRESS 222 OWNER END 16 54
PTPROGRESS 223 OWNER BEGIN 16 55
PTPROGRESS 224 OWNER END 16 55
PTPROGRESS 225 OWNER BEGIN 24 0
PTPROGRESS 226 OWNER END 24 0
PTPROGRESS 227 OWNER BEGIN 24 1
PTPROGRESS 228 OWNER END 24 1
PTPROGRESS 229 OWNER BEGIN 24 2
PTPROGRESS 230 OWNER END 24 2
PTPROGRESS 231 OWNER BEGIN 24 3
PTPROGRESS 232 OWNER END 24 3
PTPROGRESS 233 OWNER BEGIN 24 4
PTPROGRESS 234 OWNER END 24 4
PTPROGRESS 235 OWNER BEGIN 24 5
PTPROGRESS 236 OWNER END 24 5
PTPROGRESS 237 OWNER BEGIN 24 6
PTPROGRESS 238 OWNER END 24 6
PTPROGRESS 239 OWNER BEGIN 24 7
PTPROGRESS 240 OWNER END 24 7
PTPROGRESS 241 OWNER BEGIN 24 8
PTPROGRESS 242 OWNER END 24 8
PTPROGRESS 243 OWNER BEGIN 24 9
PTPROGRESS 244 OWNER END 24 9
PTPROGRESS 245 OWNER BEGIN 24 10
PTPROGRESS 246 OWNER END 24 10
PTPROGRESS 247 OWNER BEGIN 24 11
PTPROGRESS 248 OWNER END 24 11
PTPROGRESS 249 OWNER BEGIN 24 12
PTPROGRESS 250 OWNER END 24 12
PTPROGRESS 251 OWNER BEGIN 24 13
PTPROGRESS 252 OWNER END 24 13
PTPROGRESS 253 OWNER BEGIN 24 14
PTPROGRESS 254 OWNER END 24 14
PTPROGRESS 255 OWNER BEGIN 24 15
PTPROGRESS 256 OWNER END 24 15
PTPROGRESS 257 OWNER BEGIN 24 16
PTPROGRESS 258 OWNER END 24 16
PTPROGRESS 259 OWNER BEGIN 24 17
PTPROGRESS 260 OWNER END 24 17
PTPROGRESS 261 OWNER BEGIN 24 18
PTPROGRESS 262 OWNER END 24 18
PTPROGRESS 263 OWNER BEGIN 24 19
PTPROGRESS 264 OWNER END 24 19
PTPROGRESS 265 OWNER BEGIN 24 20
PTPROGRESS 266 OWNER END 24 20
PTPROGRESS 267 OWNER BEGIN 24 21
PTPROGRESS 268 OWNER END 24 21
PTPROGRESS 269 OWNER BEGIN 24 22
PTPROGRESS 270 OWNER END 24 22
PTPROGRESS 271 OWNER BEGIN 24 23
PTPROGRESS 272 OWNER END 24 23
PTPROGRESS 273 OWNER BEGIN 24 24
PTPROGRESS 274 OWNER END 24 24
PTPROGRESS 275 OWNER BEGIN 24 25
PTPROGRESS 276 OWNER END 24 25
PTPROGRESS 277 OWNER BEGIN 24 26
PTPROGRESS 278 OWNER END 24 26
PTPROGRESS 279 OWNER BEGIN 24 27
PTPROGRESS 280 OWNER END 24 27
PTPROGRESS 281 OWNER BEGIN 24 28
PTPROGRESS 282 OWNER END 24 28
PTPROGRESS 283 OWNER BEGIN 24 29
PTPROGRESS 284 OWNER END 24 29
PTPROGRESS 285 OWNER BEGIN 24 30
PTPROGRESS 286 OWNER END 24 30
PTPROGRESS 287 OWNER BEGIN 24 31
PTPROGRESS 288 OWNER END 24 31
PTPROGRESS 289 OWNER BEGIN 24 32
PTPROGRESS 290 OWNER END 24 32
PTPROGRESS 291 OWNER BEGIN 24 33
PTPROGRESS 292 OWNER END 24 33
PTPROGRESS 293 OWNER BEGIN 24 34
PTPROGRESS 294 OWNER END 24 34
PTPROGRESS 295 OWNER BEGIN 24 35
PTPROGRESS 296 OWNER END 24 35
PTPROGRESS 297 OWNER BEGIN 24 36
PTPROGRESS 298 OWNER END 24 36
PTPROGRESS 299 OWNER BEGIN 24 37
PTPROGRESS 300 OWNER END 24 37
PTPROGRESS 301 OWNER BEGIN 24 38
PTPROGRESS 302 OWNER END 24 38
PTPROGRESS 303 OWNER BEGIN 24 39
PTPROGRESS 304 OWNER END 24 39
PTPROGRESS 305 OWNER BEGIN 24 40
PTPROGRESS 306 OWNER END 24 40
PTPROGRESS 307 OWNER BEGIN 24 41
PTPROGRESS 308 OWNER END 24 41
PTPROGRESS 309 OWNER BEGIN 24 42
PTPROGRESS 310 OWNER END 24 42
PTPROGRESS 311 OWNER BEGIN 24 43
PTPROGRESS 312 OWNER END 24 43
PTPROGRESS 313 OWNER BEGIN 24 44
PTPROGRESS 314 OWNER END 24 44
PTPROGRESS 315 OWNER BEGIN 24 45
PTPROGRESS 316 OWNER END 24 45
PTPROGRESS 317 OWNER BEGIN 24 46
PTPROGRESS 318 OWNER END 24 46
PTPROGRESS 319 OWNER BEGIN 24 47
PTPROGRESS 320 OWNER END 24 47
PTPROGRESS 321 OWNER BEGIN 24 48
PTPROGRESS 322 OWNER END 24 48
PTPROGRESS 323 OWNER BEGIN 24 49
PTPROGRESS 324 OWNER END 24 49
PTPROGRESS 325 OWNER BEGIN 24 50
PTPROGRESS 326 OWNER END 24 50
PTPROGRESS 327 OWNER BEGIN 24 51
PTPROGRESS 328 OWNER END 24 51
PTPROGRESS 329 OWNER BEGIN 24 52
PTPROGRESS 330 OWNER END 24 52
PTPROGRESS 331 OWNER BEGIN 24 53
PTPROGRESS 332 OWNER END 24 53
PTPROGRESS 333 OWNER BEGIN 24 54
PTPROGRESS 334 OWNER END 24 54
PTPROGRESS 335 OWNER BEGIN 24 55
PTPROGRESS 336 OWNER END 24 55
PTPROGRESS 337 OWNER BEGIN 8 58
PTPROGRESS 338 OWNER END 8 58
PTPROGRESS 339 OWNER BEGIN 8 59
PTPROGRESS 340 OWNER END 8 59
PTPROGRESS 341 OWNER BEGIN 8 60
PTPROGRESS 342 OWNER END 8 60
PTPROGRESS 343 OWNER BEGIN 8 61
PTPROGRESS 344 OWNER END 8 61
PTPROGRESS 345 OWNER BEGIN 8 62
PTPROGRESS 346 OWNER END 8 62
PTPROGRESS 347 OWNER BEGIN 8 63
PTPROGRESS 348 OWNER END 8 63
PTPROGRESS 349 OWNER BEGIN 8 64
PTPROGRESS 350 OWNER END 8 64
PTPROGRESS 351 OWNER BEGIN 8 65
PTPROGRESS 352 OWNER END 8 65
PTPROGRESS 353 OWNER BEGIN 8 66
PTPROGRESS 354 OWNER END 8 66
PTPROGRESS 355 OWNER BEGIN 8 67
PTPROGRESS 356 OWNER END 8 67
PTPROGRESS 357 OWNER BEGIN 8 68
PTPROGRESS 358 OWNER END 8 68
PTPROGRESS 359 OWNER BEGIN 8 69
PTPROGRESS 360 OWNER END 8 69
PTPROGRESS 361 OWNER BEGIN 8 70
PTPROGRESS 362 OWNER END 8 70
PTPROGRESS 363 OWNER BEGIN 8 71
PTPROGRESS 364 OWNER END 8 71
PTPROGRESS 365 OWNER BEGIN 8 72
PTPROGRESS 366 OWNER END 8 72
PTPROGRESS 367 OWNER BEGIN 8 73
PTPROGRESS 368 OWNER END 8 73
PTPROGRESS 369 OWNER BEGIN 8 74
PTPROGRESS 370 OWNER END 8 74
PTPROGRESS 371 OWNER BEGIN 8 75
PTPROGRESS 372 OWNER END 8 75
PTPROGRESS 373 OWNER BEGIN 8 76
PTPROGRESS 374 OWNER END 8 76
PTPROGRESS 375 OWNER BEGIN 8 77
PTPROGRESS 376 OWNER END 8 77
PTPROGRESS 377 OWNER BEGIN 8 78
PTPROGRESS 378 OWNER END 8 78
PTPROGRESS 379 OWNER BEGIN 8 79
PTPROGRESS 380 OWNER END 8 79
PTPROGRESS 381 OWNER BEGIN 16 58
PTPROGRESS 382 OWNER END 16 58
PTPROGRESS 383 OWNER BEGIN 16 59
PTPROGRESS 384 OWNER END 16 59
PTPROGRESS 385 OWNER BEGIN 16 60
PTPROGRESS 386 OWNER END 16 60
PTPROGRESS 387 OWNER BEGIN 16 61
PTPROGRESS 388 OWNER END 16 61
PTPROGRESS 389 OWNER BEGIN 16 62
PTPROGRESS 390 OWNER END 16 62
PTPROGRESS 391 OWNER BEGIN 16 63
PTPROGRESS 392 OWNER END 16 63
PTPROGRESS 393 OWNER BEGIN 16 64
PTPROGRESS 394 OWNER END 16 64
PTPROGRESS 395 OWNER BEGIN 16 65
PTPROGRESS 396 OWNER END 16 65
PTPROGRESS 397 OWNER BEGIN 16 66
PTPROGRESS 398 OWNER END 16 66
PTPROGRESS 399 OWNER BEGIN 16 67
PTPROGRESS 400 OWNER END 16 67
PTPROGRESS 401 OWNER BEGIN 16 68
PTPROGRESS 402 OWNER END 16 68
PTPROGRESS 403 OWNER BEGIN 16 69
PTPROGRESS 404 OWNER END 16 69
PTPROGRESS 405 OWNER BEGIN 16 70
PTPROGRESS 406 OWNER END 16 70
PTPROGRESS 407 OWNER BEGIN 16 71
PTPROGRESS 408 OWNER END 16 71
PTPROGRESS 409 OWNER BEGIN 16 72
PTPROGRESS 410 OWNER END 16 72
PTPROGRESS 411 OWNER BEGIN 16 73
PTPROGRESS 412 OWNER END 16 73
PTPROGRESS 413 OWNER BEGIN 16 74
PTPROGRESS 414 OWNER END 16 74
PTPROGRESS 415 OWNER BEGIN 16 75
PTPROGRESS 416 OWNER END 16 75
PTPROGRESS 417 OWNER BEGIN 16 76
PTPROGRESS 418 OWNER END 16 76
PTPROGRESS 419 OWNER BEGIN 16 77
PTPROGRESS 420 OWNER END 16 77
PTPROGRESS 421 OWNER BEGIN 16 78
PTPROGRESS 422 OWNER END 16 78
PTPROGRESS 423 OWNER BEGIN 16 79
PTPROGRESS 424 OWNER END 16 79
PTPROGRESS 425 OWNER BEGIN 24 58
PTPROGRESS 426 OWNER END 24 58
PTPROGRESS 427 OWNER BEGIN 24 59
PTPROGRESS 428 OWNER END 24 59
PTPROGRESS 429 OWNER BEGIN 24 60
PTPROGRESS 430 OWNER END 24 60
PTPROGRESS 431 OWNER BEGIN 24 61
PTPROGRESS 432 OWNER END 24 61
PTPROGRESS 433 OWNER BEGIN 24 62
PTPROGRESS 434 OWNER END 24 62
PTPROGRESS 435 OWNER BEGIN 24 63
PTPROGRESS 436 OWNER END 24 63
PTPROGRESS 437 OWNER BEGIN 24 64
PTPROGRESS 438 OWNER END 24 64
PTPROGRESS 439 OWNER BEGIN 24 65
PTPROGRESS 440 OWNER END 24 65
PTPROGRESS 441 OWNER BEGIN 24 66
PTPROGRESS 442 OWNER END 24 66
PTPROGRESS 443 OWNER BEGIN 24 67
PTPROGRESS 444 OWNER END 24 67
PTPROGRESS 445 OWNER BEGIN 24 68
PTPROGRESS 446 OWNER END 24 68
PTPROGRESS 447 OWNER BEGIN 24 69
PTPROGRESS 448 OWNER END 24 69
PTPROGRESS 449 OWNER BEGIN 24 70
PTPROGRESS 450 OWNER END 24 70
PTPROGRESS 451 OWNER BEGIN 24 71
PTPROGRESS 452 OWNER END 24 71
PTPROGRESS 453 OWNER BEGIN 24 72
PTPROGRESS 454 OWNER END 24 72
PTPROGRESS 455 OWNER BEGIN 24 73
PTPROGRESS 456 OWNER END 24 73
PTPROGRESS 457 OWNER BEGIN 24 74
PTPROGRESS 458 OWNER END 24 74
PTPROGRESS 459 OWNER BEGIN 24 75
PTPROGRESS 460 OWNER END 24 75
PTPROGRESS 461 OWNER BEGIN 24 76
PTPROGRESS 462 OWNER END 24 76
PTPROGRESS 463 OWNER BEGIN 24 77
PTPROGRESS 464 OWNER END 24 77
PTPROGRESS 465 OWNER BEGIN 24 78
PTPROGRESS 466 OWNER END 24 78
PTPROGRESS 467 OWNER BEGIN 24 79
PTPROGRESS 468 OWNER END 24 79
PTPROGRESS 469 OWNER BEGIN 8 81
PTPROGRESS 470 OWNER END 8 81
PTPROGRESS 471 OWNER BEGIN 8 82
PTPROGRESS 472 OWNER END 8 82
PTPROGRESS 473 OWNER BEGIN 16 81
PTPROGRESS 474 OWNER END 16 81
PTPROGRESS 475 OWNER BEGIN 16 82
PTPROGRESS 476 OWNER END 16 82
PTPROGRESS 477 OWNER BEGIN 24 81
PTPROGRESS 478 OWNER END 24 81
PTPROGRESS 479 OWNER BEGIN 24 82
PTPROGRESS 480 OWNER END 24 82
PTPROGRESS 481 OWNER BEGIN 8 83
PTPROGRESS 482 OWNER END 8 83
PTPROGRESS 483 OWNER BEGIN 8 84
PTPROGRESS 484 OWNER END 8 84
PTPROGRESS 485 OWNER BEGIN 8 85
PTPROGRESS 486 OWNER END 8 85
PTPROGRESS 487 OWNER BEGIN 8 86
PTPROGRESS 488 OWNER END 8 86
PTPROGRESS 489 OWNER BEGIN 8 87
PTPROGRESS 490 OWNER END 8 87
PTPROGRESS 491 OWNER BEGIN 16 83
PTPROGRESS 492 OWNER END 16 83
PTPROGRESS 493 OWNER BEGIN 16 84
PTPROGRESS 494 OWNER END 16 84
PTPROGRESS 495 OWNER BEGIN 16 85
PTPROGRESS 496 OWNER END 16 85
PTPROGRESS 497 OWNER BEGIN 16 86
PTPROGRESS 498 OWNER END 16 86
PTPROGRESS 499 OWNER BEGIN 16 87
PTPROGRESS 500 OWNER END 16 87
PTPROGRESS 501 OWNER BEGIN 24 83
PTPROGRESS 502 OWNER END 24 83
PTPROGRESS 503 OWNER BEGIN 24 84
PTPROGRESS 504 OWNER END 24 84
PTPROGRESS 505 OWNER BEGIN 24 85
PTPROGRESS 506 OWNER END 24 85
PTPROGRESS 507 OWNER BEGIN 24 86
PTPROGRESS 508 OWNER END 24 86
PTPROGRESS 509 OWNER BEGIN 24 87
PTPROGRESS 510 OWNER END 24 87
MIXED OWNER PASS: full255 host scenarios, incremental analysis cancellation/failure, master/cache/staging/commit/sequence/deadline/schedule ownership; no native clock
PTPROGRESS 511 MASTER BEGIN 8 1
PTPROGRESS 512 MASTER END 8 1
PTPROGRESS 513 MASTER BEGIN 8 2
PTPROGRESS 514 MASTER END 8 2
PTPROGRESS 515 FAULT BEGIN 8 0
PTPROGRESS 516 FAULT END 8 0
PTPROGRESS 517 FAULT BEGIN 8 1
PTPROGRESS 518 FAULT END 8 1
PTPROGRESS 519 FAULT BEGIN 8 2
PTPROGRESS 520 FAULT END 8 2
PTPROGRESS 521 FAULT BEGIN 8 3
PTPROGRESS 522 FAULT END 8 3
PTPROGRESS 523 FAULT BEGIN 8 4
PTPROGRESS 524 FAULT END 8 4
PTPROGRESS 525 FAULT BEGIN 8 5
PTPROGRESS 526 FAULT END 8 5
PTPROGRESS 527 FAULT BEGIN 8 6
PTPROGRESS 528 FAULT END 8 6
PTPROGRESS 529 FAULT BEGIN 8 7
PTPROGRESS 530 FAULT END 8 7
PTPROGRESS 531 FAULT BEGIN 8 8
PTPROGRESS 532 FAULT END 8 8
PTPROGRESS 533 FAULT BEGIN 8 9
PTPROGRESS 534 FAULT END 8 9
PTPROGRESS 535 FAULT BEGIN 8 10
PTPROGRESS 536 FAULT END 8 10
PTPROGRESS 537 FAULT BEGIN 8 11
PTPROGRESS 538 FAULT END 8 11
PTPROGRESS 539 FAULT BEGIN 8 12
PTPROGRESS 540 FAULT END 8 12
PTPROGRESS 541 FAULT BEGIN 8 13
PTPROGRESS 542 FAULT END 8 13
PTPROGRESS 543 FAULT BEGIN 8 14
PTPROGRESS 544 FAULT END 8 14
PTPROGRESS 545 FAULT BEGIN 8 15
PTPROGRESS 546 FAULT END 8 15
PTPROGRESS 547 FAULT BEGIN 8 16
PTPROGRESS 548 FAULT END 8 16
PTPROGRESS 549 FAULT BEGIN 8 17
PTPROGRESS 550 FAULT END 8 17
PTPROGRESS 551 FAULT BEGIN 8 18
PTPROGRESS 552 FAULT END 8 18
PTPROGRESS 553 FAULT BEGIN 8 19
PTPROGRESS 554 FAULT END 8 19
PTPROGRESS 555 FAULT BEGIN 8 20
PTPROGRESS 556 FAULT END 8 20
PTPROGRESS 557 FAULT BEGIN 8 21
PTPROGRESS 558 FAULT END 8 21
PTPROGRESS 559 FAULT BEGIN 8 22
PTPROGRESS 560 FAULT END 8 22
PTPROGRESS 561 FAULT BEGIN 8 23
PTPROGRESS 562 FAULT END 8 23
PTPROGRESS 563 FAULT BEGIN 8 24
PTPROGRESS 564 FAULT END 8 24
PTPROGRESS 565 FAULT BEGIN 8 25
PTPROGRESS 566 FAULT END 8 25
PTPROGRESS 567 FAULT BEGIN 8 26
PTPROGRESS 568 FAULT END 8 26
PTPROGRESS 569 MASTER BEGIN 16 1
PTPROGRESS 570 MASTER END 16 1
PTPROGRESS 571 MASTER BEGIN 16 2
PTPROGRESS 572 MASTER END 16 2
PTPROGRESS 573 FAULT BEGIN 16 0
PTPROGRESS 574 FAULT END 16 0
PTPROGRESS 575 FAULT BEGIN 16 1
PTPROGRESS 576 FAULT END 16 1
PTPROGRESS 577 FAULT BEGIN 16 2
PTPROGRESS 578 FAULT END 16 2
PTPROGRESS 579 FAULT BEGIN 16 3
PTPROGRESS 580 FAULT END 16 3
PTPROGRESS 581 FAULT BEGIN 16 4
PTPROGRESS 582 FAULT END 16 4
PTPROGRESS 583 FAULT BEGIN 16 5
PTPROGRESS 584 FAULT END 16 5
PTPROGRESS 585 FAULT BEGIN 16 6
PTPROGRESS 586 FAULT END 16 6
PTPROGRESS 587 FAULT BEGIN 16 7
PTPROGRESS 588 FAULT END 16 7
PTPROGRESS 589 FAULT BEGIN 16 8
PTPROGRESS 590 FAULT END 16 8
PTPROGRESS 591 FAULT BEGIN 16 9
PTPROGRESS 592 FAULT END 16 9
PTPROGRESS 593 FAULT BEGIN 16 10
PTPROGRESS 594 FAULT END 16 10
PTPROGRESS 595 FAULT BEGIN 16 11
PTPROGRESS 596 FAULT END 16 11
PTPROGRESS 597 FAULT BEGIN 16 12
PTPROGRESS 598 FAULT END 16 12
PTPROGRESS 599 FAULT BEGIN 16 13
PTPROGRESS 600 FAULT END 16 13
PTPROGRESS 601 FAULT BEGIN 16 14
PTPROGRESS 602 FAULT END 16 14
PTPROGRESS 603 FAULT BEGIN 16 15
PTPROGRESS 604 FAULT END 16 15
PTPROGRESS 605 FAULT BEGIN 16 16
PTPROGRESS 606 FAULT END 16 16
PTPROGRESS 607 FAULT BEGIN 16 17
PTPROGRESS 608 FAULT END 16 17
PTPROGRESS 609 FAULT BEGIN 16 18
PTPROGRESS 610 FAULT END 16 18
PTPROGRESS 611 FAULT BEGIN 16 19
PTPROGRESS 612 FAULT END 16 19
PTPROGRESS 613 FAULT BEGIN 16 20
PTPROGRESS 614 FAULT END 16 20
PTPROGRESS 615 FAULT BEGIN 16 21
PTPROGRESS 616 FAULT END 16 21
PTPROGRESS 617 FAULT BEGIN 16 22
PTPROGRESS 618 FAULT END 16 22
PTPROGRESS 619 FAULT BEGIN 16 23
PTPROGRESS 620 FAULT END 16 23
PTPROGRESS 621 FAULT BEGIN 16 24
PTPROGRESS 622 FAULT END 16 24
PTPROGRESS 623 FAULT BEGIN 16 25
PTPROGRESS 624 FAULT END 16 25
PTPROGRESS 625 FAULT BEGIN 16 26
PTPROGRESS 626 FAULT END 16 26
PTPROGRESS 627 MASTER BEGIN 24 1
PTPROGRESS 628 MASTER END 24 1
PTPROGRESS 629 MASTER BEGIN 24 2
PTPROGRESS 630 MASTER END 24 2
PTPROGRESS 631 FAULT BEGIN 24 0
PTPROGRESS 632 FAULT END 24 0
PTPROGRESS 633 FAULT BEGIN 24 1
PTPROGRESS 634 FAULT END 24 1
PTPROGRESS 635 FAULT BEGIN 24 2
PTPROGRESS 636 FAULT END 24 2
PTPROGRESS 637 FAULT BEGIN 24 3
PTPROGRESS 638 FAULT END 24 3
PTPROGRESS 639 FAULT BEGIN 24 4
PTPROGRESS 640 FAULT END 24 4
PTPROGRESS 641 FAULT BEGIN 24 5
PTPROGRESS 642 FAULT END 24 5
PTPROGRESS 643 FAULT BEGIN 24 6
PTPROGRESS 644 FAULT END 24 6
PTPROGRESS 645 FAULT BEGIN 24 7
PTPROGRESS 646 FAULT END 24 7
PTPROGRESS 647 FAULT BEGIN 24 8
PTPROGRESS 648 FAULT END 24 8
PTPROGRESS 649 FAULT BEGIN 24 9
PTPROGRESS 650 FAULT END 24 9
PTPROGRESS 651 FAULT BEGIN 24 10
PTPROGRESS 652 FAULT END 24 10
PTPROGRESS 653 FAULT BEGIN 24 11
PTPROGRESS 654 FAULT END 24 11
PTPROGRESS 655 FAULT BEGIN 24 12
PTPROGRESS 656 FAULT END 24 12
PTPROGRESS 657 FAULT BEGIN 24 13
PTPROGRESS 658 FAULT END 24 13
PTPROGRESS 659 FAULT BEGIN 24 14
PTPROGRESS 660 FAULT END 24 14
PTPROGRESS 661 FAULT BEGIN 24 15
PTPROGRESS 662 FAULT END 24 15
PTPROGRESS 663 FAULT BEGIN 24 16
PTPROGRESS 664 FAULT END 24 16
PTPROGRESS 665 FAULT BEGIN 24 17
PTPROGRESS 666 FAULT END 24 17
PTPROGRESS 667 FAULT BEGIN 24 18
PTPROGRESS 668 FAULT END 24 18
PTPROGRESS 669 FAULT BEGIN 24 19
PTPROGRESS 670 FAULT END 24 19
PTPROGRESS 671 FAULT BEGIN 24 20
PTPROGRESS 672 FAULT END 24 20
PTPROGRESS 673 FAULT BEGIN 24 21
PTPROGRESS 674 FAULT END 24 21
PTPROGRESS 675 FAULT BEGIN 24 22
PTPROGRESS 676 FAULT END 24 22
PTPROGRESS 677 FAULT BEGIN 24 23
PTPROGRESS 678 FAULT END 24 23
PTPROGRESS 679 FAULT BEGIN 24 24
PTPROGRESS 680 FAULT END 24 24
PTPROGRESS 681 FAULT BEGIN 24 25
PTPROGRESS 682 FAULT END 24 25
PTPROGRESS 683 FAULT BEGIN 24 26
PTPROGRESS 684 FAULT END 24 26
ESTABLISH PASS:6 mono/stereo8/16/24 exact save/PCM cases;6 owned-master reuse cases;81 cancellation/alias/late-validation/budget/reentry/stale/partial-copy cases;3 actual established mixed handoffs;255 original owner regressions; host callbacks only
PTFIXTURE END MASTER_ESTABLISH_PROGRESS_V1 0
