EDITOR RECENT loaded=0 prefix=Dev:Tests/invert-ui-1790462738704840000/recent
EDITOR RECENT saved=1 count=1
EDITOR READY channels=4 patterns=1 bitmap_bytes=163840 history_bytes=104128
EDITOR FRAME row=0 channel=0 revision=0 dirty=0 status=READY - F8 PLAY / F9 PATTERN / F10 STOP panel=0
EDITOR FRAME row=0 channel=0 revision=0 dirty=0 status=REFERENCE WAV - W RENDER / P SCOPE / M TRACKS / ESC BACK panel=2
EDITOR FRAME row=0 channel=0 revision=0 dirty=0 status=TRACK MASK HEX - NONZERO AVAILABLE TRACKS / RETURN / ESC panel=2
EDITOR FRAME row=0 channel=0 revision=0 dirty=0 status=TRACK MASK HEX - NONZERO AVAILABLE TRACKS / RETURN / ESC panel=2
EDITOR FRAME row=0 channel=0 revision=0 dirty=0 status=RENDER TRACK MASK SET - PROJECT UNCHANGED panel=2
EDITOR RENDER progress=CHECKING percent=0 ticks=0
EDITOR RENDER progress=RENDERING percent=0 ticks=7
EDITOR REQUEST render
EDITOR FRAME row=0 channel=0 revision=0 dirty=0 status=WAV REQUEST CANCELLED - EDITS PRESERVED panel=2
EDITOR RENDER progress=CHECKING percent=0 ticks=0
EDITOR RENDER progress=RENDERING percent=0 ticks=7
EDITOR REQUEST render
EDITOR RENDER progress=CHECKING percent=0 ticks=0
EDITOR RENDER progress=RENDERING percent=0 ticks=7
EDITOR RENDER progress=RENDERING percent=5 ticks=8
EDITOR RENDER progress=RENDERING percent=10 ticks=8
EDITOR RENDER progress=RENDERING percent=15 ticks=9
EDITOR RENDER progress=RENDERING percent=21 ticks=10
EDITOR RENDER progress=RENDERING percent=25 ticks=11
EDITOR RENDER progress=RENDERING percent=30 ticks=12
EDITOR RENDER progress=RENDERING percent=36 ticks=13
EDITOR RENDER progress=RENDERING percent=40 ticks=14
EDITOR RENDER progress=RENDERING percent=45 ticks=15
EDITOR RENDER progress=RENDERING percent=50 ticks=16
EDITOR RENDER progress=RENDERING percent=55 ticks=17
EDITOR RENDER progress=RENDERING percent=60 ticks=17
EDITOR RENDER progress=RENDERING percent=65 ticks=18
EDITOR RENDER progress=RENDERING percent=71 ticks=19
EDITOR RENDER progress=RENDERING percent=75 ticks=20
EDITOR RENDER progress=RENDERING percent=80 ticks=21
EDITOR RENDER progress=RENDERING percent=86 ticks=22
EDITOR RENDER progress=RENDERING percent=90 ticks=23
EDITOR RENDER progress=RENDERING percent=95 ticks=24
EDITOR RENDER progress=CHECKING percent=0 ticks=0
EDITOR RENDER progress=RENDERING percent=0 ticks=7
EDITOR RENDER progress=RENDERING percent=5 ticks=8
EDITOR RENDER progress=RENDERING percent=10 ticks=8
EDITOR RENDER progress=RENDERING percent=15 ticks=9
EDITOR RENDER progress=RENDERING percent=21 ticks=10
EDITOR RENDER progress=RENDERING percent=25 ticks=11
EDITOR RENDER progress=RENDERING percent=30 ticks=12
EDITOR RENDER progress=RENDERING percent=36 ticks=13
EDITOR RENDER progress=RENDERING percent=40 ticks=14
EDITOR RENDER progress=RENDERING percent=45 ticks=15
EDITOR RENDER progress=RENDERING percent=50 ticks=16
EDITOR RENDER progress=RENDERING percent=55 ticks=17
EDITOR RENDER progress=RENDERING percent=60 ticks=17
EDITOR RENDER progress=RENDERING percent=65 ticks=18
EDITOR RENDER progress=RENDERING percent=71 ticks=19
EDITOR RENDER progress=RENDERING percent=75 ticks=20
EDITOR RENDER progress=RENDERING percent=80 ticks=21
EDITOR RENDER progress=RENDERING percent=86 ticks=22
EDITOR RENDER progress=RENDERING percent=90 ticks=23
EDITOR RENDER progress=RENDERING percent=95 ticks=24
EDITOR RENDER progress=VERIFYING percent=0 ticks=0
EDITOR RENDER progress=VERIFYING percent=5 ticks=8
EDITOR RENDER progress=VERIFYING percent=10 ticks=8
EDITOR RENDER progress=VERIFYING percent=15 ticks=9
EDITOR RENDER progress=VERIFYING percent=21 ticks=10
EDITOR RENDER progress=VERIFYING percent=25 ticks=11
EDITOR RENDER progress=VERIFYING percent=30 ticks=12
EDITOR RENDER progress=VERIFYING percent=36 ticks=13
EDITOR RENDER progress=VERIFYING percent=40 ticks=14
EDITOR RENDER progress=VERIFYING percent=45 ticks=15
EDITOR RENDER progress=VERIFYING percent=50 ticks=16
EDITOR RENDER progress=VERIFYING percent=55 ticks=17
EDITOR RENDER progress=VERIFYING percent=60 ticks=17
EDITOR RENDER progress=VERIFYING percent=65 ticks=18
EDITOR RENDER progress=VERIFYING percent=71 ticks=19
EDITOR RENDER progress=VERIFYING percent=75 ticks=20
EDITOR RENDER progress=VERIFYING percent=80 ticks=21
EDITOR RENDER progress=VERIFYING percent=86 ticks=22
EDITOR RENDER progress=VERIFYING percent=90 ticks=23
EDITOR RENDER progress=VERIFYING percent=95 ticks=24
EDITOR RENDER progress=VERIFYING percent=100 ticks=24
EDITOR RENDER result=0 detail=0 dirty=0 frames=17280
EDITOR FRAME row=0 channel=0 revision=0 dirty=0 status=WAV VERIFIED - PROJECT UNCHANGED panel=2
EDITOR RENDER progress=CHECKING percent=0 ticks=0
EDITOR RENDER progress=RENDERING percent=0 ticks=7
EDITOR REQUEST stems
EDITOR RENDER progress=CHECKING percent=0 ticks=0
EDITOR RENDER progress=RENDERING percent=0 ticks=7
EDITOR RENDER progress=RENDERING percent=5 ticks=8
EDITOR RENDER progress=RENDERING percent=10 ticks=8
EDITOR RENDER progress=RENDERING percent=15 ticks=9
EDITOR RENDER progress=RENDERING percent=21 ticks=10
EDITOR RENDER progress=RENDERING percent=25 ticks=11
EDITOR RENDER progress=RENDERING percent=30 ticks=12
EDITOR RENDER progress=RENDERING percent=36 ticks=13
EDITOR RENDER progress=RENDERING percent=40 ticks=14
EDITOR RENDER progress=RENDERING percent=45 ticks=15
EDITOR RENDER progress=RENDERING percent=50 ticks=16
EDITOR RENDER progress=RENDERING percent=55 ticks=17
EDITOR RENDER progress=RENDERING percent=60 ticks=17
EDITOR RENDER progress=RENDERING percent=65 ticks=18
EDITOR RENDER progress=RENDERING percent=71 ticks=19
EDITOR RENDER progress=RENDERING percent=75 ticks=20
EDITOR RENDER progress=RENDERING percent=80 ticks=21
EDITOR RENDER progress=RENDERING percent=86 ticks=22
EDITOR RENDER progress=RENDERING percent=90 ticks=23
EDITOR RENDER progress=RENDERING percent=95 ticks=24
EDITOR RENDER progress=CHECKING percent=0 ticks=0
EDITOR RENDER progress=RENDERING percent=0 ticks=7
EDITOR RENDER progress=RENDERING percent=5 ticks=8
EDITOR RENDER progress=RENDERING percent=10 ticks=8
EDITOR RENDER progress=RENDERING percent=15 ticks=9
EDITOR RENDER progress=RENDERING percent=21 ticks=10
EDITOR RENDER progress=RENDERING percent=25 ticks=11
EDITOR RENDER progress=RENDERING percent=30 ticks=12
EDITOR RENDER progress=RENDERING percent=36 ticks=13
EDITOR RENDER progress=RENDERING percent=40 ticks=14
EDITOR RENDER progress=RENDERING percent=45 ticks=15
EDITOR RENDER progress=RENDERING percent=50 ticks=16
EDITOR RENDER progress=RENDERING percent=55 ticks=17
EDITOR RENDER progress=RENDERING percent=60 ticks=17
EDITOR RENDER progress=RENDERING percent=65 ticks=18
EDITOR RENDER progress=RENDERING percent=71 ticks=19
EDITOR RENDER progress=RENDERING percent=75 ticks=20
EDITOR RENDER progress=RENDERING percent=80 ticks=21
EDITOR RENDER progress=RENDERING percent=86 ticks=22
EDITOR RENDER progress=RENDERING percent=90 ticks=23
EDITOR RENDER progress=RENDERING percent=95 ticks=24
EDITOR RENDER progress=CHECKING percent=0 ticks=0
EDITOR RENDER progress=RENDERING percent=0 ticks=7
EDITOR RENDER progress=RENDERING percent=5 ticks=8
EDITOR RENDER progress=RENDERING percent=10 ticks=8
EDITOR RENDER progress=RENDERING percent=15 ticks=9
EDITOR RENDER progress=RENDERING percent=21 ticks=10
EDITOR RENDER progress=RENDERING percent=25 ticks=11
EDITOR RENDER progress=RENDERING percent=30 ticks=12
EDITOR RENDER progress=RENDERING percent=36 ticks=13
EDITOR RENDER progress=RENDERING percent=40 ticks=14
EDITOR RENDER progress=RENDERING percent=45 ticks=15
EDITOR RENDER progress=RENDERING percent=50 ticks=16
EDITOR RENDER progress=RENDERING percent=55 ticks=17
EDITOR RENDER progress=RENDERING percent=60 ticks=17
EDITOR RENDER progress=RENDERING percent=65 ticks=18
EDITOR RENDER progress=RENDERING percent=71 ticks=19
EDITOR RENDER progress=RENDERING percent=75 ticks=20
EDITOR RENDER progress=RENDERING percent=80 ticks=21
EDITOR RENDER progress=RENDERING percent=86 ticks=22
EDITOR RENDER progress=RENDERING percent=90 ticks=23
EDITOR RENDER progress=RENDERING percent=95 ticks=24
EDITOR RENDER progress=CHECKING percent=0 ticks=0
EDITOR RENDER progress=RENDERING percent=0 ticks=7
EDITOR RENDER progress=RENDERING percent=5 ticks=8
EDITOR RENDER progress=RENDERING percent=10 ticks=8
EDITOR RENDER progress=RENDERING percent=15 ticks=9
EDITOR RENDER progress=RENDERING percent=21 ticks=10
EDITOR RENDER progress=RENDERING percent=25 ticks=11
EDITOR RENDER progress=RENDERING percent=30 ticks=12
EDITOR RENDER progress=RENDERING percent=36 ticks=13
EDITOR RENDER progress=RENDERING percent=40 ticks=14
EDITOR RENDER progress=RENDERING percent=45 ticks=15
EDITOR RENDER progress=RENDERING percent=50 ticks=16
EDITOR RENDER progress=RENDERING percent=55 ticks=17
EDITOR RENDER progress=RENDERING percent=60 ticks=17
EDITOR RENDER progress=RENDERING percent=65 ticks=18
EDITOR RENDER progress=RENDERING percent=71 ticks=19
EDITOR RENDER progress=RENDERING percent=75 ticks=20
EDITOR RENDER progress=RENDERING percent=80 ticks=21
EDITOR RENDER progress=RENDERING percent=86 ticks=22
EDITOR RENDER progress=RENDERING percent=90 ticks=23
EDITOR RENDER progress=RENDERING percent=95 ticks=24
EDITOR RENDER progress=VERIFYING percent=0 ticks=0
EDITOR RENDER progress=VERIFYING percent=5 ticks=8
EDITOR RENDER progress=VERIFYING percent=10 ticks=8
EDITOR RENDER progress=VERIFYING percent=15 ticks=9
EDITOR RENDER progress=VERIFYING percent=21 ticks=10
EDITOR RENDER progress=VERIFYING percent=25 ticks=11
EDITOR RENDER progress=VERIFYING percent=30 ticks=12
EDITOR RENDER progress=VERIFYING percent=36 ticks=13
EDITOR RENDER progress=VERIFYING percent=40 ticks=14
EDITOR RENDER progress=VERIFYING percent=45 ticks=15
EDITOR RENDER progress=VERIFYING percent=50 ticks=16
EDITOR RENDER progress=VERIFYING percent=55 ticks=17
EDITOR RENDER progress=VERIFYING percent=60 ticks=17
EDITOR RENDER progress=VERIFYING percent=65 ticks=18
EDITOR RENDER progress=VERIFYING percent=71 ticks=19
EDITOR RENDER progress=VERIFYING percent=75 ticks=20
EDITOR RENDER progress=VERIFYING percent=80 ticks=21
EDITOR RENDER progress=VERIFYING percent=86 ticks=22
EDITOR RENDER progress=VERIFYING percent=90 ticks=23
EDITOR RENDER progress=VERIFYING percent=95 ticks=24
EDITOR RENDER progress=VERIFYING percent=100 ticks=24
EDITOR RENDER progress=CHECKING percent=0 ticks=0
EDITOR RENDER progress=RENDERING percent=0 ticks=7
EDITOR RENDER progress=RENDERING percent=5 ticks=8
EDITOR RENDER progress=RENDERING percent=10 ticks=8
EDITOR RENDER progress=RENDERING percent=15 ticks=9
EDITOR RENDER progress=RENDERING percent=21 ticks=10
EDITOR RENDER progress=RENDERING percent=25 ticks=11
EDITOR RENDER progress=RENDERING percent=30 ticks=12
EDITOR RENDER progress=RENDERING percent=36 ticks=13
EDITOR RENDER progress=RENDERING percent=40 ticks=14
EDITOR RENDER progress=RENDERING percent=45 ticks=15
EDITOR RENDER progress=RENDERING percent=50 ticks=16
EDITOR RENDER progress=RENDERING percent=55 ticks=17
EDITOR RENDER progress=RENDERING percent=60 ticks=17
EDITOR RENDER progress=RENDERING percent=65 ticks=18
EDITOR RENDER progress=RENDERING percent=71 ticks=19
EDITOR RENDER progress=RENDERING percent=75 ticks=20
EDITOR RENDER progress=RENDERING percent=80 ticks=21
EDITOR RENDER progress=RENDERING percent=86 ticks=22
EDITOR RENDER progress=RENDERING percent=90 ticks=23
EDITOR RENDER progress=RENDERING percent=95 ticks=24
EDITOR RENDER progress=CHECKING percent=0 ticks=0
EDITOR RENDER progress=RENDERING percent=0 ticks=7
EDITOR RENDER progress=RENDERING percent=5 ticks=8
EDITOR RENDER progress=RENDERING percent=10 ticks=8
EDITOR RENDER progress=RENDERING percent=15 ticks=9
EDITOR RENDER progress=RENDERING percent=21 ticks=10
EDITOR RENDER progress=RENDERING percent=25 ticks=11
EDITOR RENDER progress=RENDERING percent=30 ticks=12
EDITOR RENDER progress=RENDERING percent=36 ticks=13
EDITOR RENDER progress=RENDERING percent=40 ticks=14
EDITOR RENDER progress=RENDERING percent=45 ticks=15
EDITOR RENDER progress=RENDERING percent=50 ticks=16
EDITOR RENDER progress=RENDERING percent=55 ticks=17
EDITOR RENDER progress=RENDERING percent=60 ticks=17
EDITOR RENDER progress=RENDERING percent=65 ticks=18
EDITOR RENDER progress=RENDERING percent=71 ticks=19
EDITOR RENDER progress=RENDERING percent=75 ticks=20
EDITOR RENDER progress=RENDERING percent=80 ticks=21
EDITOR RENDER progress=RENDERING percent=86 ticks=22
EDITOR RENDER progress=RENDERING percent=90 ticks=23
EDITOR RENDER progress=RENDERING percent=95 ticks=24
EDITOR RENDER progress=VERIFYING percent=0 ticks=0
EDITOR RENDER progress=VERIFYING percent=5 ticks=8
EDITOR RENDER progress=VERIFYING percent=10 ticks=8
EDITOR RENDER progress=VERIFYING percent=15 ticks=9
EDITOR RENDER progress=VERIFYING percent=21 ticks=10
EDITOR RENDER progress=VERIFYING percent=25 ticks=11
EDITOR RENDER progress=VERIFYING percent=30 ticks=12
EDITOR RENDER progress=VERIFYING percent=36 ticks=13
EDITOR RENDER progress=VERIFYING percent=40 ticks=14
EDITOR RENDER progress=VERIFYING percent=45 ticks=15
EDITOR RENDER progress=VERIFYING percent=50 ticks=16
EDITOR RENDER progress=VERIFYING percent=55 ticks=17
EDITOR RENDER progress=VERIFYING percent=60 ticks=17
EDITOR RENDER progress=VERIFYING percent=65 ticks=18
EDITOR RENDER progress=VERIFYING percent=71 ticks=19
EDITOR RENDER progress=VERIFYING percent=75 ticks=20
EDITOR RENDER progress=VERIFYING percent=80 ticks=21
EDITOR RENDER progress=VERIFYING percent=86 ticks=22
EDITOR RENDER progress=VERIFYING percent=90 ticks=23
EDITOR RENDER progress=VERIFYING percent=95 ticks=24
EDITOR RENDER progress=VERIFYING percent=100 ticks=24
EDITOR STEMS result=0 detail=0 dirty=0 count=2
EDITOR FRAME row=0 channel=0 revision=0 dirty=0 status=2 STEMS VERIFIED - PROJECT UNCHANGED panel=2
EDITOR FRAME row=0 channel=0 revision=0 dirty=0 status=RENDER SETTINGS UPDATED panel=2
EDITOR RENDER progress=CHECKING percent=0 ticks=0
EDITOR RENDER progress=RENDERING percent=0 ticks=7
EDITOR RENDER progress=CHECKING percent=0 ticks=0
EDITOR RENDER progress=RENDERING percent=0 ticks=7
EDITOR RENDER progress=RENDERING percent=5 ticks=8
EDITOR RENDER progress=RENDERING percent=10 ticks=8
EDITOR RENDER progress=RENDERING percent=15 ticks=9
EDITOR RENDER progress=RENDERING percent=21 ticks=10
EDITOR RENDER progress=RENDERING percent=25 ticks=11
EDITOR RENDER progress=RENDERING percent=30 ticks=12
EDITOR RENDER progress=RENDERING percent=36 ticks=13
EDITOR RENDER progress=RENDERING percent=40 ticks=14
EDITOR RENDER progress=RENDERING percent=45 ticks=15
EDITOR RENDER progress=RENDERING percent=50 ticks=16
EDITOR RENDER progress=RENDERING percent=55 ticks=17
EDITOR RENDER progress=RENDERING percent=60 ticks=17
EDITOR RENDER progress=RENDERING percent=65 ticks=18
EDITOR RENDER progress=RENDERING percent=71 ticks=19
EDITOR RENDER progress=RENDERING percent=75 ticks=20
EDITOR RENDER progress=RENDERING percent=80 ticks=21
EDITOR RENDER progress=RENDERING percent=86 ticks=22
EDITOR RENDER progress=RENDERING percent=90 ticks=23
EDITOR RENDER progress=RENDERING percent=95 ticks=24
EDITOR RENDER progress=CHECKING percent=0 ticks=0
EDITOR RENDER progress=RENDERING percent=0 ticks=7
EDITOR RENDER progress=RENDERING percent=5 ticks=8
EDITOR RENDER progress=RENDERING percent=10 ticks=8
EDITOR RENDER progress=RENDERING percent=15 ticks=9
EDITOR RENDER progress=RENDERING percent=21 ticks=10
EDITOR RENDER progress=RENDERING percent=25 ticks=11
EDITOR RENDER progress=RENDERING percent=30 ticks=12
EDITOR RENDER progress=RENDERING percent=36 ticks=13
EDITOR RENDER progress=RENDERING percent=40 ticks=14
EDITOR RENDER progress=RENDERING percent=45 ticks=15
EDITOR RENDER progress=RENDERING percent=50 ticks=16
EDITOR RENDER progress=RENDERING percent=55 ticks=17
EDITOR RENDER progress=RENDERING percent=60 ticks=17
EDITOR RENDER progress=RENDERING percent=65 ticks=18
EDITOR RENDER progress=RENDERING percent=71 ticks=19
EDITOR RENDER progress=RENDERING percent=75 ticks=20
EDITOR RENDER progress=RENDERING percent=80 ticks=21
EDITOR RENDER progress=RENDERING percent=86 ticks=22
EDITOR RENDER progress=RENDERING percent=90 ticks=23
EDITOR RENDER progress=RENDERING percent=95 ticks=24
EDITOR RENDER progress=RENDERING percent=100 ticks=24
EDITOR BOUNCE result=0 detail=0 revision=1 dirty=1 samples=32 frames=17280
EDITOR FRAME row=0 channel=0 revision=1 dirty=1 status=BOUNCED TO SAMPLE 032 - CONTROL-Z UNDO panel=2
EDITOR RECENT saved=1 count=2
EDITOR SAVE result=0 dirty=0
EDITOR FRAME row=0 channel=0 revision=1 dirty=0 status=PROJECT SAVED AND VERIFIED panel=2
EDITOR FRAME row=0 channel=0 revision=0 dirty=1 status=UNDO panel=2
EDITOR FRAME row=0 channel=0 revision=1 dirty=0 status=REDO panel=2
EDITOR FRAME row=0 channel=0 revision=1 dirty=0 status=DISK OPERATIONS panel=2
EDITOR EXIT clean
