SYNC MEMORY PASS: one full immutable export plus two metadata/pattern prefixes; no duplicate sample comparison payload
SCOPE/DMA PASS: enabled hardware channels and time-varying sample preview
REPLAY initial ticks=41 row=5 periods=428,339,285,214
PLAY REFUSAL PASS: Studio/AmiGUS/MIDI/high-resolution rate requests preserve active replay, cache ownership and masters
HIGHRES SONG PASS: 16/24-bit masters, rounded private8-bit Chip playback, unused cache omitted, stop/rebuild, restart refill and byte-exact enhanced save
ODD STATE bits=8 active=1 ticks=7 period=428 bytes=6
ODD STATE bits=16 active=1 ticks=7 period=428 bytes=6
ODD STATE bits=24 active=1 ticks=7 period=428 bytes=6
ODD SONG PASS: 8/16/24-bit five-frame masters, six-byte Chip caches with silent tail, safe loop/sync invalidation and exact save
SELECTED MASTERS PASS: 255 stored slots, unused stereo24/48k preserved, only selected Fast/Chip payload, active unsupported refusal, sync release and exact save
MAPPED MASTERS PASS: high32/255 sources across1-4 tracks, bounded Fast mapping, identical-PCM identity stop, working-set refusal and exact save
SHORT SONG PASS: 1/2/3-track private Fast padding, silent unused voices, bounded sync, count-change stop and exact source save
CHANNEL AUDIO PASS: muted start, live unmute, solo, shared solo, mute wins, immutable notes/samples, strict export refusal
CHANNEL DETAILS AUDIO PASS: saved names/groups/MIDI assignment preserve Paula replay, strict export refuses metadata, enhanced pan still refused
TITLE AUDIO PASS: long titles preserve playback and source metadata; strict export remains lossless
PREVIEW PCM state active=1 ticks=7 period=428 bytes=6
PREVIEW LOOP PASS: derived loop word alignment preserves master endpoints
PREVIEW RATE PASS: filtered derived half-rate preview preserves true24 master
PREVIEW PCM PASS: 24-bit master auditions via rounded/padded 8-bit Chip copy without changing master bytes or precision
PREVIEW CANCEL PASS: cancelled staging never starts or replaces playback
PREVIEW STEREO PASS: separate left/right Chip copies preserve interleaved true24 master
REPLAY effects speed/tempo/volume/cut observed mask=15 ticks=17
SONG AUDIO PASS: position changes stop stale replay; restart uses the new order list
CACHE PASS: independent Chip samples, Fast metadata, unused payload omitted, Chip/Fast placement, new instrument and changed master stop/rebuild
CACHE REUSE PASS: restart reuses allocation, refreshes EF-mutated/master-edited bytes and explicit stop releases cache
CACHE PRESSURE PASS: two partial allocation failures release Chip buffers, preserve source and permit restart
CIA fallback execution NOT RUN: Workbench already owns CIAA timer B; existing vector preserved
PAULA PASS: playback periods, busy audio refusal, DMA stop, immutable project, repeated restart, live edit, audition, speed/tempo/volume/cut, unsupported refusal, owned empty-sample DMA, CIA exhaustion and unrelated-vector preservation
