In file included from tests/editor_mixed_readers_prepare_test.c:5:
In file included from tests/sampler_mixed_activation_test.c:4:
In file included from tests/sampler_mixed_readers_test.c:2:
In file included from tests/mixed_scheduled_readers_test.c:2:
tests/amigus_wavetable_cache_test.c:1:9: error: 'main' macro redefined [-Werror,-Wmacro-redefined]
    1 | #define main reservation_fixture_main
      |         ^
tests/editor_mixed_readers_prepare_test.c:4:9: note: previous definition is here
    4 | #define main inherited_paired_main
      |         ^
In file included from tests/editor_mixed_readers_prepare_test.c:7:
In file included from tests/../src/editor/editor_mixed_readers_prepare.h:3:
In file included from tests/../src/editor/editor_mixed.h:4:
In file included from tests/../src/editor/mixed_transport.h:3:
In file included from tests/../src/editor/mixed_owner.h:3:
tests/../src/editor/mixed_preflight.h:5:145: error: redefinition of enumerator 'PT_MIXED_PENDING'
    5 | enum pt_mixed_result {PT_MIXED_OK,PT_MIXED_INVALID,PT_MIXED_RENDER,PT_MIXED_MEMORY,PT_MIXED_RANGE,PT_MIXED_ROUTE,PT_MIXED_PAULA,PT_MIXED_AMIGUS,PT_MIXED_PENDING};
      |                                                                                                                                                 ^
tests/../src/core/mixed_scheduled_readers.h:106:52: note: previous definition is here
  106 | enum pt_mixed_readers_reply {PT_MIXED_UNCERTAIN=-1,PT_MIXED_PENDING=0,
      |                                                    ^
tests/editor_mixed_readers_prepare_test.c:532:5: error: redefinition of 'main'
  532 | int main(void)
      |     ^
tests/mixed_scheduled_readers_test.c:513:5: note: previous definition is here
  513 | int main(void)
      |     ^
tests/editor_mixed_readers_prepare_test.c:544:12: error: call to undeclared function 'inherited_paired_main'; ISO C99 and later do not support implicit function declarations [-Wimplicit-function-declaration]
  544 |     return inherited_paired_main();
      |            ^
4 errors generated.
In file included from src/editor/editor_mixed_readers_prepare.c:1:
In file included from src/editor/editor_mixed_readers_prepare.h:4:
In file included from src/editor/sampler_mixed_readers.h:4:
src/editor/../core/mixed_scheduled_readers.h:106:52: error: redefinition of enumerator 'PT_MIXED_PENDING'
  106 | enum pt_mixed_readers_reply {PT_MIXED_UNCERTAIN=-1,PT_MIXED_PENDING=0,
      |                                                    ^
src/editor/mixed_preflight.h:5:145: note: previous definition is here
    5 | enum pt_mixed_result {PT_MIXED_OK,PT_MIXED_INVALID,PT_MIXED_RENDER,PT_MIXED_MEMORY,PT_MIXED_RANGE,PT_MIXED_ROUTE,PT_MIXED_PAULA,PT_MIXED_AMIGUS,PT_MIXED_PENDING};
      |                                                                                                                                                 ^
In file included from src/editor/editor_mixed_readers_prepare.c:1:
src/editor/editor_mixed_readers_prepare.h:39:36: error: field has incomplete type 'struct pt_sampler_storage_span'
   39 |     struct pt_sampler_storage_span contexts;
      |                                    ^
src/editor/editor_mixed_readers_prepare.h:39:12: note: forward declaration of 'struct pt_sampler_storage_span'
   39 |     struct pt_sampler_storage_span contexts;
      |            ^
src/editor/editor_mixed_readers_prepare.h:117:42: error: array has incomplete element type 'struct pt_sampler_storage_span'
  117 |     struct pt_sampler_storage_span guards[PT_EDITOR_MIXED_READERS_GUARDS];
      |                                          ^
src/editor/editor_mixed_readers_prepare.h:39:12: note: forward declaration of 'struct pt_sampler_storage_span'
   39 |     struct pt_sampler_storage_span contexts;
      |            ^
src/editor/editor_mixed_readers_prepare.h:119:44: error: array has incomplete element type 'struct pt_sampler_storage_span'
  119 |     struct pt_sampler_storage_span ordinary[PT_EDITOR_MIXED_READERS_ORDINARY];
      |                                            ^
src/editor/editor_mixed_readers_prepare.h:39:12: note: forward declaration of 'struct pt_sampler_storage_span'
   39 |     struct pt_sampler_storage_span contexts;
      |            ^
src/editor/editor_mixed_readers_prepare.h:120:40: error: array has incomplete element type 'struct pt_sampler_storage_span'
  120 |     struct pt_sampler_storage_span chip[PT_EDITOR_MIXED_READERS_CHIP];
      |                                        ^
src/editor/editor_mixed_readers_prepare.h:39:12: note: forward declaration of 'struct pt_sampler_storage_span'
   39 |     struct pt_sampler_storage_span contexts;
      |            ^
src/editor/editor_mixed_readers_prepare.c:105:58: error: misleading indentation; statement is not part of the previous 'for' [-Werror,-Wmisleading-indentation]
  105 |  v[i]=(struct pt_sampler_storage_span){NULL,0};return 1;}return 0;}
      |                                                          ^
src/editor/editor_mixed_readers_prepare.c:104:13: note: previous statement is here
  104 | {unsigned i;for(i=0;i<count;++i)if(v[i].data==p&&(!exact||v[i].bytes==n)){
      |             ^
src/editor/editor_mixed_readers_prepare.c:394:51: error: misleading indentation; statement is not part of the previous 'if' [-Werror,-Wmisleading-indentation]
  394 |  !s->command[ref.slot].handle.address)return NULL;return s->command+ref.slot;}
      |                                                   ^
src/editor/editor_mixed_readers_prepare.c:393:2: note: previous statement is here
  393 | {if(ref.slot>=PT_SAMPLER_MIXED_COMMANDS||!ref.serial||s->command[ref.slot].serial!=ref.serial||
      |  ^
src/editor/editor_mixed_readers_prepare.c:398:50: error: misleading indentation; statement is not part of the previous 'if' [-Werror,-Wmisleading-indentation]
  398 |  !s->reader[ref.slot].handle.address)return NULL;return s->reader+ref.slot;}
      |                                                  ^
src/editor/editor_mixed_readers_prepare.c:397:2: note: previous statement is here
  397 | {if(ref.slot>=PT_SAMPLER_MIXED_READERS||!ref.serial||s->reader[ref.slot].serial!=ref.serial||
      |  ^
8 errors generated.
