EXEC MEMORY pool_limit=130914848 reserve=262144 flags=4
NATIVE ECLOCK observed frequency=709379 reads=101 epoch=0
NATIVE ECLOCK observed frequency=709379 reads=101 epoch=1
NATIVE ECLOCK observed frequency=709379 reads=101 epoch=2
NATIVE ECLOCK PASS: real timer.device reads, stable frequency, monotonic64-bit counter, checked frame/deadline conversion, repeated close/reopen; no timer requests or audio output
NATIVE ALARM observed late_ticks=14586 frequency=709379 poll=Delay(1) case=0
NATIVE ALARM observed late_ticks=26620 frequency=709379 poll=Delay(1) case=1
NATIVE ALARM observed late_ticks=25726 frequency=709379 poll=Delay(1) case=2
NATIVE ALARM observed late_ticks=26358 frequency=709379 poll=Delay(1) case=3
NATIVE ALARM PASS: absolute EClock alarm completion, reply collection/reuse, future-alarm cancel/close and reopen; coarse diagnostic polling, no audio or timing qualification
NATIVE SIGNAL observed late_ticks=9828 frequency=709379 delay_ms=2 case=0
NATIVE SIGNAL observed late_ticks=278 frequency=709379 delay_ms=10 case=1
NATIVE SIGNAL observed late_ticks=195 frequency=709379 delay_ms=2 case=2
NATIVE SIGNAL observed late_ticks=198 frequency=709379 delay_ms=10 case=3
NATIVE SIGNAL observed late_ticks=200 frequency=709379 delay_ms=2 case=4
NATIVE SIGNAL observed late_ticks=200 frequency=709379 delay_ms=10 case=5
NATIVE SIGNAL observed late_ticks=198 frequency=709379 delay_ms=2 case=6
NATIVE SIGNAL observed late_ticks=199 frequency=709379 delay_ms=10 case=7
NATIVE SIGNAL observed late_ticks=201 frequency=709379 delay_ms=2 case=8
NATIVE SIGNAL observed late_ticks=196 frequency=709379 delay_ms=10 case=9
NATIVE SIGNAL observed late_ticks=196 frequency=709379 delay_ms=2 case=10
NATIVE SIGNAL observed late_ticks=197 frequency=709379 delay_ms=10 case=11
NATIVE SIGNAL observed late_ticks=196 frequency=709379 delay_ms=2 case=12
NATIVE SIGNAL observed late_ticks=196 frequency=709379 delay_ms=10 case=13
NATIVE SIGNAL observed late_ticks=194 frequency=709379 delay_ms=2 case=14
NATIVE SIGNAL observed late_ticks=194 frequency=709379 delay_ms=10 case=15
NATIVE SIGNAL SUMMARY cases=16 min_ticks=194 max_ticks=9828 over_48k_frame=16 frequency=709379
NATIVE SIGNAL PASS: task signal wake, independent watchdog, actual-time resampling and all requests/resources closed; diagnostic observation only, no playback dispatch
NATIVE SONG GATE observed frame=9626 start=9600 result=14 starts=0 injected_delay=0
NATIVE SONG GATE observed frame=11196 start=9600 result=14 starts=0 injected_delay=1
NATIVE SONG GATE PASS: real clock/alarms, primed sample leases, observed late service refuses all voice callbacks and releases leases; injected voice bus, no audio output
NATIVE COST ready voices=1 before_sample=235 after_sample=518 total=753 frequency=709379 case=0
NATIVE COST ready voices=1 before_sample=226 after_sample=522 total=748 frequency=709379 case=1
NATIVE COST ready voices=1 before_sample=230 after_sample=523 total=753 frequency=709379 case=2
NATIVE COST ready voices=1 before_sample=231 after_sample=526 total=757 frequency=709379 case=3
NATIVE COST start voices=1 before_sample=235 sample_to_first=2795 first_to_last=0 last_to_return=1410 total=4440 frequency=709379
NATIVE COST ready voices=16 before_sample=230 after_sample=520 total=750 frequency=709379 case=0
NATIVE COST ready voices=16 before_sample=235 after_sample=515 total=750 frequency=709379 case=1
NATIVE COST ready voices=16 before_sample=230 after_sample=523 total=753 frequency=709379 case=2
NATIVE COST ready voices=16 before_sample=236 after_sample=520 total=756 frequency=709379 case=3
NATIVE COST start voices=16 before_sample=231 sample_to_first=7498 first_to_last=12789 last_to_return=6471 total=26989 frequency=709379
NATIVE COST PASS: unchanged source guards, measured ready/one/16voice prepared commit, no allocation/upload at commit, exact lease cleanup; injected logical clock/voice bus, no audio or realtime qualification
CURRENT PIN PASS: exact8/16/24 master reuse, budget-free retain, stale/descriptor refusal, shared backing and final release
STUDIO PREPARATION PASS: bounded copy/cancel/stale/budget, selective pre-roll/repeat pins, stereo24/pingpong/slice parity and stop ownership
PROJECT SNAPSHOT PASS: every object byte including padding and tail detects mutation, symmetric equality/self-alias, native ABI alignment, unchanged inputs and full ownership checks retained
PIN JOB PASS: bounded PCM/marker copy, atomic 8/16/24-bit publication, cancellation, stale poison, budget/reuse and pinned lifetime
LOOKAHEAD PASS: bounded copied phase/commands, live consume interleave, exact plans, no early commit, stale/rewind/cancel/private-source refusal
VALIDATED VOICE PASS: 8/16/24-bit exact loop/segment/handoff parity, bounded refusal/alias atomicity, public value validation retained
amigus reservation lifecycle: PASS (fake library, no hardware)
WAVETABLE UPLOAD JOB PASS: bounded steps, cancellation, unpublished leases, partial words, live ownership loss and hit transfer; injected only
AMIGUS WAVETABLE OWNER PASS: explicit resource, pinned cache lifetime, failure cleanup, lost ownership refusal; fake library/bus only
SAMPLER UPLOAD JOB PASS: exact8/16/24 pins, stable descriptor, bounded steps, release/edit/history/cancel guards, hits and memory refusal; injected only
SAMPLER WAVETABLE PASS: revision rebuilds, edits/undo/table changes, pinned old playback, master save and failure cleanup; fake bus only
AMIGUS VOICE PLAN PASS: byte bounds, alignment, loops, rational rate, volume, refusal atomicity; no I/O
WAVETABLE VOICES PASS: 16 voices, retrigger, uncertain start, confirmed stop, bounded close, master preserved
WAVETABLE RESTORE OWNER PASS: whole-batch acquisition, exact cursor, refusal rollback, uncertain restore retains lease until confirmed stop; injected only
WAVETABLE PREFLIGHT STEP PASS: pending gate, bounded timeline/frame progress, copied options, cancellation, late refusal, terminal stability and allocation cleanup
WAVETABLE SONG PASS: gated preflight, selective master pins, interval protocol, pending stop, stale and failed-start ownership; injected only
WAVETABLE STAGED RESTORE PASS: one exact-cursor conversion per preparation step,8/16-bit fractional parity, zero commit conversion/upload, repeat readiness and early/double/cancel/stale/uncertain-stop ownership
WAVETABLE RANGE PASS: silent pre-roll, exact fractional restore before output, selective source pins, final-span timing and uncertain-stop ownership; injected only
WAVETABLE PREPARING PASS: exclusive pending owner, no early pins/output, cancel/stale/late-refusal/promotion-failure cleanup, transferred song/range playback
WAVETABLE GUARD PASS: invalid initial PCM, immutable revision/identity guards, lost ownership latch, promotion and cancellation; injected only
WAVETABLE PREPARED SOURCES PASS: exact pin/descriptor refusal before upload, cache-hit retrigger, public validation retained; injected only
LARGE PREPARING PASS: allocation separate from4KiB copies, no partial master publication/output, cancel/stale cleanup and intact24-bit ready master
SONG PREFETCH PASS: upcoming600-byte cache ready before elapsed interval, no early commit, write-free commit, stale/transfer/cancel with old voice ownership
SONG UPLOADING PASS: whole-batch leases,256-byte steps, no early output/time, duplicate hits, cancellation/stale/capacity/transfer guards and uncertain stop
WAVETABLE CLOCK PASS: exact ready deadline, no early/late starts, monotonic/overflow refusal, bounded phase debt and retained uncertain stops; injected interval gate only
WAVETABLE SCHEDULE PASS: future startup, silent range priming, fractional/tempo absolute boundaries, lead-in, no early/late starts, deadline/clock refusal and uncertain-stop retention; injected only
ELAPSED CLOCK PASS: rational carry, partition invariance, large quotient, exact limit, sticky overflow/frequency/regression and atomic refusal
ELAPSED DEADLINE PASS: earliest reaching tick, nonintegral carry, low-frequency skipped frames, extreme bounds, borrowing and atomic refusal
WAVETABLE CLOCKED PASS: fractional tick service, single reads, exclusive progression, read/frequency/regression/deadline faults, no recovery reread and uncertain-stop retention; injected only
PREPARED BATCH PASS: one command per preparation step, zero commit conversions,8/16-bit plans, controls, duplicate leases, stale/cancel and whole-batch active-state refusal with uncertain-stop retention
WAVETABLE DISPATCH PASS: whole-sequence preflight, resolved16-channel triggers, phase-preserving controls, atomic refusal, uncertain-stop retention; injected only
EDITOR PREPARING PASS: edit, Stop and dispose cancel before source/output ownership
EDITOR UPLOADING PASS: edit/undo, Stop and dispose cancel unpublished device/master leases before output
EDITOR STAGED RESTORE PASS: edit/undo, scheduled Stop and dispose release prepared leases before any voice restore
EDITOR WAVETABLE PASS: pending/failed stop vetoes edits, imports, undo/redo, replacement and disposal; navigation retained; injected only
EXEC MEMORY PASS: 1255 Fast allocations, zero owned bytes, budget refusal without Chip fallback
