EDITOR RECENT loaded=0 prefix=Dev:Tests/paula-highres-ui-1790562269270222000/recent
EDITOR RECENT saved=1 count=1
EDITOR READY channels=3 patterns=1 bitmap_bytes=163840 history_bytes=104132
EDITOR FRAME row=0 channel=0 revision=0 dirty=0 status=READY - F8 PLAY / F9 PATTERN / F10 STOP panel=0
EDITOR FRAME row=0 channel=0 revision=0 dirty=0 status=PLAYING SONG - PAULA CIA panel=0
EDITOR REPLAY active=1 ticks=12 order=0 pattern=0 row=1 bpm=125 speed=6 period=428,339,285,0 volume=32,32,32,0
EDITOR FRAME row=1 channel=0 revision=0 dirty=0 status=PLAYING SONG - PAULA CIA panel=0
EDITOR REPLAY active=1 ticks=18 order=0 pattern=0 row=2 bpm=125 speed=6 period=428,339,285,0 volume=32,32,32,0
EDITOR FRAME row=2 channel=0 revision=0 dirty=0 status=PLAYING SONG - PAULA CIA panel=0
EDITOR REPLAY active=1 ticks=26 order=0 pattern=0 row=3 bpm=125 speed=6 period=428,339,285,0 volume=32,32,32,0
EDITOR FRAME row=3 channel=0 revision=0 dirty=0 status=PLAYING SONG - PAULA CIA panel=0
EDITOR REPLAY active=1 ticks=30 order=0 pattern=0 row=4 bpm=125 speed=6 period=428,339,285,0 volume=32,32,32,0
EDITOR FRAME row=4 channel=0 revision=0 dirty=0 status=PLAYING SONG - PAULA CIA panel=0
EDITOR REPLAY active=1 ticks=36 order=0 pattern=0 row=5 bpm=125 speed=6 period=428,339,285,0 volume=32,32,32,0
EDITOR FRAME row=5 channel=0 revision=0 dirty=0 status=PLAYING SONG - PAULA CIA panel=0
EDITOR REPLAY active=1 ticks=42 order=0 pattern=0 row=6 bpm=125 speed=6 period=428,339,285,0 volume=32,32,32,0
EDITOR FRAME row=6 channel=0 revision=0 dirty=0 status=PLAYING SONG - PAULA CIA panel=0
EDITOR REPLAY active=1 ticks=49 order=0 pattern=0 row=7 bpm=125 speed=6 period=428,339,285,0 volume=32,32,32,0
EDITOR FRAME row=7 channel=0 revision=0 dirty=0 status=PLAYING SONG - PAULA CIA panel=0
EDITOR REPLAY active=1 ticks=56 order=0 pattern=0 row=8 bpm=125 speed=6 period=428,339,285,0 volume=32,32,32,0
EDITOR FRAME row=8 channel=0 revision=0 dirty=0 status=PLAYING SONG - PAULA CIA panel=0
EDITOR REPLAY active=1 ticks=62 order=0 pattern=0 row=9 bpm=125 speed=6 period=428,339,285,0 volume=32,32,32,0
EDITOR FRAME row=9 channel=0 revision=0 dirty=0 status=PLAYING SONG - PAULA CIA panel=0
EDITOR REPLAY active=1 ticks=68 order=0 pattern=0 row=10 bpm=125 speed=6 period=428,339,285,0 volume=32,32,32,0
EDITOR FRAME row=10 channel=0 revision=0 dirty=0 status=PLAYING SONG - PAULA CIA panel=0
EDITOR REPLAY active=1 ticks=75 order=0 pattern=0 row=11 bpm=125 speed=6 period=428,339,285,0 volume=32,32,32,0
EDITOR FRAME row=11 channel=0 revision=0 dirty=0 status=PLAYING SONG - PAULA CIA panel=0
EDITOR REPLAY active=1 ticks=82 order=0 pattern=0 row=12 bpm=125 speed=6 period=428,339,285,0 volume=32,32,32,0
EDITOR FRAME row=12 channel=0 revision=0 dirty=0 status=PLAYING SONG - PAULA CIA panel=0
EDITOR REPLAY active=1 ticks=88 order=0 pattern=0 row=13 bpm=125 speed=6 period=428,339,285,0 volume=32,32,32,0
EDITOR CADENCE frames=26 ticks50=104 peak_gap_ticks50=7
EDITOR FRAME row=13 channel=0 revision=0 dirty=0 status=PLAYING SONG - PAULA CIA panel=0
EDITOR REPLAY active=1 ticks=94 order=0 pattern=0 row=14 bpm=125 speed=6 period=428,339,285,0 volume=32,32,32,0
EDITOR FRAME row=14 channel=0 revision=0 dirty=0 status=PLAYING SONG - PAULA CIA panel=0
EDITOR REPLAY active=1 ticks=101 order=0 pattern=0 row=15 bpm=125 speed=6 period=428,339,285,0 volume=32,32,32,0
EDITOR FRAME row=15 channel=0 revision=0 dirty=0 status=PLAYING SONG - PAULA CIA panel=0
EDITOR REPLAY active=1 ticks=107 order=0 pattern=0 row=16 bpm=125 speed=6 period=428,339,285,0 volume=32,32,32,0
EDITOR FRAME row=16 channel=0 revision=0 dirty=0 status=PLAYING SONG - PAULA CIA panel=0
EDITOR REPLAY active=1 ticks=114 order=0 pattern=0 row=18 bpm=125 speed=6 period=428,339,285,0 volume=32,32,32,0
EDITOR FRAME row=18 channel=0 revision=0 dirty=0 status=PLAYING SONG - PAULA CIA panel=0
EDITOR REPLAY active=1 ticks=120 order=0 pattern=0 row=19 bpm=125 speed=6 period=428,339,285,0 volume=32,32,32,0
EDITOR FRAME row=19 channel=0 revision=0 dirty=0 status=PLAYING SONG - PAULA CIA panel=0
EDITOR REPLAY active=1 ticks=127 order=0 pattern=0 row=20 bpm=125 speed=6 period=428,339,285,0 volume=32,32,32,0
EDITOR FRAME row=20 channel=0 revision=0 dirty=0 status=PLAYING SONG - PAULA CIA panel=0
EDITOR REPLAY active=1 ticks=138 order=0 pattern=0 row=22 bpm=125 speed=6 period=428,339,285,0 volume=32,32,32,0
EDITOR FRAME row=22 channel=0 revision=0 dirty=0 status=PLAYING SONG - PAULA CIA panel=0
EDITOR REPLAY active=1 ticks=150 order=0 pattern=0 row=24 bpm=125 speed=6 period=428,339,285,0 volume=32,32,32,0
EDITOR FRAME row=24 channel=0 revision=0 dirty=0 status=PLAYING SONG - PAULA CIA panel=0
EDITOR REPLAY active=1 ticks=162 order=0 pattern=0 row=26 bpm=125 speed=6 period=428,339,285,0 volume=32,32,32,0
EDITOR FRAME row=26 channel=0 revision=0 dirty=0 status=PLAYING SONG - PAULA CIA panel=0
EDITOR REPLAY active=1 ticks=174 order=0 pattern=0 row=28 bpm=125 speed=6 period=428,339,285,0 volume=32,32,32,0
EDITOR FRAME row=28 channel=0 revision=0 dirty=0 status=PLAYING SONG - PAULA CIA panel=0
EDITOR REPLAY active=1 ticks=186 order=0 pattern=0 row=30 bpm=125 speed=6 period=428,339,285,0 volume=32,32,32,0
EDITOR CADENCE frames=11 ticks50=104 peak_gap_ticks50=13
EDITOR FRAME row=30 channel=0 revision=0 dirty=0 status=PLAYING SONG - PAULA CIA panel=0
EDITOR REPLAY active=1 ticks=198 order=0 pattern=0 row=32 bpm=125 speed=6 period=428,339,285,0 volume=32,32,32,0
EDITOR FRAME row=32 channel=0 revision=0 dirty=0 status=PLAYING SONG - PAULA CIA panel=0
EDITOR REPLAY active=1 ticks=210 order=0 pattern=0 row=34 bpm=125 speed=6 period=428,339,285,0 volume=32,32,32,0
EDITOR FRAME row=34 channel=0 revision=0 dirty=0 status=PLAYING SONG - PAULA CIA panel=0
EDITOR REPLAY active=1 ticks=222 order=0 pattern=0 row=36 bpm=125 speed=6 period=428,339,285,0 volume=32,32,32,0
EDITOR FRAME row=36 channel=0 revision=0 dirty=0 status=PLAYING SONG - PAULA CIA panel=0
EDITOR REPLAY active=1 ticks=234 order=0 pattern=0 row=38 bpm=125 speed=6 period=428,339,285,0 volume=32,32,32,0
EDITOR FRAME row=38 channel=0 revision=0 dirty=0 status=PLAYING SONG - PAULA CIA panel=0
EDITOR REPLAY active=1 ticks=246 order=0 pattern=0 row=40 bpm=125 speed=6 period=428,339,285,0 volume=32,32,32,0
EDITOR FRAME row=40 channel=0 revision=0 dirty=0 status=PLAYING SONG - PAULA CIA panel=0
EDITOR REPLAY active=1 ticks=258 order=0 pattern=0 row=42 bpm=125 speed=6 period=428,339,285,0 volume=32,32,32,0
EDITOR FRAME row=42 channel=0 revision=0 dirty=0 status=PLAYING SONG - PAULA CIA panel=0
EDITOR REPLAY active=1 ticks=270 order=0 pattern=0 row=44 bpm=125 speed=6 period=428,339,285,0 volume=32,32,32,0
EDITOR FRAME row=44 channel=0 revision=0 dirty=0 status=PLAYING SONG - PAULA CIA panel=0
EDITOR REPLAY active=1 ticks=282 order=0 pattern=0 row=46 bpm=125 speed=6 period=428,339,285,0 volume=32,32,32,0
EDITOR FRAME row=46 channel=0 revision=0 dirty=0 status=PLAYING SONG - PAULA CIA panel=0
EDITOR REPLAY active=1 ticks=294 order=0 pattern=0 row=48 bpm=125 speed=6 period=428,339,285,0 volume=32,32,32,0
EDITOR CADENCE frames=9 ticks50=108 peak_gap_ticks50=12
EDITOR FRAME row=48 channel=0 revision=0 dirty=0 status=PLAYING SONG - PAULA CIA panel=0
EDITOR REPLAY active=1 ticks=306 order=0 pattern=0 row=50 bpm=125 speed=6 period=428,339,285,0 volume=32,32,32,0
EDITOR FRAME row=50 channel=0 revision=0 dirty=0 status=PLAYING SONG - PAULA CIA panel=0
EDITOR REPLAY active=1 ticks=318 order=0 pattern=0 row=52 bpm=125 speed=6 period=428,339,285,0 volume=32,32,32,0
EDITOR FRAME row=52 channel=0 revision=0 dirty=0 status=PLAYING SONG - PAULA CIA panel=0
EDITOR REPLAY active=1 ticks=330 order=0 pattern=0 row=54 bpm=125 speed=6 period=428,339,285,0 volume=32,32,32,0
EDITOR FRAME row=54 channel=0 revision=0 dirty=0 status=PLAYING SONG - PAULA CIA panel=0
EDITOR REPLAY active=1 ticks=342 order=0 pattern=0 row=56 bpm=125 speed=6 period=428,339,285,0 volume=32,32,32,0
EDITOR FRAME row=56 channel=0 revision=0 dirty=0 status=PLAYING SONG - PAULA CIA panel=0
EDITOR REPLAY active=1 ticks=354 order=0 pattern=0 row=58 bpm=125 speed=6 period=428,339,285,0 volume=32,32,32,0
EDITOR FRAME row=58 channel=0 revision=0 dirty=0 status=PLAYING SONG - PAULA CIA panel=0
EDITOR REPLAY active=1 ticks=366 order=0 pattern=0 row=60 bpm=125 speed=6 period=428,339,285,0 volume=32,32,32,0
EDITOR FRAME row=60 channel=0 revision=0 dirty=0 status=PLAYING SONG - PAULA CIA panel=0
EDITOR REPLAY active=1 ticks=378 order=0 pattern=0 row=62 bpm=125 speed=6 period=428,339,285,0 volume=32,32,32,0
EDITOR FRAME row=62 channel=0 revision=0 dirty=0 status=PLAYING SONG - PAULA CIA panel=0
EDITOR REPLAY active=1 ticks=391 order=0 pattern=0 row=0 bpm=125 speed=6 period=428,339,285,0 volume=32,32,32,0
EDITOR CADENCE frames=8 ticks50=109 peak_gap_ticks50=24
EDITOR FRAME row=0 channel=0 revision=0 dirty=0 status=PLAYING SONG - PAULA CIA panel=0
EDITOR REPLAY active=1 ticks=415 order=0 pattern=0 row=4 bpm=125 speed=6 period=428,339,285,0 volume=32,32,32,0
EDITOR FRAME row=4 channel=0 revision=0 dirty=0 status=PLAYING SONG - PAULA CIA panel=0
EDITOR REPLAY active=1 ticks=420 order=0 pattern=0 row=5 bpm=125 speed=6 period=428,339,285,0 volume=32,32,32,0
EDITOR FRAME row=5 channel=0 revision=0 dirty=0 status=PLAYING SONG - PAULA CIA panel=0
EDITOR REPLAY active=1 ticks=427 order=0 pattern=0 row=6 bpm=125 speed=6 period=428,339,285,0 volume=32,32,32,0
EDITOR FRAME row=6 channel=0 revision=0 dirty=0 status=PLAYING SONG - PAULA CIA panel=0
EDITOR REPLAY active=1 ticks=432 order=0 pattern=0 row=7 bpm=125 speed=6 period=428,339,285,0 volume=32,32,32,0
EDITOR FRAME row=7 channel=0 revision=0 dirty=0 status=PLAYING SONG - PAULA CIA panel=0
EDITOR REPLAY active=1 ticks=438 order=0 pattern=0 row=8 bpm=125 speed=6 period=428,339,285,0 volume=32,32,32,0
EDITOR FRAME row=8 channel=0 revision=0 dirty=0 status=PLAYING SONG - PAULA CIA panel=0
EDITOR REPLAY active=1 ticks=444 order=0 pattern=0 row=9 bpm=125 speed=6 period=428,339,285,0 volume=32,32,32,0
EDITOR FRAME row=9 channel=0 revision=0 dirty=0 status=PLAYING SONG - PAULA CIA panel=0
EDITOR REPLAY active=1 ticks=450 order=0 pattern=0 row=10 bpm=125 speed=6 period=428,339,285,0 volume=32,32,32,0
EDITOR FRAME row=10 channel=0 revision=0 dirty=0 status=PLAYING SONG - PAULA CIA panel=0
EDITOR REPLAY active=1 ticks=456 order=0 pattern=0 row=11 bpm=125 speed=6 period=428,339,285,0 volume=32,32,32,0
EDITOR FRAME row=11 channel=0 revision=0 dirty=0 status=PLAYING SONG - PAULA CIA panel=0
EDITOR REPLAY active=1 ticks=463 order=0 pattern=0 row=12 bpm=125 speed=6 period=428,339,285,0 volume=32,32,32,0
EDITOR FRAME row=12 channel=0 revision=0 dirty=0 status=PLAYING SONG - PAULA CIA panel=0
EDITOR REPLAY active=1 ticks=468 order=0 pattern=0 row=13 bpm=125 speed=6 period=428,339,285,0 volume=32,32,32,0
EDITOR FRAME row=13 channel=0 revision=0 dirty=0 status=PLAYING SONG - PAULA CIA panel=0
EDITOR REPLAY active=1 ticks=474 order=0 pattern=0 row=14 bpm=125 speed=6 period=428,339,285,0 volume=32,32,32,0
EDITOR FRAME row=14 channel=0 revision=0 dirty=0 status=PLAYING SONG - PAULA CIA panel=0
EDITOR REPLAY active=1 ticks=480 order=0 pattern=0 row=15 bpm=125 speed=6 period=428,339,285,0 volume=32,32,32,0
EDITOR FRAME row=15 channel=0 revision=0 dirty=0 status=PLAYING SONG - PAULA CIA panel=0
EDITOR REPLAY active=1 ticks=486 order=0 pattern=0 row=16 bpm=125 speed=6 period=428,339,285,0 volume=32,32,32,0
EDITOR FRAME row=16 channel=0 revision=0 dirty=0 status=PLAYING SONG - PAULA CIA panel=0
EDITOR REPLAY active=1 ticks=493 order=0 pattern=0 row=17 bpm=125 speed=6 period=428,339,285,0 volume=32,32,32,0
EDITOR FRAME row=17 channel=0 revision=0 dirty=0 status=PLAYING SONG - PAULA CIA panel=0
EDITOR REPLAY active=1 ticks=498 order=0 pattern=0 row=18 bpm=125 speed=6 period=428,339,285,0 volume=32,32,32,0
EDITOR FRAME row=18 channel=0 revision=0 dirty=0 status=PLAYING SONG - PAULA CIA panel=0
EDITOR REPLAY active=1 ticks=504 order=0 pattern=0 row=19 bpm=125 speed=6 period=428,339,285,0 volume=32,32,32,0
EDITOR FRAME row=19 channel=0 revision=0 dirty=0 status=PLAYING SONG - PAULA CIA panel=0
EDITOR REPLAY active=1 ticks=510 order=0 pattern=0 row=20 bpm=125 speed=6 period=428,339,285,0 volume=32,32,32,0
EDITOR CADENCE frames=51 ticks50=101 peak_gap_ticks50=6
EDITOR FRAME row=20 channel=0 revision=0 dirty=0 status=PLAYING SONG - PAULA CIA panel=0
EDITOR REPLAY active=1 ticks=516 order=0 pattern=0 row=21 bpm=125 speed=6 period=428,339,285,0 volume=32,32,32,0
EDITOR FRAME row=21 channel=0 revision=0 dirty=0 status=PLAYING SONG - PAULA CIA panel=0
EDITOR REPLAY active=1 ticks=522 order=0 pattern=0 row=22 bpm=125 speed=6 period=428,339,285,0 volume=32,32,32,0
EDITOR FRAME row=22 channel=0 revision=0 dirty=0 status=PLAYING SONG - PAULA CIA panel=0
EDITOR REPLAY active=1 ticks=529 order=0 pattern=0 row=23 bpm=125 speed=6 period=428,339,285,0 volume=32,32,32,0
EDITOR FRAME row=23 channel=0 revision=0 dirty=0 status=PLAYING SONG - PAULA CIA panel=0
EDITOR REPLAY active=1 ticks=535 order=0 pattern=0 row=24 bpm=125 speed=6 period=428,339,285,0 volume=32,32,32,0
EDITOR FRAME row=24 channel=0 revision=0 dirty=0 status=PLAYING SONG - PAULA CIA panel=0
EDITOR REPLAY active=1 ticks=541 order=0 pattern=0 row=25 bpm=125 speed=6 period=428,339,285,0 volume=32,32,32,0
EDITOR FRAME row=25 channel=0 revision=0 dirty=0 status=PLAYING SONG - PAULA CIA panel=0
EDITOR REPLAY active=1 ticks=548 order=0 pattern=0 row=26 bpm=125 speed=6 period=428,339,285,0 volume=32,32,32,0
EDITOR FRAME row=26 channel=0 revision=0 dirty=0 status=PLAYING SONG - PAULA CIA panel=0
EDITOR REPLAY active=1 ticks=554 order=0 pattern=0 row=27 bpm=125 speed=6 period=428,339,285,0 volume=32,32,32,0
EDITOR FRAME row=27 channel=0 revision=0 dirty=0 status=PLAYING SONG - PAULA CIA panel=0
EDITOR REPLAY active=1 ticks=560 order=0 pattern=0 row=28 bpm=125 speed=6 period=428,339,285,0 volume=32,32,32,0
EDITOR FRAME row=28 channel=0 revision=0 dirty=0 status=PLAYING SONG - PAULA CIA panel=0
EDITOR REPLAY active=1 ticks=566 order=0 pattern=0 row=29 bpm=125 speed=6 period=428,339,285,0 volume=32,32,32,0
EDITOR FRAME row=29 channel=0 revision=0 dirty=0 status=PLAYING SONG - PAULA CIA panel=0
EDITOR REPLAY active=1 ticks=573 order=0 pattern=0 row=30 bpm=125 speed=6 period=428,339,285,0 volume=32,32,32,0
EDITOR FRAME row=30 channel=0 revision=0 dirty=0 status=PLAYING SONG - PAULA CIA panel=0
EDITOR REPLAY active=1 ticks=579 order=0 pattern=0 row=31 bpm=125 speed=6 period=428,339,285,0 volume=32,32,32,0
EDITOR FRAME row=31 channel=0 revision=0 dirty=0 status=PLAYING SONG - PAULA CIA panel=0
EDITOR REPLAY active=1 ticks=585 order=0 pattern=0 row=32 bpm=125 speed=6 period=428,339,285,0 volume=32,32,32,0
EDITOR FRAME row=32 channel=0 revision=0 dirty=0 status=PLAYING SONG - PAULA CIA panel=0
EDITOR REPLAY active=1 ticks=591 order=0 pattern=0 row=33 bpm=125 speed=6 period=428,339,285,0 volume=32,32,32,0
EDITOR FRAME row=33 channel=0 revision=0 dirty=0 status=PLAYING SONG - PAULA CIA panel=0
EDITOR REPLAY active=1 ticks=598 order=0 pattern=0 row=34 bpm=125 speed=6 period=428,339,285,0 volume=32,32,32,0
EDITOR FRAME row=34 channel=0 revision=0 dirty=0 status=PLAYING SONG - PAULA CIA panel=0
EDITOR REPLAY active=1 ticks=604 order=0 pattern=0 row=35 bpm=125 speed=6 period=428,339,285,0 volume=32,32,32,0
EDITOR FRAME row=35 channel=0 revision=0 dirty=0 status=PLAYING SONG - PAULA CIA panel=0
EDITOR REPLAY active=1 ticks=610 order=0 pattern=0 row=36 bpm=125 speed=6 period=428,339,285,0 volume=32,32,32,0
EDITOR CADENCE frames=16 ticks50=100 peak_gap_ticks50=7
EDITOR FRAME row=36 channel=0 revision=0 dirty=0 status=PLAYING SONG - PAULA CIA panel=0
EDITOR REPLAY active=1 ticks=617 order=0 pattern=0 row=37 bpm=125 speed=6 period=428,339,285,0 volume=32,32,32,0
EDITOR FRAME row=37 channel=0 revision=0 dirty=0 status=PLAYING SONG - PAULA CIA panel=0
EDITOR REPLAY active=1 ticks=623 order=0 pattern=0 row=38 bpm=125 speed=6 period=428,339,285,0 volume=32,32,32,0
EDITOR FRAME row=38 channel=0 revision=0 dirty=0 status=PLAYING SONG - PAULA CIA panel=0
EDITOR REPLAY active=1 ticks=629 order=0 pattern=0 row=39 bpm=125 speed=6 period=428,339,285,0 volume=32,32,32,0
EDITOR FRAME row=39 channel=0 revision=0 dirty=0 status=PLAYING SONG - PAULA CIA panel=0
EDITOR REPLAY active=1 ticks=635 order=0 pattern=0 row=40 bpm=125 speed=6 period=428,339,285,0 volume=32,32,32,0
EDITOR FRAME row=40 channel=0 revision=0 dirty=0 status=PLAYING SONG - PAULA CIA panel=0
EDITOR REPLAY active=1 ticks=642 order=0 pattern=0 row=42 bpm=125 speed=6 period=428,339,285,0 volume=32,32,32,0
EDITOR FRAME row=42 channel=0 revision=0 dirty=0 status=PLAYING SONG - PAULA CIA panel=0
EDITOR REPLAY active=1 ticks=649 order=0 pattern=0 row=43 bpm=125 speed=6 period=428,339,285,0 volume=32,32,32,0
EDITOR FRAME row=43 channel=0 revision=0 dirty=0 status=PLAYING SONG - PAULA CIA panel=0
EDITOR REPLAY active=1 ticks=655 order=0 pattern=0 row=44 bpm=125 speed=6 period=428,339,285,0 volume=32,32,32,0
EDITOR FRAME row=44 channel=0 revision=0 dirty=0 status=PLAYING SONG - PAULA CIA panel=0
EDITOR REPLAY active=1 ticks=661 order=0 pattern=0 row=45 bpm=125 speed=6 period=428,339,285,0 volume=32,32,32,0
EDITOR FRAME row=45 channel=0 revision=0 dirty=0 status=PLAYING SONG - PAULA CIA panel=0
EDITOR REPLAY active=1 ticks=668 order=0 pattern=0 row=46 bpm=125 speed=6 period=428,339,285,0 volume=32,32,32,0
EDITOR FRAME row=46 channel=0 revision=0 dirty=0 status=PLAYING SONG - PAULA CIA panel=0
EDITOR REPLAY active=1 ticks=674 order=0 pattern=0 row=47 bpm=125 speed=6 period=428,339,285,0 volume=32,32,32,0
EDITOR FRAME row=47 channel=0 revision=0 dirty=0 status=PLAYING SONG - PAULA CIA panel=0
EDITOR REPLAY active=1 ticks=680 order=0 pattern=0 row=48 bpm=125 speed=6 period=428,339,285,0 volume=32,32,32,0
EDITOR FRAME row=48 channel=0 revision=0 dirty=0 status=PLAYING SONG - PAULA CIA panel=0
EDITOR REPLAY active=1 ticks=686 order=0 pattern=0 row=49 bpm=125 speed=6 period=428,339,285,0 volume=32,32,32,0
EDITOR FRAME row=49 channel=0 revision=0 dirty=0 status=PLAYING SONG - PAULA CIA panel=0
EDITOR REPLAY active=1 ticks=693 order=0 pattern=0 row=50 bpm=125 speed=6 period=428,339,285,0 volume=32,32,32,0
EDITOR FRAME row=50 channel=0 revision=0 dirty=0 status=PLAYING SONG - PAULA CIA panel=0
EDITOR REPLAY active=1 ticks=699 order=0 pattern=0 row=51 bpm=125 speed=6 period=428,339,285,0 volume=32,32,32,0
EDITOR FRAME row=51 channel=0 revision=0 dirty=0 status=PLAYING SONG - PAULA CIA panel=0
EDITOR REPLAY active=1 ticks=705 order=0 pattern=0 row=52 bpm=125 speed=6 period=428,339,285,0 volume=32,32,32,0
EDITOR FRAME row=52 channel=0 revision=0 dirty=0 status=PLAYING SONG - PAULA CIA panel=0
EDITOR REPLAY active=1 ticks=711 order=0 pattern=0 row=53 bpm=125 speed=6 period=428,339,285,0 volume=32,32,32,0
EDITOR CADENCE frames=16 ticks50=102 peak_gap_ticks50=7
EDITOR FRAME row=53 channel=0 revision=0 dirty=0 status=PLAYING SONG - PAULA CIA panel=0
EDITOR REPLAY active=1 ticks=718 order=0 pattern=0 row=54 bpm=125 speed=6 period=428,339,285,0 volume=32,32,32,0
EDITOR FRAME row=54 channel=0 revision=0 dirty=0 status=PLAYING SONG - PAULA CIA panel=0
EDITOR REPLAY active=1 ticks=724 order=0 pattern=0 row=55 bpm=125 speed=6 period=428,339,285,0 volume=32,32,32,0
EDITOR FRAME row=55 channel=0 revision=0 dirty=0 status=PLAYING SONG - PAULA CIA panel=0
EDITOR REPLAY active=1 ticks=730 order=0 pattern=0 row=56 bpm=125 speed=6 period=428,339,285,0 volume=32,32,32,0
EDITOR FRAME row=56 channel=0 revision=0 dirty=0 status=PLAYING SONG - PAULA CIA panel=0
EDITOR REPLAY active=1 ticks=737 order=0 pattern=0 row=57 bpm=125 speed=6 period=428,339,285,0 volume=32,32,32,0
EDITOR FRAME row=57 channel=0 revision=0 dirty=0 status=PLAYING SONG - PAULA CIA panel=0
EDITOR REPLAY active=1 ticks=743 order=0 pattern=0 row=58 bpm=125 speed=6 period=428,339,285,0 volume=32,32,32,0
EDITOR FRAME row=58 channel=0 revision=0 dirty=0 status=PLAYING SONG - PAULA CIA panel=0
EDITOR REPLAY active=1 ticks=749 order=0 pattern=0 row=59 bpm=125 speed=6 period=428,339,285,0 volume=32,32,32,0
EDITOR FRAME row=59 channel=0 revision=0 dirty=0 status=PLAYING SONG - PAULA CIA panel=0
EDITOR REPLAY active=1 ticks=755 order=0 pattern=0 row=60 bpm=125 speed=6 period=428,339,285,0 volume=32,32,32,0
EDITOR FRAME row=60 channel=0 revision=0 dirty=0 status=PLAYING SONG - PAULA CIA panel=0
EDITOR REPLAY active=1 ticks=762 order=0 pattern=0 row=62 bpm=125 speed=6 period=428,339,285,0 volume=32,32,32,0
EDITOR FRAME row=62 channel=0 revision=0 dirty=0 status=PLAYING SONG - PAULA CIA panel=0
EDITOR REPLAY active=1 ticks=768 order=0 pattern=0 row=63 bpm=125 speed=6 period=428,339,285,0 volume=32,32,32,0
EDITOR FRAME row=63 channel=0 revision=0 dirty=0 status=PLAYING SONG - PAULA CIA panel=0
EDITOR REPLAY active=1 ticks=775 order=0 pattern=0 row=0 bpm=125 speed=6 period=428,339,285,0 volume=32,32,32,0
EDITOR FRAME row=0 channel=0 revision=0 dirty=0 status=PLAYING SONG - PAULA CIA panel=0
EDITOR REPLAY active=1 ticks=795 order=0 pattern=0 row=3 bpm=125 speed=6 period=428,339,285,0 volume=32,32,32,0
EDITOR FRAME row=3 channel=0 revision=0 dirty=0 status=PLAYING SONG - PAULA CIA panel=0
EDITOR REPLAY active=1 ticks=798 order=0 pattern=0 row=4 bpm=125 speed=6 period=428,339,285,0 volume=32,32,32,0
EDITOR FRAME row=4 channel=0 revision=0 dirty=0 status=PLAYING SONG - PAULA CIA panel=0
EDITOR REPLAY active=1 ticks=804 order=0 pattern=0 row=5 bpm=125 speed=6 period=428,339,285,0 volume=32,32,32,0
EDITOR FRAME row=5 channel=0 revision=0 dirty=0 status=PLAYING SONG - PAULA CIA panel=0
EDITOR REPLAY active=1 ticks=810 order=0 pattern=0 row=6 bpm=125 speed=6 period=428,339,285,0 volume=32,32,32,0
EDITOR FRAME row=6 channel=0 revision=0 dirty=0 status=PLAYING SONG - PAULA CIA panel=0
EDITOR REPLAY active=1 ticks=817 order=0 pattern=0 row=7 bpm=125 speed=6 period=428,339,285,0 volume=32,32,32,0
EDITOR CADENCE frames=22 ticks50=102 peak_gap_ticks50=19
EDITOR FRAME row=7 channel=0 revision=0 dirty=0 status=PLAYING SONG - PAULA CIA panel=0
EDITOR REPLAY active=1 ticks=822 order=0 pattern=0 row=8 bpm=125 speed=6 period=428,339,285,0 volume=32,32,32,0
EDITOR FRAME row=8 channel=0 revision=0 dirty=0 status=PLAYING SONG - PAULA CIA panel=0
EDITOR REPLAY active=1 ticks=828 order=0 pattern=0 row=9 bpm=125 speed=6 period=428,339,285,0 volume=32,32,32,0
EDITOR FRAME row=9 channel=0 revision=0 dirty=0 status=PLAYING SONG - PAULA CIA panel=0
EDITOR REPLAY active=1 ticks=834 order=0 pattern=0 row=10 bpm=125 speed=6 period=428,339,285,0 volume=32,32,32,0
EDITOR FRAME row=10 channel=0 revision=0 dirty=0 status=PLAYING SONG - PAULA CIA panel=0
EDITOR REPLAY active=1 ticks=840 order=0 pattern=0 row=11 bpm=125 speed=6 period=428,339,285,0 volume=32,32,32,0
EDITOR FRAME row=11 channel=0 revision=0 dirty=0 status=PLAYING SONG - PAULA CIA panel=0
EDITOR REPLAY active=1 ticks=846 order=0 pattern=0 row=12 bpm=125 speed=6 period=428,339,285,0 volume=32,32,32,0
EDITOR FRAME row=12 channel=0 revision=0 dirty=0 status=PLAYING SONG - PAULA CIA panel=0
EDITOR REPLAY active=1 ticks=853 order=0 pattern=0 row=13 bpm=125 speed=6 period=428,339,285,0 volume=32,32,32,0
EDITOR FRAME row=13 channel=0 revision=0 dirty=0 status=PLAYING SONG - PAULA CIA panel=0
EDITOR REPLAY active=1 ticks=858 order=0 pattern=0 row=14 bpm=125 speed=6 period=428,339,285,0 volume=32,32,32,0
EDITOR FRAME row=14 channel=0 revision=0 dirty=0 status=PLAYING SONG - PAULA CIA panel=0
EDITOR REPLAY active=1 ticks=864 order=0 pattern=0 row=15 bpm=125 speed=6 period=428,339,285,0 volume=32,32,32,0
EDITOR FRAME row=15 channel=0 revision=0 dirty=0 status=PLAYING SONG - PAULA CIA panel=0
EDITOR REPLAY active=1 ticks=870 order=0 pattern=0 row=16 bpm=125 speed=6 period=428,339,285,0 volume=32,32,32,0
EDITOR FRAME row=16 channel=0 revision=0 dirty=0 status=PLAYING SONG - PAULA CIA panel=0
EDITOR REPLAY active=1 ticks=876 order=0 pattern=0 row=17 bpm=125 speed=6 period=428,339,285,0 volume=32,32,32,0
EDITOR FRAME row=17 channel=0 revision=0 dirty=0 status=PLAYING SONG - PAULA CIA panel=0
EDITOR REPLAY active=1 ticks=883 order=0 pattern=0 row=18 bpm=125 speed=6 period=428,339,285,0 volume=32,32,32,0
EDITOR FRAME row=18 channel=0 revision=0 dirty=0 status=PLAYING SONG - PAULA CIA panel=0
EDITOR REPLAY active=1 ticks=888 order=0 pattern=0 row=19 bpm=125 speed=6 period=428,339,285,0 volume=32,32,32,0
EDITOR FRAME row=19 channel=0 revision=0 dirty=0 status=PLAYING SONG - PAULA CIA panel=0
EDITOR REPLAY active=1 ticks=894 order=0 pattern=0 row=20 bpm=125 speed=6 period=428,339,285,0 volume=32,32,32,0
EDITOR FRAME row=20 channel=0 revision=0 dirty=0 status=PLAYING SONG - PAULA CIA panel=0
EDITOR REPLAY active=1 ticks=900 order=0 pattern=0 row=21 bpm=125 speed=6 period=428,339,285,0 volume=32,32,32,0
EDITOR FRAME row=21 channel=0 revision=0 dirty=0 status=PLAYING SONG - PAULA CIA panel=0
EDITOR REPLAY active=1 ticks=906 order=0 pattern=0 row=22 bpm=125 speed=6 period=428,339,285,0 volume=32,32,32,0
EDITOR FRAME row=22 channel=0 revision=0 dirty=0 status=PLAYING SONG - PAULA CIA panel=0
EDITOR REPLAY active=1 ticks=913 order=0 pattern=0 row=23 bpm=125 speed=6 period=428,339,285,0 volume=32,32,32,0
EDITOR FRAME row=23 channel=0 revision=0 dirty=0 status=PLAYING SONG - PAULA CIA panel=0
EDITOR REPLAY active=1 ticks=919 order=0 pattern=0 row=24 bpm=125 speed=6 period=428,339,285,0 volume=32,32,32,0
EDITOR CADENCE frames=45 ticks50=105 peak_gap_ticks50=7
EDITOR FRAME row=24 channel=0 revision=0 dirty=0 status=PLAYING SONG - PAULA CIA panel=0
EDITOR REPLAY active=1 ticks=925 order=0 pattern=0 row=25 bpm=125 speed=6 period=428,339,285,0 volume=32,32,32,0
EDITOR FRAME row=25 channel=0 revision=0 dirty=0 status=PLAYING SONG - PAULA CIA panel=0
EDITOR REPLAY active=1 ticks=932 order=0 pattern=0 row=26 bpm=125 speed=6 period=428,339,285,0 volume=32,32,32,0
EDITOR FRAME row=26 channel=0 revision=0 dirty=0 status=PLAYING SONG - PAULA CIA panel=0
EDITOR REPLAY active=1 ticks=938 order=0 pattern=0 row=27 bpm=125 speed=6 period=428,339,285,0 volume=32,32,32,0
EDITOR FRAME row=27 channel=0 revision=0 dirty=0 status=PLAYING SONG - PAULA CIA panel=0
EDITOR REPLAY active=1 ticks=944 order=0 pattern=0 row=28 bpm=125 speed=6 period=428,339,285,0 volume=32,32,32,0
EDITOR FRAME row=28 channel=0 revision=0 dirty=0 status=PLAYING SONG - PAULA CIA panel=0
EDITOR REPLAY active=1 ticks=951 order=0 pattern=0 row=29 bpm=125 speed=6 period=428,339,285,0 volume=32,32,32,0
EDITOR FRAME row=29 channel=0 revision=0 dirty=0 status=PLAYING SONG - PAULA CIA panel=0
EDITOR REPLAY active=1 ticks=957 order=0 pattern=0 row=30 bpm=125 speed=6 period=428,339,285,0 volume=32,32,32,0
EDITOR FRAME row=30 channel=0 revision=0 dirty=0 status=PLAYING SONG - PAULA CIA panel=0
EDITOR REPLAY active=1 ticks=963 order=0 pattern=0 row=31 bpm=125 speed=6 period=428,339,285,0 volume=32,32,32,0
EDITOR FRAME row=31 channel=0 revision=0 dirty=0 status=PLAYING SONG - PAULA CIA panel=0
EDITOR REPLAY active=1 ticks=969 order=0 pattern=0 row=32 bpm=125 speed=6 period=428,339,285,0 volume=32,32,32,0
EDITOR FRAME row=32 channel=0 revision=0 dirty=0 status=PLAYING SONG - PAULA CIA panel=0
EDITOR REPLAY active=1 ticks=976 order=0 pattern=0 row=33 bpm=125 speed=6 period=428,339,285,0 volume=32,32,32,0
EDITOR FRAME row=33 channel=0 revision=0 dirty=0 status=PLAYING SONG - PAULA CIA panel=0
EDITOR REPLAY active=1 ticks=982 order=0 pattern=0 row=34 bpm=125 speed=6 period=428,339,285,0 volume=32,32,32,0
EDITOR FRAME row=34 channel=0 revision=0 dirty=0 status=PLAYING SONG - PAULA CIA panel=0
EDITOR REPLAY active=1 ticks=988 order=0 pattern=0 row=35 bpm=125 speed=6 period=428,339,285,0 volume=32,32,32,0
EDITOR FRAME row=35 channel=0 revision=0 dirty=0 status=PLAYING SONG - PAULA CIA panel=0
EDITOR REPLAY active=1 ticks=995 order=0 pattern=0 row=36 bpm=125 speed=6 period=428,339,285,0 volume=32,32,32,0
EDITOR FRAME row=36 channel=0 revision=0 dirty=0 status=PLAYING SONG - PAULA CIA panel=0
EDITOR REPLAY active=1 ticks=1001 order=0 pattern=0 row=37 bpm=125 speed=6 period=428,339,285,0 volume=32,32,32,0
EDITOR FRAME row=37 channel=0 revision=0 dirty=0 status=PLAYING SONG - PAULA CIA panel=0
EDITOR REPLAY active=1 ticks=1007 order=0 pattern=0 row=38 bpm=125 speed=6 period=428,339,285,0 volume=32,32,32,0
EDITOR FRAME row=38 channel=0 revision=0 dirty=0 status=PLAYING SONG - PAULA CIA panel=0
EDITOR REPLAY active=1 ticks=1013 order=0 pattern=0 row=39 bpm=125 speed=6 period=428,339,285,0 volume=32,32,32,0
EDITOR EXIT clean
