EDITOR RECENT loaded=0 prefix=Dev:Tests/paula-highres-ui-1790562567528967000/recent
EDITOR RECENT saved=1 count=1
EDITOR READY channels=3 patterns=1 bitmap_bytes=163840 history_bytes=104132
EDITOR FRAME row=0 channel=0 revision=0 dirty=0 status=READY - F8 PLAY / F9 PATTERN / F10 STOP panel=0
EDITOR FRAME row=0 channel=0 revision=0 dirty=0 status=PLAYING SONG - PAULA CIA panel=0
EDITOR REPLAY active=1 ticks=12 order=0 pattern=0 row=1 bpm=125 speed=6 period=428,339,285,0 volume=32,32,32,0
EDITOR FRAME row=1 channel=0 revision=0 dirty=0 status=PLAYING SONG - PAULA CIA panel=0
EDITOR REPLAY active=1 ticks=19 order=0 pattern=0 row=2 bpm=125 speed=6 period=428,339,285,0 volume=32,32,32,0
EDITOR FRAME row=2 channel=0 revision=0 dirty=0 status=PLAYING SONG - PAULA CIA panel=0
EDITOR REPLAY active=1 ticks=24 order=0 pattern=0 row=3 bpm=125 speed=6 period=428,339,285,0 volume=32,32,32,0
EDITOR FRAME row=3 channel=0 revision=0 dirty=0 status=PLAYING SONG - PAULA CIA panel=0
EDITOR REPLAY active=1 ticks=30 order=0 pattern=0 row=4 bpm=125 speed=6 period=428,339,285,0 volume=32,32,32,0
EDITOR FRAME row=4 channel=0 revision=0 dirty=0 status=PLAYING SONG - PAULA CIA panel=0
EDITOR REPLAY active=1 ticks=36 order=0 pattern=0 row=5 bpm=125 speed=6 period=428,339,285,0 volume=32,32,32,0
EDITOR FRAME row=5 channel=0 revision=0 dirty=0 status=PLAYING SONG - PAULA CIA panel=0
EDITOR REPLAY active=1 ticks=42 order=0 pattern=0 row=6 bpm=125 speed=6 period=428,339,285,0 volume=32,32,32,0
EDITOR FRAME row=6 channel=0 revision=0 dirty=0 status=PLAYING SONG - PAULA CIA panel=0
EDITOR REPLAY active=1 ticks=49 order=0 pattern=0 row=7 bpm=125 speed=6 period=428,339,285,0 volume=32,32,32,0
EDITOR FRAME row=7 channel=0 revision=0 dirty=0 status=PLAYING SONG - PAULA CIA panel=0
EDITOR REPLAY active=1 ticks=56 order=0 pattern=0 row=8 bpm=125 speed=6 period=428,339,285,0 volume=32,32,32,0
EDITOR FRAME row=8 channel=0 revision=0 dirty=0 status=PLAYING SONG - PAULA CIA panel=0
EDITOR REPLAY active=1 ticks=62 order=0 pattern=0 row=9 bpm=125 speed=6 period=428,339,285,0 volume=32,32,32,0
EDITOR FRAME row=9 channel=0 revision=0 dirty=0 status=PLAYING SONG - PAULA CIA panel=0
EDITOR REPLAY active=1 ticks=68 order=0 pattern=0 row=10 bpm=125 speed=6 period=428,339,285,0 volume=32,32,32,0
EDITOR FRAME row=10 channel=0 revision=0 dirty=0 status=PLAYING SONG - PAULA CIA panel=0
EDITOR REPLAY active=1 ticks=74 order=0 pattern=0 row=11 bpm=125 speed=6 period=428,339,285,0 volume=32,32,32,0
EDITOR FRAME row=11 channel=0 revision=0 dirty=0 status=PLAYING SONG - PAULA CIA panel=0
EDITOR REPLAY active=1 ticks=81 order=0 pattern=0 row=12 bpm=125 speed=6 period=428,339,285,0 volume=32,32,32,0
EDITOR FRAME row=12 channel=0 revision=0 dirty=0 status=PLAYING SONG - PAULA CIA panel=0
EDITOR REPLAY active=1 ticks=88 order=0 pattern=0 row=13 bpm=125 speed=6 period=428,339,285,0 volume=32,32,32,0
EDITOR CADENCE frames=29 ticks50=105 peak_gap_ticks50=7
EDITOR FRAME row=13 channel=0 revision=0 dirty=0 status=PLAYING SONG - PAULA CIA panel=0
EDITOR REPLAY active=1 ticks=94 order=0 pattern=0 row=14 bpm=125 speed=6 period=428,339,285,0 volume=32,32,32,0
EDITOR FRAME row=14 channel=0 revision=0 dirty=0 status=PLAYING SONG - PAULA CIA panel=0
EDITOR REPLAY active=1 ticks=100 order=0 pattern=0 row=15 bpm=125 speed=6 period=428,339,285,0 volume=32,32,32,0
EDITOR FRAME row=15 channel=0 revision=0 dirty=0 status=PLAYING SONG - PAULA CIA panel=0
EDITOR REPLAY active=1 ticks=107 order=0 pattern=0 row=16 bpm=125 speed=6 period=428,339,285,0 volume=32,32,32,0
EDITOR FRAME row=16 channel=0 revision=0 dirty=0 status=PLAYING SONG - PAULA CIA panel=0
EDITOR REPLAY active=1 ticks=114 order=0 pattern=0 row=18 bpm=125 speed=6 period=428,339,285,0 volume=32,32,32,0
EDITOR FRAME row=18 channel=0 revision=0 dirty=0 status=PLAYING SONG - PAULA CIA panel=0
EDITOR REPLAY active=1 ticks=121 order=0 pattern=0 row=19 bpm=125 speed=6 period=428,339,285,0 volume=32,32,32,0
EDITOR FRAME row=19 channel=0 revision=0 dirty=0 status=PLAYING SONG - PAULA CIA panel=0
EDITOR REPLAY active=1 ticks=127 order=0 pattern=0 row=20 bpm=125 speed=6 period=428,339,285,0 volume=32,32,32,0
EDITOR FRAME row=20 channel=0 revision=0 dirty=0 status=PLAYING SONG - PAULA CIA panel=0
EDITOR REPLAY active=1 ticks=138 order=0 pattern=0 row=22 bpm=125 speed=6 period=428,339,285,0 volume=32,32,32,0
EDITOR FRAME row=22 channel=0 revision=0 dirty=0 status=PLAYING SONG - PAULA CIA panel=0
EDITOR REPLAY active=1 ticks=151 order=0 pattern=0 row=24 bpm=125 speed=6 period=428,339,285,0 volume=32,32,32,0
EDITOR FRAME row=24 channel=0 revision=0 dirty=0 status=PLAYING SONG - PAULA CIA panel=0
EDITOR REPLAY active=1 ticks=163 order=0 pattern=0 row=26 bpm=125 speed=6 period=428,339,285,0 volume=32,32,32,0
EDITOR FRAME row=26 channel=0 revision=0 dirty=0 status=PLAYING SONG - PAULA CIA panel=0
EDITOR REPLAY active=1 ticks=175 order=0 pattern=0 row=28 bpm=125 speed=6 period=428,339,285,0 volume=32,32,32,0
EDITOR FRAME row=28 channel=0 revision=0 dirty=0 status=PLAYING SONG - PAULA CIA panel=0
EDITOR REPLAY active=1 ticks=187 order=0 pattern=0 row=30 bpm=125 speed=6 period=428,339,285,0 volume=32,32,32,0
EDITOR CADENCE frames=11 ticks50=104 peak_gap_ticks50=12
EDITOR FRAME row=30 channel=0 revision=0 dirty=0 status=PLAYING SONG - PAULA CIA panel=0
EDITOR REPLAY active=1 ticks=198 order=0 pattern=0 row=32 bpm=125 speed=6 period=428,339,285,0 volume=32,32,32,0
EDITOR FRAME row=32 channel=0 revision=0 dirty=0 status=PLAYING SONG - PAULA CIA panel=0
EDITOR REPLAY active=1 ticks=209 order=0 pattern=0 row=33 bpm=125 speed=6 period=428,339,285,0 volume=32,32,32,0
EDITOR FRAME row=33 channel=0 revision=0 dirty=0 status=PLAYING SONG - PAULA CIA panel=0
EDITOR REPLAY active=1 ticks=219 order=0 pattern=0 row=35 bpm=125 speed=6 period=428,339,285,0 volume=32,32,32,0
EDITOR FRAME row=35 channel=0 revision=0 dirty=0 status=PLAYING SONG - PAULA CIA panel=0
EDITOR REPLAY active=1 ticks=231 order=0 pattern=0 row=37 bpm=125 speed=6 period=428,339,285,0 volume=32,32,32,0
EDITOR FRAME row=37 channel=0 revision=0 dirty=0 status=PLAYING SONG - PAULA CIA panel=0
EDITOR REPLAY active=1 ticks=243 order=0 pattern=0 row=39 bpm=125 speed=6 period=428,339,285,0 volume=32,32,32,0
EDITOR FRAME row=39 channel=0 revision=0 dirty=0 status=PLAYING SONG - PAULA CIA panel=0
EDITOR REPLAY active=1 ticks=255 order=0 pattern=0 row=41 bpm=125 speed=6 period=428,339,285,0 volume=32,32,32,0
EDITOR FRAME row=41 channel=0 revision=0 dirty=0 status=PLAYING SONG - PAULA CIA panel=0
EDITOR REPLAY active=1 ticks=267 order=0 pattern=0 row=43 bpm=125 speed=6 period=428,339,285,0 volume=32,32,32,0
EDITOR FRAME row=43 channel=0 revision=0 dirty=0 status=PLAYING SONG - PAULA CIA panel=0
EDITOR REPLAY active=1 ticks=279 order=0 pattern=0 row=45 bpm=125 speed=6 period=428,339,285,0 volume=32,32,32,0
EDITOR FRAME row=45 channel=0 revision=0 dirty=0 status=PLAYING SONG - PAULA CIA panel=0
EDITOR REPLAY active=1 ticks=291 order=0 pattern=0 row=47 bpm=125 speed=6 period=428,339,285,0 volume=32,32,32,0
EDITOR CADENCE frames=9 ticks50=105 peak_gap_ticks50=12
EDITOR FRAME row=47 channel=0 revision=0 dirty=0 status=PLAYING SONG - PAULA CIA panel=0
EDITOR REPLAY active=1 ticks=303 order=0 pattern=0 row=49 bpm=125 speed=6 period=428,339,285,0 volume=32,32,32,0
EDITOR FRAME row=49 channel=0 revision=0 dirty=0 status=PLAYING SONG - PAULA CIA panel=0
EDITOR REPLAY active=1 ticks=315 order=0 pattern=0 row=51 bpm=125 speed=6 period=428,339,285,0 volume=32,32,32,0
EDITOR FRAME row=51 channel=0 revision=0 dirty=0 status=PLAYING SONG - PAULA CIA panel=0
EDITOR REPLAY active=1 ticks=327 order=0 pattern=0 row=53 bpm=125 speed=6 period=428,339,285,0 volume=32,32,32,0
EDITOR FRAME row=53 channel=0 revision=0 dirty=0 status=PLAYING SONG - PAULA CIA panel=0
EDITOR REPLAY active=1 ticks=339 order=0 pattern=0 row=55 bpm=125 speed=6 period=428,339,285,0 volume=32,32,32,0
EDITOR FRAME row=55 channel=0 revision=0 dirty=0 status=PLAYING SONG - PAULA CIA panel=0
EDITOR REPLAY active=1 ticks=351 order=0 pattern=0 row=57 bpm=125 speed=6 period=428,339,285,0 volume=32,32,32,0
EDITOR FRAME row=57 channel=0 revision=0 dirty=0 status=PLAYING SONG - PAULA CIA panel=0
EDITOR REPLAY active=1 ticks=363 order=0 pattern=0 row=59 bpm=125 speed=6 period=428,339,285,0 volume=32,32,32,0
EDITOR FRAME row=59 channel=0 revision=0 dirty=0 status=PLAYING SONG - PAULA CIA panel=0
EDITOR REPLAY active=1 ticks=376 order=0 pattern=0 row=61 bpm=125 speed=6 period=428,339,285,0 volume=32,32,32,0
EDITOR FRAME row=61 channel=0 revision=0 dirty=0 status=PLAYING SONG - PAULA CIA panel=0
EDITOR REPLAY active=1 ticks=388 order=0 pattern=0 row=63 bpm=125 speed=6 period=428,339,285,0 volume=32,32,32,0
EDITOR FRAME row=63 channel=0 revision=0 dirty=0 status=PLAYING SONG - PAULA CIA panel=0
EDITOR REPLAY active=1 ticks=400 order=0 pattern=0 row=1 bpm=125 speed=6 period=428,339,285,0 volume=32,32,32,0
EDITOR CADENCE frames=9 ticks50=122 peak_gap_ticks50=25
EDITOR FRAME row=1 channel=0 revision=0 dirty=0 status=PLAYING SONG - PAULA CIA panel=0
EDITOR REPLAY active=1 ticks=425 order=0 pattern=0 row=5 bpm=125 speed=6 period=428,339,285,0 volume=32,32,32,0
EDITOR FRAME row=5 channel=0 revision=0 dirty=0 status=PLAYING SONG - PAULA CIA panel=0
EDITOR REPLAY active=1 ticks=428 order=0 pattern=0 row=6 bpm=125 speed=6 period=428,339,285,0 volume=32,32,32,0
EDITOR FRAME row=6 channel=0 revision=0 dirty=0 status=PLAYING SONG - PAULA CIA panel=0
EDITOR REPLAY active=1 ticks=432 order=0 pattern=0 row=7 bpm=125 speed=6 period=428,339,285,0 volume=32,32,32,0
EDITOR FRAME row=7 channel=0 revision=0 dirty=0 status=PLAYING SONG - PAULA CIA panel=0
EDITOR REPLAY active=1 ticks=438 order=0 pattern=0 row=8 bpm=125 speed=6 period=428,339,285,0 volume=32,32,32,0
EDITOR FRAME row=8 channel=0 revision=0 dirty=0 status=PLAYING SONG - PAULA CIA panel=0
EDITOR REPLAY active=1 ticks=445 order=0 pattern=0 row=9 bpm=125 speed=6 period=428,339,285,0 volume=32,32,32,0
EDITOR FRAME row=9 channel=0 revision=0 dirty=0 status=PLAYING SONG - PAULA CIA panel=0
EDITOR REPLAY active=1 ticks=450 order=0 pattern=0 row=10 bpm=125 speed=6 period=428,339,285,0 volume=32,32,32,0
EDITOR FRAME row=10 channel=0 revision=0 dirty=0 status=PLAYING SONG - PAULA CIA panel=0
EDITOR REPLAY active=1 ticks=456 order=0 pattern=0 row=11 bpm=125 speed=6 period=428,339,285,0 volume=32,32,32,0
EDITOR FRAME row=11 channel=0 revision=0 dirty=0 status=PLAYING SONG - PAULA CIA panel=0
EDITOR REPLAY active=1 ticks=462 order=0 pattern=0 row=12 bpm=125 speed=6 period=428,339,285,0 volume=32,32,32,0
EDITOR FRAME row=12 channel=0 revision=0 dirty=0 status=PLAYING SONG - PAULA CIA panel=0
EDITOR REPLAY active=1 ticks=468 order=0 pattern=0 row=13 bpm=125 speed=6 period=428,339,285,0 volume=32,32,32,0
EDITOR FRAME row=13 channel=0 revision=0 dirty=0 status=PLAYING SONG - PAULA CIA panel=0
EDITOR REPLAY active=1 ticks=474 order=0 pattern=0 row=14 bpm=125 speed=6 period=428,339,285,0 volume=32,32,32,0
EDITOR FRAME row=14 channel=0 revision=0 dirty=0 status=PLAYING SONG - PAULA CIA panel=0
EDITOR REPLAY active=1 ticks=481 order=0 pattern=0 row=15 bpm=125 speed=6 period=428,339,285,0 volume=32,32,32,0
EDITOR FRAME row=15 channel=0 revision=0 dirty=0 status=PLAYING SONG - PAULA CIA panel=0
EDITOR REPLAY active=1 ticks=486 order=0 pattern=0 row=16 bpm=125 speed=6 period=428,339,285,0 volume=32,32,32,0
EDITOR FRAME row=16 channel=0 revision=0 dirty=0 status=PLAYING SONG - PAULA CIA panel=0
EDITOR REPLAY active=1 ticks=492 order=0 pattern=0 row=17 bpm=125 speed=6 period=428,339,285,0 volume=32,32,32,0
EDITOR FRAME row=17 channel=0 revision=0 dirty=0 status=PLAYING SONG - PAULA CIA panel=0
EDITOR REPLAY active=1 ticks=498 order=0 pattern=0 row=18 bpm=125 speed=6 period=428,339,285,0 volume=32,32,32,0
EDITOR FRAME row=18 channel=0 revision=0 dirty=0 status=PLAYING SONG - PAULA CIA panel=0
EDITOR REPLAY active=1 ticks=504 order=0 pattern=0 row=19 bpm=125 speed=6 period=428,339,285,0 volume=32,32,32,0
EDITOR FRAME row=19 channel=0 revision=0 dirty=0 status=PLAYING SONG - PAULA CIA panel=0
EDITOR REPLAY active=1 ticks=511 order=0 pattern=0 row=20 bpm=125 speed=6 period=428,339,285,0 volume=32,32,32,0
EDITOR FRAME row=20 channel=0 revision=0 dirty=0 status=PLAYING SONG - PAULA CIA panel=0
EDITOR REPLAY active=1 ticks=516 order=0 pattern=0 row=21 bpm=125 speed=6 period=428,339,285,0 volume=32,32,32,0
EDITOR FRAME row=21 channel=0 revision=0 dirty=0 status=PLAYING SONG - PAULA CIA panel=0
EDITOR REPLAY active=1 ticks=523 order=0 pattern=0 row=22 bpm=125 speed=6 period=428,339,285,0 volume=32,32,32,0
EDITOR CADENCE frames=49 ticks50=104 peak_gap_ticks50=6
EDITOR FRAME row=22 channel=0 revision=0 dirty=0 status=PLAYING SONG - PAULA CIA panel=0
EDITOR REPLAY active=1 ticks=529 order=0 pattern=0 row=23 bpm=125 speed=6 period=428,339,285,0 volume=32,32,32,0
EDITOR FRAME row=23 channel=0 revision=0 dirty=0 status=PLAYING SONG - PAULA CIA panel=0
EDITOR REPLAY active=1 ticks=535 order=0 pattern=0 row=24 bpm=125 speed=6 period=428,339,285,0 volume=32,32,32,0
EDITOR FRAME row=24 channel=0 revision=0 dirty=0 status=PLAYING SONG - PAULA CIA panel=0
EDITOR REPLAY active=1 ticks=542 order=0 pattern=0 row=25 bpm=125 speed=6 period=428,339,285,0 volume=32,32,32,0
EDITOR FRAME row=25 channel=0 revision=0 dirty=0 status=PLAYING SONG - PAULA CIA panel=0
EDITOR REPLAY active=1 ticks=548 order=0 pattern=0 row=26 bpm=125 speed=6 period=428,339,285,0 volume=32,32,32,0
EDITOR FRAME row=26 channel=0 revision=0 dirty=0 status=PLAYING SONG - PAULA CIA panel=0
EDITOR REPLAY active=1 ticks=554 order=0 pattern=0 row=27 bpm=125 speed=6 period=428,339,285,0 volume=32,32,32,0
EDITOR FRAME row=27 channel=0 revision=0 dirty=0 status=PLAYING SONG - PAULA CIA panel=0
EDITOR REPLAY active=1 ticks=560 order=0 pattern=0 row=28 bpm=125 speed=6 period=428,339,285,0 volume=32,32,32,0
EDITOR FRAME row=28 channel=0 revision=0 dirty=0 status=PLAYING SONG - PAULA CIA panel=0
EDITOR REPLAY active=1 ticks=567 order=0 pattern=0 row=29 bpm=125 speed=6 period=428,339,285,0 volume=32,32,32,0
EDITOR FRAME row=29 channel=0 revision=0 dirty=0 status=PLAYING SONG - PAULA CIA panel=0
EDITOR REPLAY active=1 ticks=573 order=0 pattern=0 row=30 bpm=125 speed=6 period=428,339,285,0 volume=32,32,32,0
EDITOR FRAME row=30 channel=0 revision=0 dirty=0 status=PLAYING SONG - PAULA CIA panel=0
EDITOR REPLAY active=1 ticks=579 order=0 pattern=0 row=31 bpm=125 speed=6 period=428,339,285,0 volume=32,32,32,0
EDITOR FRAME row=31 channel=0 revision=0 dirty=0 status=PLAYING SONG - PAULA CIA panel=0
EDITOR REPLAY active=1 ticks=586 order=0 pattern=0 row=32 bpm=125 speed=6 period=428,339,285,0 volume=32,32,32,0
EDITOR FRAME row=32 channel=0 revision=0 dirty=0 status=PLAYING SONG - PAULA CIA panel=0
EDITOR REPLAY active=1 ticks=592 order=0 pattern=0 row=33 bpm=125 speed=6 period=428,339,285,0 volume=32,32,32,0
EDITOR FRAME row=33 channel=0 revision=0 dirty=0 status=PLAYING SONG - PAULA CIA panel=0
EDITOR REPLAY active=1 ticks=598 order=0 pattern=0 row=34 bpm=125 speed=6 period=428,339,285,0 volume=32,32,32,0
EDITOR FRAME row=34 channel=0 revision=0 dirty=0 status=PLAYING SONG - PAULA CIA panel=0
EDITOR REPLAY active=1 ticks=604 order=0 pattern=0 row=35 bpm=125 speed=6 period=428,339,285,0 volume=32,32,32,0
EDITOR FRAME row=35 channel=0 revision=0 dirty=0 status=PLAYING SONG - PAULA CIA panel=0
EDITOR REPLAY active=1 ticks=611 order=0 pattern=0 row=36 bpm=125 speed=6 period=428,339,285,0 volume=32,32,32,0
EDITOR FRAME row=36 channel=0 revision=0 dirty=0 status=PLAYING SONG - PAULA CIA panel=0
EDITOR REPLAY active=1 ticks=617 order=0 pattern=0 row=37 bpm=125 speed=6 period=428,339,285,0 volume=32,32,32,0
EDITOR FRAME row=37 channel=0 revision=0 dirty=0 status=PLAYING SONG - PAULA CIA panel=0
EDITOR REPLAY active=1 ticks=624 order=0 pattern=0 row=39 bpm=125 speed=6 period=428,339,285,0 volume=32,32,32,0
EDITOR CADENCE frames=16 ticks50=101 peak_gap_ticks50=7
EDITOR FRAME row=39 channel=0 revision=0 dirty=0 status=PLAYING SONG - PAULA CIA panel=0
EDITOR REPLAY active=1 ticks=631 order=0 pattern=0 row=40 bpm=125 speed=6 period=428,339,285,0 volume=32,32,32,0
EDITOR FRAME row=40 channel=0 revision=0 dirty=0 status=PLAYING SONG - PAULA CIA panel=0
EDITOR REPLAY active=1 ticks=637 order=0 pattern=0 row=41 bpm=125 speed=6 period=428,339,285,0 volume=32,32,32,0
EDITOR FRAME row=41 channel=0 revision=0 dirty=0 status=PLAYING SONG - PAULA CIA panel=0
EDITOR REPLAY active=1 ticks=643 order=0 pattern=0 row=42 bpm=125 speed=6 period=428,339,285,0 volume=32,32,32,0
EDITOR FRAME row=42 channel=0 revision=0 dirty=0 status=PLAYING SONG - PAULA CIA panel=0
EDITOR REPLAY active=1 ticks=649 order=0 pattern=0 row=43 bpm=125 speed=6 period=428,339,285,0 volume=32,32,32,0
EDITOR FRAME row=43 channel=0 revision=0 dirty=0 status=PLAYING SONG - PAULA CIA panel=0
EDITOR REPLAY active=1 ticks=656 order=0 pattern=0 row=44 bpm=125 speed=6 period=428,339,285,0 volume=32,32,32,0
EDITOR FRAME row=44 channel=0 revision=0 dirty=0 status=PLAYING SONG - PAULA CIA panel=0
EDITOR REPLAY active=1 ticks=662 order=0 pattern=0 row=45 bpm=125 speed=6 period=428,339,285,0 volume=32,32,32,0
EDITOR FRAME row=45 channel=0 revision=0 dirty=0 status=PLAYING SONG - PAULA CIA panel=0
EDITOR REPLAY active=1 ticks=668 order=0 pattern=0 row=46 bpm=125 speed=6 period=428,339,285,0 volume=32,32,32,0
EDITOR FRAME row=46 channel=0 revision=0 dirty=0 status=PLAYING SONG - PAULA CIA panel=0
EDITOR REPLAY active=1 ticks=674 order=0 pattern=0 row=47 bpm=125 speed=6 period=428,339,285,0 volume=32,32,32,0
EDITOR FRAME row=47 channel=0 revision=0 dirty=0 status=PLAYING SONG - PAULA CIA panel=0
EDITOR REPLAY active=1 ticks=681 order=0 pattern=0 row=48 bpm=125 speed=6 period=428,339,285,0 volume=32,32,32,0
EDITOR FRAME row=48 channel=0 revision=0 dirty=0 status=PLAYING SONG - PAULA CIA panel=0
EDITOR REPLAY active=1 ticks=687 order=0 pattern=0 row=49 bpm=125 speed=6 period=428,339,285,0 volume=32,32,32,0
EDITOR FRAME row=49 channel=0 revision=0 dirty=0 status=PLAYING SONG - PAULA CIA panel=0
EDITOR REPLAY active=1 ticks=693 order=0 pattern=0 row=50 bpm=125 speed=6 period=428,339,285,0 volume=32,32,32,0
EDITOR FRAME row=50 channel=0 revision=0 dirty=0 status=PLAYING SONG - PAULA CIA panel=0
EDITOR REPLAY active=1 ticks=700 order=0 pattern=0 row=51 bpm=125 speed=6 period=428,339,285,0 volume=32,32,32,0
EDITOR FRAME row=51 channel=0 revision=0 dirty=0 status=PLAYING SONG - PAULA CIA panel=0
EDITOR REPLAY active=1 ticks=706 order=0 pattern=0 row=52 bpm=125 speed=6 period=428,339,285,0 volume=32,32,32,0
EDITOR FRAME row=52 channel=0 revision=0 dirty=0 status=PLAYING SONG - PAULA CIA panel=0
EDITOR REPLAY active=1 ticks=712 order=0 pattern=0 row=53 bpm=125 speed=6 period=428,339,285,0 volume=32,32,32,0
EDITOR FRAME row=53 channel=0 revision=0 dirty=0 status=PLAYING SONG - PAULA CIA panel=0
EDITOR REPLAY active=1 ticks=718 order=0 pattern=0 row=54 bpm=125 speed=6 period=428,339,285,0 volume=32,32,32,0
EDITOR FRAME row=54 channel=0 revision=0 dirty=0 status=PLAYING SONG - PAULA CIA panel=0
EDITOR REPLAY active=1 ticks=725 order=0 pattern=0 row=55 bpm=125 speed=6 period=428,339,285,0 volume=32,32,32,0
EDITOR CADENCE frames=16 ticks50=101 peak_gap_ticks50=7
EDITOR FRAME row=55 channel=0 revision=0 dirty=0 status=PLAYING SONG - PAULA CIA panel=0
EDITOR REPLAY active=1 ticks=731 order=0 pattern=0 row=56 bpm=125 speed=6 period=428,339,285,0 volume=32,32,32,0
EDITOR FRAME row=56 channel=0 revision=0 dirty=0 status=PLAYING SONG - PAULA CIA panel=0
EDITOR REPLAY active=1 ticks=737 order=0 pattern=0 row=57 bpm=125 speed=6 period=428,339,285,0 volume=32,32,32,0
EDITOR FRAME row=57 channel=0 revision=0 dirty=0 status=PLAYING SONG - PAULA CIA panel=0
EDITOR REPLAY active=1 ticks=744 order=0 pattern=0 row=59 bpm=125 speed=6 period=428,339,285,0 volume=32,32,32,0
EDITOR FRAME row=59 channel=0 revision=0 dirty=0 status=PLAYING SONG - PAULA CIA panel=0
EDITOR REPLAY active=1 ticks=751 order=0 pattern=0 row=60 bpm=125 speed=6 period=428,339,285,0 volume=32,32,32,0
EDITOR FRAME row=60 channel=0 revision=0 dirty=0 status=PLAYING SONG - PAULA CIA panel=0
EDITOR REPLAY active=1 ticks=757 order=0 pattern=0 row=61 bpm=125 speed=6 period=428,339,285,0 volume=32,32,32,0
EDITOR FRAME row=61 channel=0 revision=0 dirty=0 status=PLAYING SONG - PAULA CIA panel=0
EDITOR REPLAY active=1 ticks=763 order=0 pattern=0 row=62 bpm=125 speed=6 period=428,339,285,0 volume=32,32,32,0
EDITOR FRAME row=62 channel=0 revision=0 dirty=0 status=PLAYING SONG - PAULA CIA panel=0
EDITOR REPLAY active=1 ticks=769 order=0 pattern=0 row=63 bpm=125 speed=6 period=428,339,285,0 volume=32,32,32,0
EDITOR FRAME row=63 channel=0 revision=0 dirty=0 status=PLAYING SONG - PAULA CIA panel=0
EDITOR REPLAY active=1 ticks=776 order=0 pattern=0 row=0 bpm=125 speed=6 period=428,339,285,0 volume=32,32,32,0
EDITOR FRAME row=0 channel=0 revision=0 dirty=0 status=PLAYING SONG - PAULA CIA panel=0
EDITOR REPLAY active=1 ticks=795 order=0 pattern=0 row=3 bpm=125 speed=6 period=428,339,285,0 volume=32,32,32,0
EDITOR FRAME row=3 channel=0 revision=0 dirty=0 status=PLAYING SONG - PAULA CIA panel=0
EDITOR REPLAY active=1 ticks=799 order=0 pattern=0 row=4 bpm=125 speed=6 period=428,339,285,0 volume=32,32,32,0
EDITOR FRAME row=4 channel=0 revision=0 dirty=0 status=PLAYING SONG - PAULA CIA panel=0
EDITOR REPLAY active=1 ticks=804 order=0 pattern=0 row=5 bpm=125 speed=6 period=428,339,285,0 volume=32,32,32,0
EDITOR FRAME row=5 channel=0 revision=0 dirty=0 status=PLAYING SONG - PAULA CIA panel=0
EDITOR REPLAY active=1 ticks=810 order=0 pattern=0 row=6 bpm=125 speed=6 period=428,339,285,0 volume=32,32,32,0
EDITOR FRAME row=6 channel=0 revision=0 dirty=0 status=PLAYING SONG - PAULA CIA panel=0
EDITOR REPLAY active=1 ticks=816 order=0 pattern=0 row=7 bpm=125 speed=6 period=428,339,285,0 volume=32,32,32,0
EDITOR FRAME row=7 channel=0 revision=0 dirty=0 status=PLAYING SONG - PAULA CIA panel=0
EDITOR REPLAY active=1 ticks=822 order=0 pattern=0 row=8 bpm=125 speed=6 period=428,339,285,0 volume=32,32,32,0
EDITOR FRAME row=8 channel=0 revision=0 dirty=0 status=PLAYING SONG - PAULA CIA panel=0
EDITOR REPLAY active=1 ticks=828 order=0 pattern=0 row=9 bpm=125 speed=6 period=428,339,285,0 volume=32,32,32,0
EDITOR CADENCE frames=25 ticks50=100 peak_gap_ticks50=19
EDITOR FRAME row=9 channel=0 revision=0 dirty=0 status=PLAYING SONG - PAULA CIA panel=0
EDITOR REPLAY active=1 ticks=835 order=0 pattern=0 row=10 bpm=125 speed=6 period=428,339,285,0 volume=32,32,32,0
EDITOR FRAME row=10 channel=0 revision=0 dirty=0 status=PLAYING SONG - PAULA CIA panel=0
EDITOR REPLAY active=1 ticks=841 order=0 pattern=0 row=11 bpm=125 speed=6 period=428,339,285,0 volume=32,32,32,0
EDITOR FRAME row=11 channel=0 revision=0 dirty=0 status=PLAYING SONG - PAULA CIA panel=0
EDITOR REPLAY active=1 ticks=846 order=0 pattern=0 row=12 bpm=125 speed=6 period=428,339,285,0 volume=32,32,32,0
EDITOR FRAME row=12 channel=0 revision=0 dirty=0 status=PLAYING SONG - PAULA CIA panel=0
EDITOR REPLAY active=1 ticks=852 order=0 pattern=0 row=13 bpm=125 speed=6 period=428,339,285,0 volume=32,32,32,0
EDITOR FRAME row=13 channel=0 revision=0 dirty=0 status=PLAYING SONG - PAULA CIA panel=0
EDITOR REPLAY active=1 ticks=858 order=0 pattern=0 row=14 bpm=125 speed=6 period=428,339,285,0 volume=32,32,32,0
EDITOR FRAME row=14 channel=0 revision=0 dirty=0 status=PLAYING SONG - PAULA CIA panel=0
EDITOR REPLAY active=1 ticks=864 order=0 pattern=0 row=15 bpm=125 speed=6 period=428,339,285,0 volume=32,32,32,0
EDITOR FRAME row=15 channel=0 revision=0 dirty=0 status=PLAYING SONG - PAULA CIA panel=0
EDITOR REPLAY active=1 ticks=871 order=0 pattern=0 row=16 bpm=125 speed=6 period=428,339,285,0 volume=32,32,32,0
EDITOR FRAME row=16 channel=0 revision=0 dirty=0 status=PLAYING SONG - PAULA CIA panel=0
EDITOR REPLAY active=1 ticks=876 order=0 pattern=0 row=17 bpm=125 speed=6 period=428,339,285,0 volume=32,32,32,0
EDITOR FRAME row=17 channel=0 revision=0 dirty=0 status=PLAYING SONG - PAULA CIA panel=0
EDITOR REPLAY active=1 ticks=882 order=0 pattern=0 row=18 bpm=125 speed=6 period=428,339,285,0 volume=32,32,32,0
EDITOR FRAME row=18 channel=0 revision=0 dirty=0 status=PLAYING SONG - PAULA CIA panel=0
EDITOR REPLAY active=1 ticks=888 order=0 pattern=0 row=19 bpm=125 speed=6 period=428,339,285,0 volume=32,32,32,0
EDITOR FRAME row=19 channel=0 revision=0 dirty=0 status=PLAYING SONG - PAULA CIA panel=0
EDITOR REPLAY active=1 ticks=894 order=0 pattern=0 row=20 bpm=125 speed=6 period=428,339,285,0 volume=32,32,32,0
EDITOR FRAME row=20 channel=0 revision=0 dirty=0 status=PLAYING SONG - PAULA CIA panel=0
EDITOR REPLAY active=1 ticks=900 order=0 pattern=0 row=21 bpm=125 speed=6 period=428,339,285,0 volume=32,32,32,0
EDITOR FRAME row=21 channel=0 revision=0 dirty=0 status=PLAYING SONG - PAULA CIA panel=0
EDITOR REPLAY active=1 ticks=907 order=0 pattern=0 row=22 bpm=125 speed=6 period=428,339,285,0 volume=32,32,32,0
EDITOR FRAME row=22 channel=0 revision=0 dirty=0 status=PLAYING SONG - PAULA CIA panel=0
EDITOR REPLAY active=1 ticks=913 order=0 pattern=0 row=23 bpm=125 speed=6 period=428,339,285,0 volume=32,32,32,0
EDITOR FRAME row=23 channel=0 revision=0 dirty=0 status=PLAYING SONG - PAULA CIA panel=0
EDITOR REPLAY active=1 ticks=919 order=0 pattern=0 row=24 bpm=125 speed=6 period=428,339,285,0 volume=32,32,32,0
EDITOR FRAME row=24 channel=0 revision=0 dirty=0 status=PLAYING SONG - PAULA CIA panel=0
EDITOR REPLAY active=1 ticks=925 order=0 pattern=0 row=25 bpm=125 speed=6 period=428,339,285,0 volume=32,32,32,0
EDITOR CADENCE frames=40 ticks50=101 peak_gap_ticks50=7
EDITOR FRAME row=25 channel=0 revision=0 dirty=0 status=PLAYING SONG - PAULA CIA panel=0
EDITOR REPLAY active=1 ticks=932 order=0 pattern=0 row=26 bpm=125 speed=6 period=428,339,285,0 volume=32,32,32,0
EDITOR FRAME row=26 channel=0 revision=0 dirty=0 status=PLAYING SONG - PAULA CIA panel=0
EDITOR REPLAY active=1 ticks=938 order=0 pattern=0 row=27 bpm=125 speed=6 period=428,339,285,0 volume=32,32,32,0
EDITOR FRAME row=27 channel=0 revision=0 dirty=0 status=PLAYING SONG - PAULA CIA panel=0
EDITOR REPLAY active=1 ticks=944 order=0 pattern=0 row=28 bpm=125 speed=6 period=428,339,285,0 volume=32,32,32,0
EDITOR FRAME row=28 channel=0 revision=0 dirty=0 status=PLAYING SONG - PAULA CIA panel=0
EDITOR REPLAY active=1 ticks=951 order=0 pattern=0 row=29 bpm=125 speed=6 period=428,339,285,0 volume=32,32,32,0
EDITOR FRAME row=29 channel=0 revision=0 dirty=0 status=PLAYING SONG - PAULA CIA panel=0
EDITOR REPLAY active=1 ticks=957 order=0 pattern=0 row=30 bpm=125 speed=6 period=428,339,285,0 volume=32,32,32,0
EDITOR FRAME row=30 channel=0 revision=0 dirty=0 status=PLAYING SONG - PAULA CIA panel=0
EDITOR REPLAY active=1 ticks=963 order=0 pattern=0 row=31 bpm=125 speed=6 period=428,339,285,0 volume=32,32,32,0
EDITOR FRAME row=31 channel=0 revision=0 dirty=0 status=PLAYING SONG - PAULA CIA panel=0
EDITOR REPLAY active=1 ticks=970 order=0 pattern=0 row=32 bpm=125 speed=6 period=428,339,285,0 volume=32,32,32,0
EDITOR FRAME row=32 channel=0 revision=0 dirty=0 status=PLAYING SONG - PAULA CIA panel=0
EDITOR REPLAY active=1 ticks=976 order=0 pattern=0 row=33 bpm=125 speed=6 period=428,339,285,0 volume=32,32,32,0
EDITOR FRAME row=33 channel=0 revision=0 dirty=0 status=PLAYING SONG - PAULA CIA panel=0
EDITOR REPLAY active=1 ticks=982 order=0 pattern=0 row=34 bpm=125 speed=6 period=428,339,285,0 volume=32,32,32,0
EDITOR FRAME row=34 channel=0 revision=0 dirty=0 status=PLAYING SONG - PAULA CIA panel=0
EDITOR REPLAY active=1 ticks=988 order=0 pattern=0 row=35 bpm=125 speed=6 period=428,339,285,0 volume=32,32,32,0
EDITOR FRAME row=35 channel=0 revision=0 dirty=0 status=PLAYING SONG - PAULA CIA panel=0
EDITOR REPLAY active=1 ticks=995 order=0 pattern=0 row=36 bpm=125 speed=6 period=428,339,285,0 volume=32,32,32,0
EDITOR FRAME row=36 channel=0 revision=0 dirty=0 status=PLAYING SONG - PAULA CIA panel=0
EDITOR REPLAY active=1 ticks=1001 order=0 pattern=0 row=37 bpm=125 speed=6 period=428,339,285,0 volume=32,32,32,0
EDITOR FRAME row=37 channel=0 revision=0 dirty=0 status=PLAYING SONG - PAULA CIA panel=0
EDITOR REPLAY active=1 ticks=1007 order=0 pattern=0 row=38 bpm=125 speed=6 period=428,339,285,0 volume=32,32,32,0
EDITOR FRAME row=38 channel=0 revision=0 dirty=0 status=PLAYING SONG - PAULA CIA panel=0
EDITOR REPLAY active=1 ticks=1014 order=0 pattern=0 row=40 bpm=125 speed=6 period=428,339,285,0 volume=32,32,32,0
EDITOR FRAME row=40 channel=0 revision=0 dirty=0 status=PLAYING SONG - PAULA CIA panel=0
EDITOR REPLAY active=1 ticks=1021 order=0 pattern=0 row=41 bpm=125 speed=6 period=428,339,285,0 volume=32,32,32,0
EDITOR FRAME row=41 channel=0 revision=0 dirty=0 status=PLAYING SONG - PAULA CIA panel=0
EDITOR REPLAY active=1 ticks=1027 order=0 pattern=0 row=42 bpm=125 speed=6 period=428,339,285,0 volume=32,32,32,0
EDITOR CADENCE frames=16 ticks50=101 peak_gap_ticks50=7
EDITOR FRAME row=42 channel=0 revision=0 dirty=0 status=PLAYING SONG - PAULA CIA panel=0
EDITOR REPLAY active=1 ticks=1033 order=0 pattern=0 row=43 bpm=125 speed=6 period=428,339,285,0 volume=32,32,32,0
EDITOR FRAME row=43 channel=0 revision=0 dirty=0 status=PLAYING SONG - PAULA CIA panel=0
EDITOR REPLAY active=1 ticks=1039 order=0 pattern=0 row=44 bpm=125 speed=6 period=428,339,285,0 volume=32,32,32,0
EDITOR FRAME row=44 channel=0 revision=0 dirty=0 status=PLAYING SONG - PAULA CIA panel=0
EDITOR REPLAY active=1 ticks=1046 order=0 pattern=0 row=45 bpm=125 speed=6 period=428,339,285,0 volume=32,32,32,0
EDITOR FRAME row=45 channel=0 revision=0 dirty=0 status=PLAYING SONG - PAULA CIA panel=0
EDITOR REPLAY active=1 ticks=1052 order=0 pattern=0 row=46 bpm=125 speed=6 period=428,339,285,0 volume=32,32,32,0
EDITOR FRAME row=46 channel=0 revision=0 dirty=0 status=PLAYING SONG - PAULA CIA panel=0
EDITOR REPLAY active=1 ticks=1058 order=0 pattern=0 row=47 bpm=125 speed=6 period=428,339,285,0 volume=32,32,32,0
EDITOR FRAME row=47 channel=0 revision=0 dirty=0 status=PLAYING SONG - PAULA CIA panel=0
EDITOR REPLAY active=1 ticks=1064 order=0 pattern=0 row=48 bpm=125 speed=6 period=428,339,285,0 volume=32,32,32,0
EDITOR FRAME row=48 channel=0 revision=0 dirty=0 status=PLAYING SONG - PAULA CIA panel=0
EDITOR REPLAY active=1 ticks=1071 order=0 pattern=0 row=49 bpm=125 speed=6 period=428,339,285,0 volume=32,32,32,0
EDITOR FRAME row=49 channel=0 revision=0 dirty=0 status=PLAYING SONG - PAULA CIA panel=0
EDITOR REPLAY active=1 ticks=1077 order=0 pattern=0 row=50 bpm=125 speed=6 period=428,339,285,0 volume=32,32,32,0
EDITOR FRAME row=50 channel=0 revision=0 dirty=0 status=PLAYING SONG - PAULA CIA panel=0
EDITOR REPLAY active=1 ticks=1083 order=0 pattern=0 row=51 bpm=125 speed=6 period=428,339,285,0 volume=32,32,32,0
EDITOR FRAME row=51 channel=0 revision=0 dirty=0 status=PLAYING SONG - PAULA CIA panel=0
EDITOR REPLAY active=1 ticks=1090 order=0 pattern=0 row=52 bpm=125 speed=6 period=428,339,285,0 volume=32,32,32,0
EDITOR FRAME row=52 channel=0 revision=0 dirty=0 status=PLAYING SONG - PAULA CIA panel=0
EDITOR REPLAY active=1 ticks=1096 order=0 pattern=0 row=53 bpm=125 speed=6 period=428,339,285,0 volume=32,32,32,0
EDITOR FRAME row=53 channel=0 revision=0 dirty=0 status=PLAYING SONG - PAULA CIA panel=0
EDITOR REPLAY active=1 ticks=1102 order=0 pattern=0 row=54 bpm=125 speed=6 period=428,339,285,0 volume=32,32,32,0
EDITOR FRAME row=54 channel=0 revision=0 dirty=0 status=PLAYING SONG - PAULA CIA panel=0
EDITOR REPLAY active=1 ticks=1108 order=0 pattern=0 row=55 bpm=125 speed=6 period=428,339,285,0 volume=32,32,32,0
EDITOR FRAME row=55 channel=0 revision=0 dirty=0 status=PLAYING SONG - PAULA CIA panel=0
EDITOR REPLAY active=1 ticks=1115 order=0 pattern=0 row=56 bpm=125 speed=6 period=428,339,285,0 volume=32,32,32,0
EDITOR FRAME row=56 channel=0 revision=0 dirty=0 status=PLAYING SONG - PAULA CIA panel=0
EDITOR REPLAY active=1 ticks=1121 order=0 pattern=0 row=57 bpm=125 speed=6 period=428,339,285,0 volume=32,32,32,0
EDITOR FRAME row=57 channel=0 revision=0 dirty=0 status=PLAYING SONG - PAULA CIA panel=0
EDITOR REPLAY active=1 ticks=1127 order=0 pattern=0 row=58 bpm=125 speed=6 period=428,339,285,0 volume=32,32,32,0
EDITOR CADENCE frames=16 ticks50=101 peak_gap_ticks50=7
EDITOR FRAME row=58 channel=0 revision=0 dirty=0 status=PLAYING SONG - PAULA CIA panel=0
EDITOR REPLAY active=1 ticks=1134 order=0 pattern=0 row=60 bpm=125 speed=6 period=428,339,285,0 volume=32,32,32,0
EDITOR FRAME row=60 channel=0 revision=0 dirty=0 status=PLAYING SONG - PAULA CIA panel=0
EDITOR REPLAY active=1 ticks=1141 order=0 pattern=0 row=61 bpm=125 speed=6 period=428,339,285,0 volume=32,32,32,0
EDITOR FRAME row=61 channel=0 revision=0 dirty=0 status=PLAYING SONG - PAULA CIA panel=0
EDITOR REPLAY active=1 ticks=1147 order=0 pattern=0 row=62 bpm=125 speed=6 period=428,339,285,0 volume=32,32,32,0
EDITOR FRAME row=62 channel=0 revision=0 dirty=0 status=PLAYING SONG - PAULA CIA panel=0
EDITOR REPLAY active=1 ticks=1153 order=0 pattern=0 row=63 bpm=125 speed=6 period=428,339,285,0 volume=32,32,32,0
EDITOR FRAME row=63 channel=0 revision=0 dirty=0 status=PLAYING SONG - PAULA CIA panel=0
EDITOR REPLAY active=1 ticks=1159 order=0 pattern=0 row=0 bpm=125 speed=6 period=428,339,285,0 volume=32,32,32,0
EDITOR FRAME row=0 channel=0 revision=0 dirty=0 status=PLAYING SONG - PAULA CIA panel=0
EDITOR REPLAY active=1 ticks=1179 order=0 pattern=0 row=3 bpm=125 speed=6 period=428,339,285,0 volume=32,32,32,0
EDITOR FRAME row=3 channel=0 revision=0 dirty=0 status=PLAYING SONG - PAULA CIA panel=0
EDITOR REPLAY active=1 ticks=1182 order=0 pattern=0 row=4 bpm=125 speed=6 period=428,339,285,0 volume=32,32,32,0
EDITOR FRAME row=4 channel=0 revision=0 dirty=0 status=PLAYING SONG - PAULA CIA panel=0
EDITOR REPLAY active=1 ticks=1188 order=0 pattern=0 row=5 bpm=125 speed=6 period=428,339,285,0 volume=32,32,32,0
EDITOR FRAME row=5 channel=0 revision=0 dirty=0 status=PLAYING SONG - PAULA CIA panel=0
EDITOR REPLAY active=1 ticks=1194 order=0 pattern=0 row=6 bpm=125 speed=6 period=428,339,285,0 volume=32,32,32,0
EDITOR FRAME row=6 channel=0 revision=0 dirty=0 status=PLAYING SONG - PAULA CIA panel=0
EDITOR REPLAY active=1 ticks=1200 order=0 pattern=0 row=7 bpm=125 speed=6 period=428,339,285,0 volume=32,32,32,0
EDITOR FRAME row=7 channel=0 revision=0 dirty=0 status=PLAYING SONG - PAULA CIA panel=0
EDITOR REPLAY active=1 ticks=1206 order=0 pattern=0 row=8 bpm=125 speed=6 period=428,339,285,0 volume=32,32,32,0
EDITOR FRAME row=8 channel=0 revision=0 dirty=0 status=PLAYING SONG - PAULA CIA panel=0
EDITOR REPLAY active=1 ticks=1213 order=0 pattern=0 row=9 bpm=125 speed=6 period=428,339,285,0 volume=32,32,32,0
EDITOR FRAME row=9 channel=0 revision=0 dirty=0 status=PLAYING SONG - PAULA CIA panel=0
EDITOR REPLAY active=1 ticks=1218 order=0 pattern=0 row=10 bpm=125 speed=6 period=428,339,285,0 volume=32,32,32,0
EDITOR FRAME row=10 channel=0 revision=0 dirty=0 status=PLAYING SONG - PAULA CIA panel=0
EDITOR REPLAY active=1 ticks=1224 order=0 pattern=0 row=11 bpm=125 speed=6 period=428,339,285,0 volume=32,32,32,0
EDITOR FRAME row=11 channel=0 revision=0 dirty=0 status=PLAYING SONG - PAULA CIA panel=0
EDITOR REPLAY active=1 ticks=1230 order=0 pattern=0 row=12 bpm=125 speed=6 period=428,339,285,0 volume=32,32,32,0
EDITOR FRAME row=12 channel=0 revision=0 dirty=0 status=PLAYING SONG - PAULA CIA panel=0
EDITOR CADENCE frames=33 ticks50=101 peak_gap_ticks50=20
EDITOR REPLAY active=1 ticks=1236 order=0 pattern=0 row=13 bpm=125 speed=6 period=428,339,285,0 volume=32,32,32,0
EDITOR FRAME row=13 channel=0 revision=0 dirty=0 status=PLAYING SONG - PAULA CIA panel=0
EDITOR REPLAY active=1 ticks=1242 order=0 pattern=0 row=14 bpm=125 speed=6 period=428,339,285,0 volume=32,32,32,0
EDITOR FRAME row=14 channel=0 revision=0 dirty=0 status=PLAYING SONG - PAULA CIA panel=0
EDITOR REPLAY active=1 ticks=1249 order=0 pattern=0 row=15 bpm=125 speed=6 period=428,339,285,0 volume=32,32,32,0
EDITOR FRAME row=15 channel=0 revision=0 dirty=0 status=PLAYING SONG - PAULA CIA panel=0
EDITOR REPLAY active=1 ticks=1254 order=0 pattern=0 row=16 bpm=125 speed=6 period=428,339,285,0 volume=32,32,32,0
EDITOR FRAME row=16 channel=0 revision=0 dirty=0 status=PLAYING SONG - PAULA CIA panel=0
EDITOR REPLAY active=1 ticks=1260 order=0 pattern=0 row=17 bpm=125 speed=6 period=428,339,285,0 volume=32,32,32,0
EDITOR FRAME row=17 channel=0 revision=0 dirty=0 status=PLAYING SONG - PAULA CIA panel=0
EDITOR REPLAY active=1 ticks=1266 order=0 pattern=0 row=18 bpm=125 speed=6 period=428,339,285,0 volume=32,32,32,0
EDITOR FRAME row=18 channel=0 revision=0 dirty=0 status=PLAYING SONG - PAULA CIA panel=0
EDITOR REPLAY active=1 ticks=1272 order=0 pattern=0 row=19 bpm=125 speed=6 period=428,339,285,0 volume=32,32,32,0
EDITOR FRAME row=19 channel=0 revision=0 dirty=0 status=PLAYING SONG - PAULA CIA panel=0
EDITOR REPLAY active=1 ticks=1278 order=0 pattern=0 row=20 bpm=125 speed=6 period=428,339,285,0 volume=32,32,32,0
EDITOR FRAME row=20 channel=0 revision=0 dirty=0 status=PLAYING SONG - PAULA CIA panel=0
EDITOR REPLAY active=1 ticks=1284 order=0 pattern=0 row=21 bpm=125 speed=6 period=428,339,285,0 volume=32,32,32,0
EDITOR FRAME row=21 channel=0 revision=0 dirty=0 status=PLAYING SONG - PAULA CIA panel=0
EDITOR REPLAY active=1 ticks=1290 order=0 pattern=0 row=22 bpm=125 speed=6 period=428,339,285,0 volume=32,32,32,0
EDITOR FRAME row=22 channel=0 revision=0 dirty=0 status=PLAYING SONG - PAULA CIA panel=0
EDITOR REPLAY active=1 ticks=1296 order=0 pattern=0 row=23 bpm=125 speed=6 period=428,339,285,0 volume=32,32,32,0
EDITOR FRAME row=23 channel=0 revision=0 dirty=0 status=PLAYING SONG - PAULA CIA panel=0
EDITOR REPLAY active=1 ticks=1303 order=0 pattern=0 row=24 bpm=125 speed=6 period=428,339,285,0 volume=32,32,32,0
EDITOR FRAME row=24 channel=0 revision=0 dirty=0 status=PLAYING SONG - PAULA CIA panel=0
EDITOR REPLAY active=1 ticks=1309 order=0 pattern=0 row=25 bpm=125 speed=6 period=428,339,285,0 volume=32,32,32,0
EDITOR FRAME row=25 channel=0 revision=0 dirty=0 status=PLAYING SONG - PAULA CIA panel=0
EDITOR REPLAY active=1 ticks=1315 order=0 pattern=0 row=26 bpm=125 speed=6 period=428,339,285,0 volume=32,32,32,0
EDITOR FRAME row=26 channel=0 revision=0 dirty=0 status=PLAYING SONG - PAULA CIA panel=0
EDITOR REPLAY active=1 ticks=1321 order=0 pattern=0 row=27 bpm=125 speed=6 period=428,339,285,0 volume=32,32,32,0
EDITOR FRAME row=27 channel=0 revision=0 dirty=0 status=PLAYING SONG - PAULA CIA panel=0
EDITOR REPLAY active=1 ticks=1328 order=0 pattern=0 row=28 bpm=125 speed=6 period=428,339,285,0 volume=32,32,32,0
EDITOR FRAME row=28 channel=0 revision=0 dirty=0 status=PLAYING SONG - PAULA CIA panel=0
EDITOR REPLAY active=1 ticks=1334 order=0 pattern=0 row=29 bpm=125 speed=6 period=428,339,285,0 volume=32,32,32,0
EDITOR CADENCE frames=33 ticks50=105 peak_gap_ticks50=7
EDITOR FRAME row=29 channel=0 revision=0 dirty=0 status=PLAYING SONG - PAULA CIA panel=0
EDITOR REPLAY active=1 ticks=1340 order=0 pattern=0 row=30 bpm=125 speed=6 period=428,339,285,0 volume=32,32,32,0
EDITOR FRAME row=30 channel=0 revision=0 dirty=0 status=PLAYING SONG - PAULA CIA panel=0
EDITOR REPLAY active=1 ticks=1346 order=0 pattern=0 row=31 bpm=125 speed=6 period=428,339,285,0 volume=32,32,32,0
EDITOR FRAME row=31 channel=0 revision=0 dirty=0 status=PLAYING SONG - PAULA CIA panel=0
EDITOR REPLAY active=1 ticks=1353 order=0 pattern=0 row=32 bpm=125 speed=6 period=428,339,285,0 volume=32,32,32,0
EDITOR FRAME row=32 channel=0 revision=0 dirty=0 status=PLAYING SONG - PAULA CIA panel=0
EDITOR REPLAY active=1 ticks=1359 order=0 pattern=0 row=33 bpm=125 speed=6 period=428,339,285,0 volume=32,32,32,0
EDITOR FRAME row=33 channel=0 revision=0 dirty=0 status=PLAYING SONG - PAULA CIA panel=0
EDITOR REPLAY active=1 ticks=1365 order=0 pattern=0 row=34 bpm=125 speed=6 period=428,339,285,0 volume=32,32,32,0
EDITOR FRAME row=34 channel=0 revision=0 dirty=0 status=PLAYING SONG - PAULA CIA panel=0
EDITOR REPLAY active=1 ticks=1372 order=0 pattern=0 row=35 bpm=125 speed=6 period=428,339,285,0 volume=32,32,32,0
EDITOR FRAME row=35 channel=0 revision=0 dirty=0 status=PLAYING SONG - PAULA CIA panel=0
EDITOR REPLAY active=1 ticks=1378 order=0 pattern=0 row=36 bpm=125 speed=6 period=428,339,285,0 volume=32,32,32,0
EDITOR FRAME row=36 channel=0 revision=0 dirty=0 status=PLAYING SONG - PAULA CIA panel=0
EDITOR REPLAY active=1 ticks=1384 order=0 pattern=0 row=37 bpm=125 speed=6 period=428,339,285,0 volume=32,32,32,0
EDITOR FRAME row=37 channel=0 revision=0 dirty=0 status=PLAYING SONG - PAULA CIA panel=0
EDITOR REPLAY active=1 ticks=1391 order=0 pattern=0 row=38 bpm=125 speed=6 period=428,339,285,0 volume=32,32,32,0
EDITOR FRAME row=38 channel=0 revision=0 dirty=0 status=PLAYING SONG - PAULA CIA panel=0
EDITOR REPLAY active=1 ticks=1397 order=0 pattern=0 row=39 bpm=125 speed=6 period=428,339,285,0 volume=32,32,32,0
EDITOR FRAME row=39 channel=0 revision=0 dirty=0 status=PLAYING SONG - PAULA CIA panel=0
EDITOR REPLAY active=1 ticks=1403 order=0 pattern=0 row=40 bpm=125 speed=6 period=428,339,285,0 volume=32,32,32,0
EDITOR FRAME row=40 channel=0 revision=0 dirty=0 status=PLAYING SONG - PAULA CIA panel=0
EDITOR REPLAY active=1 ticks=1410 order=0 pattern=0 row=42 bpm=125 speed=6 period=428,339,285,0 volume=32,32,32,0
EDITOR FRAME row=42 channel=0 revision=0 dirty=0 status=PLAYING SONG - PAULA CIA panel=0
EDITOR REPLAY active=1 ticks=1417 order=0 pattern=0 row=43 bpm=125 speed=6 period=428,339,285,0 volume=32,32,32,0
EDITOR FRAME row=43 channel=0 revision=0 dirty=0 status=PLAYING SONG - PAULA CIA panel=0
EDITOR REPLAY active=1 ticks=1423 order=0 pattern=0 row=44 bpm=125 speed=6 period=428,339,285,0 volume=32,32,32,0
EDITOR FRAME row=44 channel=0 revision=0 dirty=0 status=PLAYING SONG - PAULA CIA panel=0
EDITOR REPLAY active=1 ticks=1429 order=0 pattern=0 row=45 bpm=125 speed=6 period=428,339,285,0 volume=32,32,32,0
EDITOR FRAME row=45 channel=0 revision=0 dirty=0 status=PLAYING SONG - PAULA CIA panel=0
EDITOR REPLAY active=1 ticks=1435 order=0 pattern=0 row=46 bpm=125 speed=6 period=428,339,285,0 volume=32,32,32,0
EDITOR CADENCE frames=16 ticks50=102 peak_gap_ticks50=7
EDITOR FRAME row=46 channel=0 revision=0 dirty=0 status=PLAYING SONG - PAULA CIA panel=0
EDITOR REPLAY active=1 ticks=1442 order=0 pattern=0 row=47 bpm=125 speed=6 period=428,339,285,0 volume=32,32,32,0
EDITOR FRAME row=47 channel=0 revision=0 dirty=0 status=PLAYING SONG - PAULA CIA panel=0
EDITOR REPLAY active=1 ticks=1448 order=0 pattern=0 row=48 bpm=125 speed=6 period=428,339,285,0 volume=32,32,32,0
EDITOR FRAME row=48 channel=0 revision=0 dirty=0 status=PLAYING SONG - PAULA CIA panel=0
EDITOR REPLAY active=1 ticks=1454 order=0 pattern=0 row=49 bpm=125 speed=6 period=428,339,285,0 volume=32,32,32,0
EDITOR FRAME row=49 channel=0 revision=0 dirty=0 status=PLAYING SONG - PAULA CIA panel=0
EDITOR REPLAY active=1 ticks=1461 order=0 pattern=0 row=50 bpm=125 speed=6 period=428,339,285,0 volume=32,32,32,0
EDITOR FRAME row=50 channel=0 revision=0 dirty=0 status=PLAYING SONG - PAULA CIA panel=0
EDITOR REPLAY active=1 ticks=1467 order=0 pattern=0 row=51 bpm=125 speed=6 period=428,339,285,0 volume=32,32,32,0
EDITOR FRAME row=51 channel=0 revision=0 dirty=0 status=PLAYING SONG - PAULA CIA panel=0
EDITOR REPLAY active=1 ticks=1473 order=0 pattern=0 row=52 bpm=125 speed=6 period=428,339,285,0 volume=32,32,32,0
EDITOR FRAME row=52 channel=0 revision=0 dirty=0 status=PLAYING SONG - PAULA CIA panel=0
EDITOR REPLAY active=1 ticks=1480 order=0 pattern=0 row=53 bpm=125 speed=6 period=428,339,285,0 volume=32,32,32,0
EDITOR FRAME row=53 channel=0 revision=0 dirty=0 status=PLAYING SONG - PAULA CIA panel=0
EDITOR REPLAY active=1 ticks=1486 order=0 pattern=0 row=54 bpm=125 speed=6 period=428,339,285,0 volume=32,32,32,0
EDITOR FRAME row=54 channel=0 revision=0 dirty=0 status=PLAYING SONG - PAULA CIA panel=0
EDITOR REPLAY active=1 ticks=1492 order=0 pattern=0 row=55 bpm=125 speed=6 period=428,339,285,0 volume=32,32,32,0
EDITOR FRAME row=55 channel=0 revision=0 dirty=0 status=PLAYING SONG - PAULA CIA panel=0
EDITOR REPLAY active=1 ticks=1498 order=0 pattern=0 row=56 bpm=125 speed=6 period=428,339,285,0 volume=32,32,32,0
EDITOR FRAME row=56 channel=0 revision=0 dirty=0 status=PLAYING SONG - PAULA CIA panel=0
EDITOR REPLAY active=1 ticks=1505 order=0 pattern=0 row=57 bpm=125 speed=6 period=428,339,285,0 volume=32,32,32,0
EDITOR FRAME row=57 channel=0 revision=0 dirty=0 status=PLAYING SONG - PAULA CIA panel=0
EDITOR REPLAY active=1 ticks=1511 order=0 pattern=0 row=58 bpm=125 speed=6 period=428,339,285,0 volume=32,32,32,0
EDITOR FRAME row=58 channel=0 revision=0 dirty=0 status=PLAYING SONG - PAULA CIA panel=0
EDITOR REPLAY active=1 ticks=1517 order=0 pattern=0 row=59 bpm=125 speed=6 period=428,339,285,0 volume=32,32,32,0
EDITOR FRAME row=59 channel=0 revision=0 dirty=0 status=PLAYING SONG - PAULA CIA panel=0
EDITOR REPLAY active=1 ticks=1524 order=0 pattern=0 row=61 bpm=125 speed=6 period=428,339,285,0 volume=32,32,32,0
EDITOR FRAME row=61 channel=0 revision=0 dirty=0 status=PLAYING SONG - PAULA CIA panel=0
EDITOR REPLAY active=1 ticks=1531 order=0 pattern=0 row=62 bpm=125 speed=6 period=428,339,285,0 volume=32,32,32,0
EDITOR FRAME row=62 channel=0 revision=0 dirty=0 status=PLAYING SONG - PAULA CIA panel=0
EDITOR REPLAY active=1 ticks=1537 order=0 pattern=0 row=63 bpm=125 speed=6 period=428,339,285,0 volume=32,32,32,0
EDITOR CADENCE frames=16 ticks50=101 peak_gap_ticks50=7
EDITOR FRAME row=63 channel=0 revision=0 dirty=0 status=PLAYING SONG - PAULA CIA panel=0
EDITOR REPLAY active=1 ticks=1543 order=0 pattern=0 row=0 bpm=125 speed=6 period=428,339,285,0 volume=32,32,32,0
EDITOR FRAME row=0 channel=0 revision=0 dirty=0 status=PLAYING SONG - PAULA CIA panel=0
EDITOR REPLAY active=1 ticks=1563 order=0 pattern=0 row=3 bpm=125 speed=6 period=428,339,285,0 volume=32,32,32,0
EDITOR FRAME row=3 channel=0 revision=0 dirty=0 status=PLAYING SONG - PAULA CIA panel=0
EDITOR REPLAY active=1 ticks=1566 order=0 pattern=0 row=4 bpm=125 speed=6 period=428,339,285,0 volume=32,32,32,0
EDITOR FRAME row=4 channel=0 revision=0 dirty=0 status=PLAYING SONG - PAULA CIA panel=0
EDITOR REPLAY active=1 ticks=1572 order=0 pattern=0 row=5 bpm=125 speed=6 period=428,339,285,0 volume=32,32,32,0
EDITOR FRAME row=5 channel=0 revision=0 dirty=0 status=PLAYING SONG - PAULA CIA panel=0
EDITOR REPLAY active=1 ticks=1578 order=0 pattern=0 row=6 bpm=125 speed=6 period=428,339,285,0 volume=32,32,32,0
EDITOR FRAME row=6 channel=0 revision=0 dirty=0 status=PLAYING SONG - PAULA CIA panel=0
EDITOR REPLAY active=1 ticks=1584 order=0 pattern=0 row=7 bpm=125 speed=6 period=428,339,285,0 volume=32,32,32,0
EDITOR FRAME row=7 channel=0 revision=0 dirty=0 status=PLAYING SONG - PAULA CIA panel=0
EDITOR REPLAY active=1 ticks=1591 order=0 pattern=0 row=8 bpm=125 speed=6 period=428,339,285,0 volume=32,32,32,0
EDITOR FRAME row=8 channel=0 revision=0 dirty=0 status=PLAYING SONG - PAULA CIA panel=0
EDITOR REPLAY active=1 ticks=1596 order=0 pattern=0 row=9 bpm=125 speed=6 period=428,339,285,0 volume=32,32,32,0
EDITOR FRAME row=9 channel=0 revision=0 dirty=0 status=PLAYING SONG - PAULA CIA panel=0
EDITOR REPLAY active=1 ticks=1602 order=0 pattern=0 row=10 bpm=125 speed=6 period=428,339,285,0 volume=32,32,32,0
EDITOR FRAME row=10 channel=0 revision=0 dirty=0 status=PLAYING SONG - PAULA CIA panel=0
EDITOR REPLAY active=1 ticks=1608 order=0 pattern=0 row=11 bpm=125 speed=6 period=428,339,285,0 volume=32,32,32,0
EDITOR FRAME row=11 channel=0 revision=0 dirty=0 status=PLAYING SONG - PAULA CIA panel=0
EDITOR REPLAY active=1 ticks=1614 order=0 pattern=0 row=12 bpm=125 speed=6 period=428,339,285,0 volume=32,32,32,0
EDITOR FRAME row=12 channel=0 revision=0 dirty=0 status=PLAYING SONG - PAULA CIA panel=0
EDITOR REPLAY active=1 ticks=1620 order=0 pattern=0 row=13 bpm=125 speed=6 period=428,339,285,0 volume=32,32,32,0
EDITOR FRAME row=13 channel=0 revision=0 dirty=0 status=PLAYING SONG - PAULA CIA panel=0
EDITOR REPLAY active=1 ticks=1627 order=0 pattern=0 row=14 bpm=125 speed=6 period=428,339,285,0 volume=32,32,32,0
EDITOR FRAME row=14 channel=0 revision=0 dirty=0 status=PLAYING SONG - PAULA CIA panel=0
EDITOR REPLAY active=1 ticks=1632 order=0 pattern=0 row=15 bpm=125 speed=6 period=428,339,285,0 volume=32,32,32,0
EDITOR FRAME row=15 channel=0 revision=0 dirty=0 status=PLAYING SONG - PAULA CIA panel=0
EDITOR REPLAY active=1 ticks=1638 order=0 pattern=0 row=16 bpm=125 speed=6 period=428,339,285,0 volume=32,32,32,0
EDITOR FRAME row=16 channel=0 revision=0 dirty=0 status=PLAYING SONG - PAULA CIA panel=0
EDITOR CADENCE frames=42 ticks50=100 peak_gap_ticks50=4
EDITOR REPLAY active=1 ticks=1644 order=0 pattern=0 row=17 bpm=125 speed=6 period=428,339,285,0 volume=32,32,32,0
EDITOR FRAME row=17 channel=0 revision=0 dirty=0 status=PLAYING SONG - PAULA CIA panel=0
EDITOR REPLAY active=1 ticks=1650 order=0 pattern=0 row=18 bpm=125 speed=6 period=428,339,285,0 volume=32,32,32,0
EDITOR FRAME row=18 channel=0 revision=0 dirty=0 status=PLAYING SONG - PAULA CIA panel=0
EDITOR REPLAY active=1 ticks=1656 order=0 pattern=0 row=19 bpm=125 speed=6 period=428,339,285,0 volume=32,32,32,0
EDITOR FRAME row=19 channel=0 revision=0 dirty=0 status=PLAYING SONG - PAULA CIA panel=0
EDITOR REPLAY active=1 ticks=1662 order=0 pattern=0 row=20 bpm=125 speed=6 period=428,339,285,0 volume=32,32,32,0
EDITOR FRAME row=20 channel=0 revision=0 dirty=0 status=PLAYING SONG - PAULA CIA panel=0
EDITOR REPLAY active=1 ticks=1668 order=0 pattern=0 row=21 bpm=125 speed=6 period=428,339,285,0 volume=32,32,32,0
EDITOR FRAME row=21 channel=0 revision=0 dirty=0 status=PLAYING SONG - PAULA CIA panel=0
EDITOR REPLAY active=1 ticks=1674 order=0 pattern=0 row=22 bpm=125 speed=6 period=428,339,285,0 volume=32,32,32,0
EDITOR FRAME row=22 channel=0 revision=0 dirty=0 status=PLAYING SONG - PAULA CIA panel=0
EDITOR REPLAY active=1 ticks=1681 order=0 pattern=0 row=23 bpm=125 speed=6 period=428,339,285,0 volume=32,32,32,0
EDITOR FRAME row=23 channel=0 revision=0 dirty=0 status=PLAYING SONG - PAULA CIA panel=0
EDITOR REPLAY active=1 ticks=1687 order=0 pattern=0 row=24 bpm=125 speed=6 period=428,339,285,0 volume=32,32,32,0
EDITOR FRAME row=24 channel=0 revision=0 dirty=0 status=PLAYING SONG - PAULA CIA panel=0
EDITOR REPLAY active=1 ticks=1693 order=0 pattern=0 row=25 bpm=125 speed=6 period=428,339,285,0 volume=32,32,32,0
EDITOR FRAME row=25 channel=0 revision=0 dirty=0 status=PLAYING SONG - PAULA CIA panel=0
EDITOR REPLAY active=1 ticks=1699 order=0 pattern=0 row=26 bpm=125 speed=6 period=428,339,285,0 volume=32,32,32,0
EDITOR FRAME row=26 channel=0 revision=0 dirty=0 status=PLAYING SONG - PAULA CIA panel=0
EDITOR REPLAY active=1 ticks=1706 order=0 pattern=0 row=27 bpm=125 speed=6 period=428,339,285,0 volume=32,32,32,0
EDITOR FRAME row=27 channel=0 revision=0 dirty=0 status=PLAYING SONG - PAULA CIA panel=0
EDITOR REPLAY active=1 ticks=1712 order=0 pattern=0 row=28 bpm=125 speed=6 period=428,339,285,0 volume=32,32,32,0
EDITOR FRAME row=28 channel=0 revision=0 dirty=0 status=PLAYING SONG - PAULA CIA panel=0
EDITOR REPLAY active=1 ticks=1718 order=0 pattern=0 row=29 bpm=125 speed=6 period=428,339,285,0 volume=32,32,32,0
EDITOR FRAME row=29 channel=0 revision=0 dirty=0 status=PLAYING SONG - PAULA CIA panel=0
EDITOR REPLAY active=1 ticks=1724 order=0 pattern=0 row=30 bpm=125 speed=6 period=428,339,285,0 volume=32,32,32,0
EDITOR FRAME row=30 channel=0 revision=0 dirty=0 status=PLAYING SONG - PAULA CIA panel=0
EDITOR REPLAY active=1 ticks=1731 order=0 pattern=0 row=31 bpm=125 speed=6 period=428,339,285,0 volume=32,32,32,0
EDITOR FRAME row=31 channel=0 revision=0 dirty=0 status=PLAYING SONG - PAULA CIA panel=0
EDITOR REPLAY active=1 ticks=1737 order=0 pattern=0 row=32 bpm=125 speed=6 period=428,339,285,0 volume=32,32,32,0
EDITOR CADENCE frames=23 ticks50=100 peak_gap_ticks50=7
EDITOR FRAME row=32 channel=0 revision=0 dirty=0 status=PLAYING SONG - PAULA CIA panel=0
EDITOR REPLAY active=1 ticks=1743 order=0 pattern=0 row=33 bpm=125 speed=6 period=428,339,285,0 volume=32,32,32,0
EDITOR FRAME row=33 channel=0 revision=0 dirty=0 status=PLAYING SONG - PAULA CIA panel=0
EDITOR REPLAY active=1 ticks=1750 order=0 pattern=0 row=34 bpm=125 speed=6 period=428,339,285,0 volume=32,32,32,0
EDITOR FRAME row=34 channel=0 revision=0 dirty=0 status=PLAYING SONG - PAULA CIA panel=0
EDITOR REPLAY active=1 ticks=1756 order=0 pattern=0 row=35 bpm=125 speed=6 period=428,339,285,0 volume=32,32,32,0
EDITOR FRAME row=35 channel=0 revision=0 dirty=0 status=PLAYING SONG - PAULA CIA panel=0
EDITOR REPLAY active=1 ticks=1762 order=0 pattern=0 row=36 bpm=125 speed=6 period=428,339,285,0 volume=32,32,32,0
EDITOR FRAME row=36 channel=0 revision=0 dirty=0 status=PLAYING SONG - PAULA CIA panel=0
EDITOR REPLAY active=1 ticks=1768 order=0 pattern=0 row=37 bpm=125 speed=6 period=428,339,285,0 volume=32,32,32,0
EDITOR FRAME row=37 channel=0 revision=0 dirty=0 status=PLAYING SONG - PAULA CIA panel=0
EDITOR REPLAY active=1 ticks=1775 order=0 pattern=0 row=38 bpm=125 speed=6 period=428,339,285,0 volume=32,32,32,0
EDITOR FRAME row=38 channel=0 revision=0 dirty=0 status=PLAYING SONG - PAULA CIA panel=0
EDITOR REPLAY active=1 ticks=1781 order=0 pattern=0 row=39 bpm=125 speed=6 period=428,339,285,0 volume=32,32,32,0
EDITOR FRAME row=39 channel=0 revision=0 dirty=0 status=PLAYING SONG - PAULA CIA panel=0
EDITOR REPLAY active=1 ticks=1787 order=0 pattern=0 row=40 bpm=125 speed=6 period=428,339,285,0 volume=32,32,32,0
EDITOR FRAME row=40 channel=0 revision=0 dirty=0 status=PLAYING SONG - PAULA CIA panel=0
EDITOR REPLAY active=1 ticks=1794 order=0 pattern=0 row=42 bpm=125 speed=6 period=428,339,285,0 volume=32,32,32,0
EDITOR FRAME row=42 channel=0 revision=0 dirty=0 status=PLAYING SONG - PAULA CIA panel=0
EDITOR REPLAY active=1 ticks=1801 order=0 pattern=0 row=43 bpm=125 speed=6 period=428,339,285,0 volume=32,32,32,0
EDITOR FRAME row=43 channel=0 revision=0 dirty=0 status=PLAYING SONG - PAULA CIA panel=0
EDITOR REPLAY active=1 ticks=1807 order=0 pattern=0 row=44 bpm=125 speed=6 period=428,339,285,0 volume=32,32,32,0
EDITOR FRAME row=44 channel=0 revision=0 dirty=0 status=PLAYING SONG - PAULA CIA panel=0
EDITOR REPLAY active=1 ticks=1813 order=0 pattern=0 row=45 bpm=125 speed=6 period=428,339,285,0 volume=32,32,32,0
EDITOR FRAME row=45 channel=0 revision=0 dirty=0 status=PLAYING SONG - PAULA CIA panel=0
EDITOR REPLAY active=1 ticks=1819 order=0 pattern=0 row=46 bpm=125 speed=6 period=428,339,285,0 volume=32,32,32,0
EDITOR FRAME row=46 channel=0 revision=0 dirty=0 status=PLAYING SONG - PAULA CIA panel=0
EDITOR REPLAY active=1 ticks=1826 order=0 pattern=0 row=47 bpm=125 speed=6 period=428,339,285,0 volume=32,32,32,0
EDITOR FRAME row=47 channel=0 revision=0 dirty=0 status=PLAYING SONG - PAULA CIA panel=0
EDITOR REPLAY active=1 ticks=1832 order=0 pattern=0 row=48 bpm=125 speed=6 period=428,339,285,0 volume=32,32,32,0
EDITOR FRAME row=48 channel=0 revision=0 dirty=0 status=PLAYING SONG - PAULA CIA panel=0
EDITOR REPLAY active=1 ticks=1838 order=0 pattern=0 row=49 bpm=125 speed=6 period=428,339,285,0 volume=32,32,32,0
EDITOR CADENCE frames=16 ticks50=101 peak_gap_ticks50=7
EDITOR FRAME row=49 channel=0 revision=0 dirty=0 status=PLAYING SONG - PAULA CIA panel=0
EDITOR REPLAY active=1 ticks=1844 order=0 pattern=0 row=50 bpm=125 speed=6 period=428,339,285,0 volume=32,32,32,0
EDITOR FRAME row=50 channel=0 revision=0 dirty=0 status=PLAYING SONG - PAULA CIA panel=0
EDITOR REPLAY active=1 ticks=1851 order=0 pattern=0 row=51 bpm=125 speed=6 period=428,339,285,0 volume=32,32,32,0
EDITOR FRAME row=51 channel=0 revision=0 dirty=0 status=PLAYING SONG - PAULA CIA panel=0
EDITOR REPLAY active=1 ticks=1857 order=0 pattern=0 row=52 bpm=125 speed=6 period=428,339,285,0 volume=32,32,32,0
EDITOR FRAME row=52 channel=0 revision=0 dirty=0 status=PLAYING SONG - PAULA CIA panel=0
EDITOR REPLAY active=1 ticks=1863 order=0 pattern=0 row=53 bpm=125 speed=6 period=428,339,285,0 volume=32,32,32,0
EDITOR FRAME row=53 channel=0 revision=0 dirty=0 status=PLAYING SONG - PAULA CIA panel=0
EDITOR REPLAY active=1 ticks=1870 order=0 pattern=0 row=54 bpm=125 speed=6 period=428,339,285,0 volume=32,32,32,0
EDITOR FRAME row=54 channel=0 revision=0 dirty=0 status=PLAYING SONG - PAULA CIA panel=0
EDITOR REPLAY active=1 ticks=1876 order=0 pattern=0 row=55 bpm=125 speed=6 period=428,339,285,0 volume=32,32,32,0
EDITOR FRAME row=55 channel=0 revision=0 dirty=0 status=PLAYING SONG - PAULA CIA panel=0
EDITOR REPLAY active=1 ticks=1882 order=0 pattern=0 row=56 bpm=125 speed=6 period=428,339,285,0 volume=32,32,32,0
EDITOR FRAME row=56 channel=0 revision=0 dirty=0 status=PLAYING SONG - PAULA CIA panel=0
EDITOR REPLAY active=1 ticks=1889 order=0 pattern=0 row=57 bpm=125 speed=6 period=428,339,285,0 volume=32,32,32,0
EDITOR FRAME row=57 channel=0 revision=0 dirty=0 status=PLAYING SONG - PAULA CIA panel=0
EDITOR REPLAY active=1 ticks=1895 order=0 pattern=0 row=58 bpm=125 speed=6 period=428,339,285,0 volume=32,32,32,0
EDITOR FRAME row=58 channel=0 revision=0 dirty=0 status=PLAYING SONG - PAULA CIA panel=0
EDITOR REPLAY active=1 ticks=1901 order=0 pattern=0 row=59 bpm=125 speed=6 period=428,339,285,0 volume=32,32,32,0
EDITOR FRAME row=59 channel=0 revision=0 dirty=0 status=PLAYING SONG - PAULA CIA panel=0
EDITOR REPLAY active=1 ticks=1908 order=0 pattern=0 row=61 bpm=125 speed=6 period=428,339,285,0 volume=32,32,32,0
EDITOR FRAME row=61 channel=0 revision=0 dirty=0 status=PLAYING SONG - PAULA CIA panel=0
EDITOR REPLAY active=1 ticks=1915 order=0 pattern=0 row=62 bpm=125 speed=6 period=428,339,285,0 volume=32,32,32,0
EDITOR FRAME row=62 channel=0 revision=0 dirty=0 status=PLAYING SONG - PAULA CIA panel=0
EDITOR REPLAY active=1 ticks=1921 order=0 pattern=0 row=63 bpm=125 speed=6 period=428,339,285,0 volume=32,32,32,0
EDITOR FRAME row=63 channel=0 revision=0 dirty=0 status=PLAYING SONG - PAULA CIA panel=0
EDITOR REPLAY active=1 ticks=1927 order=0 pattern=0 row=0 bpm=125 speed=6 period=428,339,285,0 volume=32,32,32,0
EDITOR CADENCE frames=14 ticks50=103 peak_gap_ticks50=20
EDITOR FRAME row=0 channel=0 revision=0 dirty=0 status=PLAYING SONG - PAULA CIA panel=0
EDITOR REPLAY active=1 ticks=1947 order=0 pattern=0 row=3 bpm=125 speed=6 period=428,339,285,0 volume=32,32,32,0
EDITOR FRAME row=3 channel=0 revision=0 dirty=0 status=PLAYING SONG - PAULA CIA panel=0
EDITOR REPLAY active=1 ticks=1950 order=0 pattern=0 row=4 bpm=125 speed=6 period=428,339,285,0 volume=32,32,32,0
EDITOR FRAME row=4 channel=0 revision=0 dirty=0 status=PLAYING SONG - PAULA CIA panel=0
EDITOR REPLAY active=1 ticks=1956 order=0 pattern=0 row=5 bpm=125 speed=6 period=428,339,285,0 volume=32,32,32,0
EDITOR FRAME row=5 channel=0 revision=0 dirty=0 status=PLAYING SONG - PAULA CIA panel=0
EDITOR REPLAY active=1 ticks=1962 order=0 pattern=0 row=6 bpm=125 speed=6 period=428,339,285,0 volume=32,32,32,0
EDITOR FRAME row=6 channel=0 revision=0 dirty=0 status=PLAYING SONG - PAULA CIA panel=0
EDITOR REPLAY active=1 ticks=1968 order=0 pattern=0 row=7 bpm=125 speed=6 period=428,339,285,0 volume=32,32,32,0
EDITOR FRAME row=7 channel=0 revision=0 dirty=0 status=PLAYING SONG - PAULA CIA panel=0
EDITOR REPLAY active=1 ticks=1975 order=0 pattern=0 row=8 bpm=125 speed=6 period=428,339,285,0 volume=32,32,32,0
EDITOR FRAME row=8 channel=0 revision=0 dirty=0 status=PLAYING SONG - PAULA CIA panel=0
EDITOR REPLAY active=1 ticks=1980 order=0 pattern=0 row=9 bpm=125 speed=6 period=428,339,285,0 volume=32,32,32,0
EDITOR FRAME row=9 channel=0 revision=0 dirty=0 status=PLAYING SONG - PAULA CIA panel=0
EDITOR REPLAY active=1 ticks=1986 order=0 pattern=0 row=10 bpm=125 speed=6 period=428,339,285,0 volume=32,32,32,0
EDITOR FRAME row=10 channel=0 revision=0 dirty=0 status=PLAYING SONG - PAULA CIA panel=0
EDITOR REPLAY active=1 ticks=1992 order=0 pattern=0 row=11 bpm=125 speed=6 period=428,339,285,0 volume=32,32,32,0
EDITOR FRAME row=11 channel=0 revision=0 dirty=0 status=PLAYING SONG - PAULA CIA panel=0
EDITOR REPLAY active=1 ticks=1998 order=0 pattern=0 row=12 bpm=125 speed=6 period=428,339,285,0 volume=32,32,32,0
EDITOR FRAME row=12 channel=0 revision=0 dirty=0 status=PLAYING SONG - PAULA CIA panel=0
EDITOR REPLAY active=1 ticks=2005 order=0 pattern=0 row=13 bpm=125 speed=6 period=428,339,285,0 volume=32,32,32,0
EDITOR FRAME row=13 channel=0 revision=0 dirty=0 status=PLAYING SONG - PAULA CIA panel=0
EDITOR REPLAY active=1 ticks=2010 order=0 pattern=0 row=14 bpm=125 speed=6 period=428,339,285,0 volume=32,32,32,0
EDITOR FRAME row=14 channel=0 revision=0 dirty=0 status=PLAYING SONG - PAULA CIA panel=0
EDITOR REPLAY active=1 ticks=2016 order=0 pattern=0 row=15 bpm=125 speed=6 period=428,339,285,0 volume=32,32,32,0
EDITOR FRAME row=15 channel=0 revision=0 dirty=0 status=PLAYING SONG - PAULA CIA panel=0
EDITOR REPLAY active=1 ticks=2022 order=0 pattern=0 row=16 bpm=125 speed=6 period=428,339,285,0 volume=32,32,32,0
EDITOR FRAME row=16 channel=0 revision=0 dirty=0 status=PLAYING SONG - PAULA CIA panel=0
EDITOR REPLAY active=1 ticks=2028 order=0 pattern=0 row=17 bpm=125 speed=6 period=428,339,285,0 volume=32,32,32,0
EDITOR FRAME row=17 channel=0 revision=0 dirty=0 status=PLAYING SONG - PAULA CIA panel=0
EDITOR REPLAY active=1 ticks=2034 order=0 pattern=0 row=18 bpm=125 speed=6 period=428,339,285,0 volume=32,32,32,0
EDITOR FRAME row=18 channel=0 revision=0 dirty=0 status=PLAYING SONG - PAULA CIA panel=0
EDITOR REPLAY active=1 ticks=2041 order=0 pattern=0 row=19 bpm=125 speed=6 period=428,339,285,0 volume=32,32,32,0
EDITOR FRAME row=19 channel=0 revision=0 dirty=0 status=PLAYING SONG - PAULA CIA panel=0
EDITOR CADENCE frames=52 ticks50=100 peak_gap_ticks50=4
EDITOR REPLAY active=1 ticks=2046 order=0 pattern=0 row=20 bpm=125 speed=6 period=428,339,285,0 volume=32,32,32,0
EDITOR FRAME row=20 channel=0 revision=0 dirty=0 status=PLAYING SONG - PAULA CIA panel=0
EDITOR REPLAY active=1 ticks=2053 order=0 pattern=0 row=21 bpm=125 speed=6 period=428,339,285,0 volume=32,32,32,0
EDITOR FRAME row=21 channel=0 revision=0 dirty=0 status=PLAYING SONG - PAULA CIA panel=0
EDITOR REPLAY active=1 ticks=2059 order=0 pattern=0 row=22 bpm=125 speed=6 period=428,339,285,0 volume=32,32,32,0
EDITOR FRAME row=22 channel=0 revision=0 dirty=0 status=PLAYING SONG - PAULA CIA panel=0
EDITOR REPLAY active=1 ticks=2065 order=0 pattern=0 row=23 bpm=125 speed=6 period=428,339,285,0 volume=32,32,32,0
EDITOR FRAME row=23 channel=0 revision=0 dirty=0 status=PLAYING SONG - PAULA CIA panel=0
EDITOR REPLAY active=1 ticks=2071 order=0 pattern=0 row=24 bpm=125 speed=6 period=428,339,285,0 volume=32,32,32,0
EDITOR FRAME row=24 channel=0 revision=0 dirty=0 status=PLAYING SONG - PAULA CIA panel=0
EDITOR REPLAY active=1 ticks=2078 order=0 pattern=0 row=25 bpm=125 speed=6 period=428,339,285,0 volume=32,32,32,0
EDITOR FRAME row=25 channel=0 revision=0 dirty=0 status=PLAYING SONG - PAULA CIA panel=0
EDITOR REPLAY active=1 ticks=2084 order=0 pattern=0 row=26 bpm=125 speed=6 period=428,339,285,0 volume=32,32,32,0
EDITOR FRAME row=26 channel=0 revision=0 dirty=0 status=PLAYING SONG - PAULA CIA panel=0
EDITOR REPLAY active=1 ticks=2090 order=0 pattern=0 row=27 bpm=125 speed=6 period=428,339,285,0 volume=32,32,32,0
EDITOR FRAME row=27 channel=0 revision=0 dirty=0 status=PLAYING SONG - PAULA CIA panel=0
EDITOR REPLAY active=1 ticks=2096 order=0 pattern=0 row=28 bpm=125 speed=6 period=428,339,285,0 volume=32,32,32,0
EDITOR FRAME row=28 channel=0 revision=0 dirty=0 status=PLAYING SONG - PAULA CIA panel=0
EDITOR REPLAY active=1 ticks=2103 order=0 pattern=0 row=29 bpm=125 speed=6 period=428,339,285,0 volume=32,32,32,0
EDITOR FRAME row=29 channel=0 revision=0 dirty=0 status=PLAYING SONG - PAULA CIA panel=0
EDITOR REPLAY active=1 ticks=2109 order=0 pattern=0 row=30 bpm=125 speed=6 period=428,339,285,0 volume=32,32,32,0
EDITOR FRAME row=30 channel=0 revision=0 dirty=0 status=PLAYING SONG - PAULA CIA panel=0
EDITOR REPLAY active=1 ticks=2115 order=0 pattern=0 row=31 bpm=125 speed=6 period=428,339,285,0 volume=32,32,32,0
EDITOR FRAME row=31 channel=0 revision=0 dirty=0 status=PLAYING SONG - PAULA CIA panel=0
EDITOR REPLAY active=1 ticks=2122 order=0 pattern=0 row=32 bpm=125 speed=6 period=428,339,285,0 volume=32,32,32,0
EDITOR FRAME row=32 channel=0 revision=0 dirty=0 status=PLAYING SONG - PAULA CIA panel=0
EDITOR REPLAY active=1 ticks=2128 order=0 pattern=0 row=33 bpm=125 speed=6 period=428,339,285,0 volume=32,32,32,0
EDITOR FRAME row=33 channel=0 revision=0 dirty=0 status=PLAYING SONG - PAULA CIA panel=0
EDITOR REPLAY active=1 ticks=2134 order=0 pattern=0 row=34 bpm=125 speed=6 period=428,339,285,0 volume=32,32,32,0
EDITOR FRAME row=34 channel=0 revision=0 dirty=0 status=PLAYING SONG - PAULA CIA panel=0
EDITOR REPLAY active=1 ticks=2140 order=0 pattern=0 row=35 bpm=125 speed=6 period=428,339,285,0 volume=32,32,32,0
EDITOR CADENCE frames=16 ticks50=100 peak_gap_ticks50=7
EDITOR FRAME row=35 channel=0 revision=0 dirty=0 status=PLAYING SONG - PAULA CIA panel=0
EDITOR REPLAY active=1 ticks=2147 order=0 pattern=0 row=36 bpm=125 speed=6 period=428,339,285,0 volume=32,32,32,0
EDITOR FRAME row=36 channel=0 revision=0 dirty=0 status=PLAYING SONG - PAULA CIA panel=0
EDITOR REPLAY active=1 ticks=2153 order=0 pattern=0 row=37 bpm=125 speed=6 period=428,339,285,0 volume=32,32,32,0
EDITOR FRAME row=37 channel=0 revision=0 dirty=0 status=PLAYING SONG - PAULA CIA panel=0
EDITOR REPLAY active=1 ticks=2159 order=0 pattern=0 row=38 bpm=125 speed=6 period=428,339,285,0 volume=32,32,32,0
EDITOR FRAME row=38 channel=0 revision=0 dirty=0 status=PLAYING SONG - PAULA CIA panel=0
EDITOR REPLAY active=1 ticks=2166 order=0 pattern=0 row=40 bpm=125 speed=6 period=428,339,285,0 volume=32,32,32,0
EDITOR FRAME row=40 channel=0 revision=0 dirty=0 status=PLAYING SONG - PAULA CIA panel=0
EDITOR REPLAY active=1 ticks=2173 order=0 pattern=0 row=41 bpm=125 speed=6 period=428,339,285,0 volume=32,32,32,0
EDITOR FRAME row=41 channel=0 revision=0 dirty=0 status=PLAYING SONG - PAULA CIA panel=0
EDITOR REPLAY active=1 ticks=2179 order=0 pattern=0 row=42 bpm=125 speed=6 period=428,339,285,0 volume=32,32,32,0
EDITOR FRAME row=42 channel=0 revision=0 dirty=0 status=PLAYING SONG - PAULA CIA panel=0
EDITOR REPLAY active=1 ticks=2185 order=0 pattern=0 row=43 bpm=125 speed=6 period=428,339,285,0 volume=32,32,32,0
EDITOR FRAME row=43 channel=0 revision=0 dirty=0 status=PLAYING SONG - PAULA CIA panel=0
EDITOR REPLAY active=1 ticks=2191 order=0 pattern=0 row=44 bpm=125 speed=6 period=428,339,285,0 volume=32,32,32,0
EDITOR FRAME row=44 channel=0 revision=0 dirty=0 status=PLAYING SONG - PAULA CIA panel=0
EDITOR REPLAY active=1 ticks=2198 order=0 pattern=0 row=45 bpm=125 speed=6 period=428,339,285,0 volume=32,32,32,0
EDITOR FRAME row=45 channel=0 revision=0 dirty=0 status=PLAYING SONG - PAULA CIA panel=0
EDITOR REPLAY active=1 ticks=2204 order=0 pattern=0 row=46 bpm=125 speed=6 period=428,339,285,0 volume=32,32,32,0
EDITOR FRAME row=46 channel=0 revision=0 dirty=0 status=PLAYING SONG - PAULA CIA panel=0
EDITOR REPLAY active=1 ticks=2210 order=0 pattern=0 row=47 bpm=125 speed=6 period=428,339,285,0 volume=32,32,32,0
EDITOR FRAME row=47 channel=0 revision=0 dirty=0 status=PLAYING SONG - PAULA CIA panel=0
EDITOR REPLAY active=1 ticks=2216 order=0 pattern=0 row=48 bpm=125 speed=6 period=428,339,285,0 volume=32,32,32,0
EDITOR FRAME row=48 channel=0 revision=0 dirty=0 status=PLAYING SONG - PAULA CIA panel=0
EDITOR REPLAY active=1 ticks=2223 order=0 pattern=0 row=49 bpm=125 speed=6 period=428,339,285,0 volume=32,32,32,0
EDITOR FRAME row=49 channel=0 revision=0 dirty=0 status=PLAYING SONG - PAULA CIA panel=0
EDITOR REPLAY active=1 ticks=2229 order=0 pattern=0 row=50 bpm=125 speed=6 period=428,339,285,0 volume=32,32,32,0
EDITOR FRAME row=50 channel=0 revision=0 dirty=0 status=PLAYING SONG - PAULA CIA panel=0
EDITOR REPLAY active=1 ticks=2235 order=0 pattern=0 row=51 bpm=125 speed=6 period=428,339,285,0 volume=32,32,32,0
EDITOR FRAME row=51 channel=0 revision=0 dirty=0 status=PLAYING SONG - PAULA CIA panel=0
EDITOR REPLAY active=1 ticks=2242 order=0 pattern=0 row=52 bpm=125 speed=6 period=428,339,285,0 volume=32,32,32,0
EDITOR CADENCE frames=16 ticks50=101 peak_gap_ticks50=7
EDITOR FRAME row=52 channel=0 revision=0 dirty=0 status=PLAYING SONG - PAULA CIA panel=0
EDITOR REPLAY active=1 ticks=2248 order=0 pattern=0 row=53 bpm=125 speed=6 period=428,339,285,0 volume=32,32,32,0
EDITOR FRAME row=53 channel=0 revision=0 dirty=0 status=PLAYING SONG - PAULA CIA panel=0
EDITOR REPLAY active=1 ticks=2254 order=0 pattern=0 row=54 bpm=125 speed=6 period=428,339,285,0 volume=32,32,32,0
EDITOR FRAME row=54 channel=0 revision=0 dirty=0 status=PLAYING SONG - PAULA CIA panel=0
EDITOR REPLAY active=1 ticks=2261 order=0 pattern=0 row=55 bpm=125 speed=6 period=428,339,285,0 volume=32,32,32,0
EDITOR FRAME row=55 channel=0 revision=0 dirty=0 status=PLAYING SONG - PAULA CIA panel=0
EDITOR REPLAY active=1 ticks=2267 order=0 pattern=0 row=56 bpm=125 speed=6 period=428,339,285,0 volume=32,32,32,0
EDITOR EXIT clean
