strsup.h:20:29:memcmp	4	static
mixed_readers_causal.c:65:12:extent	0	static
mixed_readers_causal.c:67:12:addresses_apart	12	static
mixed_readers_causal.c:76:15:queue_offset	16	dynamic,bounded
mixed_readers_causal.c:78:8:pt_mixed_causal_workspace_size	4	static
mixed_readers_causal.c:80:8:pt_mixed_causal_workspace_alignment	0	static
mixed_readers_causal.c:82:8:pt_mixed_causal_control_size	0	static
mixed_readers_causal.c:83:12:key_equal	8	static
mixed_readers_causal.c:85:12:key_zero	0	static
mixed_readers_causal.c:87:12:slot_index	4	static
mixed_readers_causal.c:90:13:fault	0	static
mixed_readers_causal.c:92:6:pt_mixed_causal_fail_closed	0	static
mixed_readers_causal.c:94:12:enter	4	dynamic,bounded
mixed_readers_causal.c:96:12:task_enter	4	dynamic,bounded
mixed_readers_causal.c:118:12:source_apart	0	static
mixed_readers_causal.c:124:35:find_command	24	dynamic,bounded
mixed_readers_causal.c:126:34:find_reader	32	dynamic,bounded
mixed_readers_causal.c:128:12:clock_read	44	dynamic,bounded
mixed_readers_causal.c:134:12:backend_clock	40	dynamic,bounded
mixed_readers_causal.c:221:13:staged_clear	32	dynamic,bounded
mixed_readers_causal.c:240:12:control_first_current	4	dynamic,bounded
mixed_readers_causal.c:263:12:stop_first_current	0	static
mixed_readers_causal.c:299:12:backend_submit	292	dynamic,bounded
mixed_readers_causal.c:402:12:current_packet	52	dynamic,bounded
mixed_readers_causal.c:412:13:geometry_drop	4	static
mixed_readers_causal.c:414:13:reader_closed	36	dynamic,bounded
mixed_readers_causal.c:420:12:causal_current	40	dynamic,bounded
mixed_readers_causal.c:434:29:pt_mixed_causal_fire	1228	dynamic,bounded
mixed_readers_causal.c:507:36:backend_command	32	dynamic,bounded
mixed_readers_causal.c:536:36:backend_reader	268	dynamic,bounded
mixed_readers_causal.c:585:14:queue_allocate	32	dynamic,bounded
mixed_readers_causal.c:594:13:queue_release	0	static
mixed_readers_causal.c:602:30:pt_mixed_causal_open	196	dynamic,bounded
mixed_readers_causal.c:660:30:pt_mixed_causal_borrow_queue	20	dynamic,bounded
mixed_readers_causal.c:667:12:input_guard	48	dynamic,bounded
mixed_readers_causal.c:680:12:trigger_input_only	80	dynamic,bounded
mixed_readers_causal.c:692:12:causal_basis	88	dynamic,bounded
mixed_readers_causal.c:724:30:pt_mixed_causal_enqueue	24	dynamic,bounded
mixed_readers_causal.c:738:30:pt_mixed_causal_publish	28	dynamic,bounded
mixed_readers_causal.c:746:30:pt_mixed_causal_control_bind	24	dynamic,bounded
mixed_readers_causal.c:775:30:pt_mixed_causal_control_enqueue	3368	dynamic,bounded
mixed_readers_causal.c:824:30:pt_mixed_causal_control_publish	36	dynamic,bounded
mixed_readers_causal.c:833:30:pt_mixed_causal_stop_bind	24	dynamic,bounded
mixed_readers_causal.c:860:30:pt_mixed_causal_stop_enqueue	3208	dynamic,bounded
mixed_readers_causal.c:908:30:pt_mixed_causal_stop_publish	36	dynamic,bounded
mixed_readers_causal.c:917:30:pt_mixed_causal_enqueue_successor	4008	dynamic,bounded
mixed_readers_causal.c:941:30:pt_mixed_causal_publish_successor	4012	dynamic,bounded
mixed_readers_causal.c:959:12:completion_identity_same	8	static
mixed_readers_causal.c:967:5:pt_mixed_causal_first_completion_matches	60	dynamic,bounded
mixed_readers_causal.c:996:5:pt_mixed_causal_diagnostic	84	dynamic,bounded
mixed_readers_causal.c:1006:30:pt_mixed_causal_service_command	40	dynamic,bounded
mixed_readers_causal.c:1014:30:pt_mixed_causal_service_reader	48	dynamic,bounded
mixed_readers_causal.c:1022:30:pt_mixed_causal_reader_key	40	dynamic,bounded
mixed_readers_causal.c:1030:30:pt_mixed_causal_stop	8	dynamic,bounded
mixed_readers_causal.c:1037:5:pt_mixed_causal_close	68	dynamic,bounded
mixed_readers_causal.c:1065:12:factory_empty	32	dynamic,bounded
mixed_readers_causal.c:1078:5:pt_mixed_causal_factory_original_empty	40	dynamic,bounded
mixed_readers_causal.c:1086:5:pt_mixed_causal_factory_stop_original_empty	40	dynamic,bounded
mixed_readers_causal.c:1099:5:pt_mixed_causal_factory_stop_first_current	16	dynamic,bounded
mixed_readers_causal.c:1109:44:pt_mixed_causal_factory_bind_original	76	dynamic,bounded
mixed_readers_causal.c:1129:30:pt_mixed_causal_factory_reader_readiness	24	dynamic,bounded
mixed_readers_causal.c:1139:35:pt_mixed_causal_factory_retire_original	52	dynamic,bounded
mixed_readers_causal.c:118:12:source_apart.part.1	32	dynamic,bounded
mixed_readers_causal.c:263:12:stop_first_current.part.3	72	dynamic,bounded
mixed_readers_causal.c:99:12:output_apart.part.8	48	dynamic,bounded
mixed_readers_causal.c:507:36:backend_command.part.10	1504	dynamic,bounded
