strsup.h:20:29:memcmp	4	static
project_snapshot.h:11:19:pt_project_snapshot_equal	0	static
sampler_mixed_readers.c:88:12:span	0	static
sampler_mixed_readers.c:90:12:apart	28	dynamic,bounded
sampler_mixed_readers.c:94:12:add	20	dynamic,bounded
sampler_mixed_readers.c:104:12:initial_apart	64	dynamic,bounded
sampler_mixed_readers.c:120:12:output_apart	44	dynamic,bounded
sampler_mixed_readers.c:134:12:context_covered	36	dynamic,bounded
sampler_mixed_readers.c:144:12:causal_inside	36	dynamic,bounded
sampler_mixed_readers.c:159:5:pt_sampler_mixed_causal_bind	64	dynamic,bounded
sampler_mixed_readers.c:175:5:pt_sampler_mixed_causal_stop_bind	64	dynamic,bounded
sampler_mixed_readers.c:223:12:fixed_current	1544	dynamic,bounded
sampler_mixed_readers.c:235:12:backend_fixed	12	dynamic,bounded
sampler_mixed_readers.c:243:12:current	24	dynamic,bounded
sampler_mixed_readers.c:248:12:reentry	0	static
sampler_mixed_readers.c:275:8:pt_sampler_mixed_workspace_size	0	static
sampler_mixed_readers.c:277:8:pt_sampler_mixed_workspace_alignment	0	static
sampler_mixed_readers.c:279:8:pt_sampler_mixed_pool_size	0	static
sampler_mixed_readers.c:281:8:pt_sampler_mixed_command_size	0	static
sampler_mixed_readers.c:283:8:pt_sampler_mixed_reader_size	0	static
sampler_mixed_readers.c:297:37:mixed_open_private	148	dynamic,bounded
sampler_mixed_readers.c:349:30:pt_sampler_mixed_open	32	dynamic,bounded
sampler_mixed_readers.c:352:30:pt_sampler_mixed_causal_open	36	dynamic,bounded
sampler_mixed_readers.c:357:30:pt_sampler_mixed_causal_stop_open	40	dynamic,bounded
sampler_mixed_readers.c:363:14:chip_allocate	32	dynamic,bounded
sampler_mixed_readers.c:381:13:chip_release	8	static
sampler_mixed_readers.c:394:30:pt_sampler_mixed_advance_validation	52	dynamic,bounded
sampler_mixed_readers.c:441:41:command	20	static
sampler_mixed_readers.c:446:40:reader	20	static
sampler_mixed_readers.c:454:12:key_zero	0	static
sampler_mixed_readers.c:460:12:voice_zero	0	static
sampler_mixed_readers.c:529:13:resources	24	dynamic,bounded
sampler_mixed_readers.c:543:13:reader_free	12	dynamic,bounded
sampler_mixed_readers.c:550:13:command_free	0	static
sampler_mixed_readers.c:556:13:partial	64	dynamic,bounded
sampler_mixed_readers.c:633:30:pt_sampler_mixed_begin	64	dynamic,bounded
sampler_mixed_readers.c:639:30:pt_sampler_mixed_begin_quantized	72	dynamic,bounded
sampler_mixed_readers.c:648:30:pt_sampler_mixed_causal_stop_begin	2160	dynamic,bounded
sampler_mixed_readers.c:737:12:holder_current	80	dynamic,bounded
sampler_mixed_readers.c:746:12:command_current	20	dynamic,bounded
sampler_mixed_readers.c:751:13:command_terminal	8	static
sampler_mixed_readers.c:759:13:command_release	8	static
sampler_mixed_readers.c:766:13:reader_terminal	8	static
sampler_mixed_readers.c:773:13:reader_release	16	dynamic,bounded
sampler_mixed_readers.c:802:12:build_action	156	dynamic,bounded
sampler_mixed_readers.c:880:30:pt_sampler_mixed_advance	64	dynamic,bounded
sampler_mixed_readers.c:941:30:pt_sampler_mixed_enqueue	240	dynamic,bounded
sampler_mixed_readers.c:991:30:pt_sampler_mixed_reader	44	dynamic,bounded
sampler_mixed_readers.c:1000:30:pt_sampler_mixed_reader_key	88	dynamic,bounded
sampler_mixed_readers.c:1019:30:pt_sampler_mixed_reader_readiness	40	dynamic,bounded
sampler_mixed_readers.c:1041:12:service_ready	20	dynamic,bounded
sampler_mixed_readers.c:1050:30:pt_sampler_mixed_publish	40	dynamic,bounded
sampler_mixed_readers.c:1067:30:pt_sampler_mixed_service_command	1440	dynamic,bounded
sampler_mixed_readers.c:1078:30:pt_sampler_mixed_service_reader	144	dynamic,bounded
sampler_mixed_readers.c:1089:30:pt_sampler_mixed_cancel	28	dynamic,bounded
sampler_mixed_readers.c:1101:30:pt_sampler_mixed_stop	24	dynamic,bounded
sampler_mixed_readers.c:1114:5:pt_sampler_mixed_reader_close	32	dynamic,bounded
sampler_mixed_readers.c:1127:12:retirement_guard_has	8	static
sampler_mixed_readers.c:1191:12:retirement_headers_current	1540	dynamic,bounded
sampler_mixed_readers.c:1202:35:pt_sampler_mixed_retire_original_reader	84	dynamic,bounded
sampler_mixed_readers.c:1235:5:pt_sampler_mixed_command_close	60	dynamic,bounded
sampler_mixed_readers.c:1252:5:pt_sampler_mixed_close	36	dynamic,bounded
sampler_mixed_readers.c:567:37:begin_private.part.9	124	dynamic,bounded
sampler_mixed_readers.c:1135:12:retirement_extent_apart.constprop	24	dynamic,bounded
sampler_mixed_readers.c:516:14:allocate.constprop	44	dynamic,bounded
