vasm 2.0b (c) in 2002-2025 Volker Barthelmann
vasm M68k/CPU32/ColdFire cpu backend 2.7c (c) 2002-2024 Frank Wille
vasm motorola syntax module 3.19b (c) 2002-2025 Frank Wille
vasm hunk format output module 2.17f (c) 2002-2025 Frank Wille

replay(acrx4):	        5888 bytes
vasm 2.0b (c) in 2002-2025 Volker Barthelmann
vasm M68k/CPU32/ColdFire cpu backend 2.7c (c) 2002-2024 Frank Wille
vasm motorola syntax module 3.19b (c) 2002-2025 Frank Wille
vasm hunk format output module 2.17f (c) 2002-2025 Frank Wille

replay(acrx4):	        6076 bytes
vasm 2.0b (c) in 2002-2025 Volker Barthelmann
vasm M68k/CPU32/ColdFire cpu backend 2.7c (c) 2002-2024 Frank Wille
vasm motorola syntax module 3.19b (c) 2002-2025 Frank Wille
vasm hunk format output module 2.17f (c) 2002-2025 Frank Wille

replay(acrx4):	        6600 bytes
vasm 2.0b (c) in 2002-2025 Volker Barthelmann
vasm M68k/CPU32/ColdFire cpu backend 2.7c (c) 2002-2024 Frank Wille
vasm motorola syntax module 3.19b (c) 2002-2025 Frank Wille
vasm hunk format output module 2.17f (c) 2002-2025 Frank Wille

replay(acrx4):	        6972 bytes
vasm 2.0b (c) in 2002-2025 Volker Barthelmann
vasm M68k/CPU32/ColdFire cpu backend 2.7c (c) 2002-2024 Frank Wille
vasm motorola syntax module 3.19b (c) 2002-2025 Frank Wille
vasm hunk format output module 2.17f (c) 2002-2025 Frank Wille

replay(acrx4):	        7052 bytes
vasm 2.0b (c) in 2002-2025 Volker Barthelmann
vasm M68k/CPU32/ColdFire cpu backend 2.7c (c) 2002-2024 Frank Wille
vasm motorola syntax module 3.19b (c) 2002-2025 Frank Wille
vasm hunk format output module 2.17f (c) 2002-2025 Frank Wille

replay(acrx4):	        6696 bytes
vasm 2.0b (c) in 2002-2025 Volker Barthelmann
vasm M68k/CPU32/ColdFire cpu backend 2.7c (c) 2002-2024 Frank Wille
vasm motorola syntax module 3.19b (c) 2002-2025 Frank Wille
vasm hunk format output module 2.17f (c) 2002-2025 Frank Wille

Harness(acrx2):	         874 bytes
PTGGuard(acrx2):	         518 bytes
PTGGuardData(aurw1):	        2108 bytes
{
  "PTMixedOwnerTest": {
    "sha256": "14821d6949a1966901ba60023b8cd4af582f6b40d5a1a0d4f12c9d9f865c889e",
    "bytes": 200100
  },
  "PTExecMixedOwnerTest": {
    "sha256": "f976171e25e6d941836c5b8bb75aa089d1060b9df2c5ee66b43e025a78c185df",
    "bytes": 201224
  },
  "PTGuardTest": {
    "sha256": "908722556a4bc3033b1dcc107b9b8ba28c5dfc44f75195b00336828e0e292a0b",
    "bytes": 1660
  }
}
