NATIVE PHASE: memory start
EXEC MEMORY pool_limit=131083160 reserve=262144 flags=4
NATIVE PHASE: mixed component cost start
NATIVE MIXED COMPONENT current voices=2 total=333 frequency=709379 bits=8 case=0
NATIVE MIXED COMPONENT current voices=2 total=340 frequency=709379 bits=8 case=1
NATIVE MIXED COMPONENT current voices=2 total=332 frequency=709379 bits=8 case=2
NATIVE MIXED COMPONENT current voices=2 total=342 frequency=709379 bits=8 case=3
NATIVE MIXED COMPONENT next_start voices=2 total=665 frequency=709379 bits=8
NATIVE MIXED COMPONENT prefetch voices=2 total=619 frequency=709379 bits=8 case=1
NATIVE MIXED COMPONENT prefetch voices=2 total=4123 frequency=709379 bits=8 case=2
NATIVE MIXED COMPONENT prefetch voices=2 total=1600 frequency=709379 bits=8 case=3
NATIVE MIXED COMPONENT prefetch voices=2 total=2593 frequency=709379 bits=8 case=4
NATIVE MIXED COMPONENT prefetch voices=2 total=2602 frequency=709379 bits=8 case=5
NATIVE MIXED COMPONENT prefetch voices=2 total=2588 frequency=709379 bits=8 case=6
NATIVE MIXED COMPONENT prefetch voices=2 total=3268 frequency=709379 bits=8 case=7
NATIVE MIXED COMPONENT prefetch voices=2 total=2606 frequency=709379 bits=8 case=8
NATIVE MIXED COMPONENT prefetch voices=2 total=2589 frequency=709379 bits=8 case=9
NATIVE MIXED COMPONENT prefetch voices=2 total=2606 frequency=709379 bits=8 case=10
NATIVE MIXED COMPONENT prefetch voices=2 total=3302 frequency=709379 bits=8 case=11
NATIVE MIXED COMPONENT prefetch voices=2 total=1115 frequency=709379 bits=8 case=12
NATIVE MIXED COMPONENT prefetch voices=2 total=1989 frequency=709379 bits=8 case=13
NATIVE MIXED COMPONENT prefetch voices=2 total=838 frequency=709379 bits=8 case=14
NATIVE MIXED COMPONENT prefetch voices=2 total=6952 frequency=709379 bits=8 case=15
NATIVE MIXED COMPONENT prefetch voices=2 total=6695 frequency=709379 bits=8 case=16
NATIVE MIXED COMPONENT prefetch voices=2 total=7132 frequency=709379 bits=8 case=17
NATIVE MIXED COMPONENT prefetch voices=2 total=6695 frequency=709379 bits=8 case=18
NATIVE MIXED COMPONENT prefetch voices=2 total=21161 frequency=709379 bits=8 case=19
NATIVE MIXED COMPONENT prefetch voices=2 total=6703 frequency=709379 bits=8 case=20
NATIVE MIXED COMPONENT prefetch voices=2 total=6730 frequency=709379 bits=8 case=21
NATIVE MIXED COMPONENT prefetch voices=2 total=7064 frequency=709379 bits=8 case=22
NATIVE MIXED COMPONENT prefetch voices=2 total=509 frequency=709379 bits=8 case=23
NATIVE MIXED COMPONENT prefetch voices=2 total=775 frequency=709379 bits=8 case=24
NATIVE MIXED COMPONENT prefetch voices=2 total=694 frequency=709379 bits=8 case=25
NATIVE MIXED COMPONENT prefetch voices=2 total=556 frequency=709379 bits=8 case=26
NATIVE MIXED COMPONENT complete voices=2 before_first=1379 first_to_last=62 last_to_return=1477 total=2918 frequency=709379 bits=8
NATIVE MIXED COMPONENT cancel_idle voices=2 total=1080 frequency=709379 bits=8 case=0
NATIVE MIXED COMPONENT lookahead_cancel voices=2 total=234 frequency=709379 bits=8 case=0 bytes=5612
NATIVE MIXED COMPONENT cancel_idle voices=2 total=1080 frequency=709379 bits=8 case=1
NATIVE MIXED COMPONENT lookahead_cancel voices=2 total=234 frequency=709379 bits=8 case=1 bytes=5612
NATIVE MIXED COMPONENT cancel_idle voices=2 total=1059 frequency=709379 bits=8 case=2
NATIVE MIXED COMPONENT lookahead_cancel voices=2 total=229 frequency=709379 bits=8 case=2 bytes=5612
NATIVE MIXED COMPONENT cancel_idle voices=2 total=1056 frequency=709379 bits=8 case=3
NATIVE MIXED COMPONENT lookahead_cancel voices=2 total=229 frequency=709379 bits=8 case=3 bytes=5612
NATIVE MIXED COMPONENT next_live voices=2 total=641 frequency=709379 bits=8
NATIVE MIXED COMPONENT current voices=16 total=574 frequency=709379 bits=8 case=0
NATIVE MIXED COMPONENT current voices=16 total=332 frequency=709379 bits=8 case=1
NATIVE MIXED COMPONENT current voices=16 total=332 frequency=709379 bits=8 case=2
NATIVE MIXED COMPONENT current voices=16 total=332 frequency=709379 bits=8 case=3
NATIVE MIXED COMPONENT next_start voices=16 total=1072 frequency=709379 bits=8
NATIVE MIXED COMPONENT prefetch voices=16 total=619 frequency=709379 bits=8 case=1
NATIVE MIXED COMPONENT prefetch voices=16 total=18517 frequency=709379 bits=8 case=2
NATIVE MIXED COMPONENT prefetch voices=16 total=1528 frequency=709379 bits=8 case=3
NATIVE MIXED COMPONENT prefetch voices=16 total=2778 frequency=709379 bits=8 case=4
NATIVE MIXED COMPONENT prefetch voices=16 total=2759 frequency=709379 bits=8 case=5
NATIVE MIXED COMPONENT prefetch voices=16 total=2760 frequency=709379 bits=8 case=6
NATIVE MIXED COMPONENT prefetch voices=16 total=3013 frequency=709379 bits=8 case=7
NATIVE MIXED COMPONENT prefetch voices=16 total=2770 frequency=709379 bits=8 case=8
NATIVE MIXED COMPONENT prefetch voices=16 total=2759 frequency=709379 bits=8 case=9
NATIVE MIXED COMPONENT prefetch voices=16 total=2758 frequency=709379 bits=8 case=10
NATIVE MIXED COMPONENT prefetch voices=16 total=3172 frequency=709379 bits=8 case=11
NATIVE MIXED COMPONENT prefetch voices=16 total=1810 frequency=709379 bits=8 case=12
NATIVE MIXED COMPONENT prefetch voices=16 total=1844 frequency=709379 bits=8 case=13
NATIVE MIXED COMPONENT prefetch voices=16 total=1842 frequency=709379 bits=8 case=14
NATIVE MIXED COMPONENT prefetch voices=16 total=1540 frequency=709379 bits=8 case=15
NATIVE MIXED COMPONENT prefetch voices=16 total=1258 frequency=709379 bits=8 case=16
NATIVE MIXED COMPONENT prefetch voices=16 total=1289 frequency=709379 bits=8 case=17
NATIVE MIXED COMPONENT prefetch voices=16 total=1259 frequency=709379 bits=8 case=18
NATIVE MIXED COMPONENT prefetch voices=16 total=4376 frequency=709379 bits=8 case=19
NATIVE MIXED COMPONENT prefetch voices=16 total=838 frequency=709379 bits=8 case=20
NATIVE MIXED COMPONENT prefetch voices=16 total=6692 frequency=709379 bits=8 case=21
NATIVE MIXED COMPONENT prefetch voices=16 total=7160 frequency=709379 bits=8 case=22
NATIVE MIXED COMPONENT prefetch voices=16 total=6708 frequency=709379 bits=8 case=23
NATIVE MIXED COMPONENT prefetch voices=16 total=21160 frequency=709379 bits=8 case=24
NATIVE MIXED COMPONENT prefetch voices=16 total=6708 frequency=709379 bits=8 case=25
NATIVE MIXED COMPONENT prefetch voices=16 total=11080 frequency=709379 bits=8 case=26
NATIVE MIXED COMPONENT prefetch voices=16 total=6939 frequency=709379 bits=8 case=27
NATIVE MIXED COMPONENT prefetch voices=16 total=6876 frequency=709379 bits=8 case=28
NATIVE MIXED COMPONENT prefetch voices=16 total=849 frequency=709379 bits=8 case=29
NATIVE MIXED COMPONENT prefetch voices=16 total=849 frequency=709379 bits=8 case=30
NATIVE MIXED COMPONENT prefetch voices=16 total=828 frequency=709379 bits=8 case=31
NATIVE MIXED COMPONENT prefetch voices=16 total=851 frequency=709379 bits=8 case=32
NATIVE MIXED COMPONENT prefetch voices=16 total=828 frequency=709379 bits=8 case=33
NATIVE MIXED COMPONENT prefetch voices=16 total=850 frequency=709379 bits=8 case=34
NATIVE MIXED COMPONENT prefetch voices=16 total=828 frequency=709379 bits=8 case=35
NATIVE MIXED COMPONENT prefetch voices=16 total=851 frequency=709379 bits=8 case=36
NATIVE MIXED COMPONENT prefetch voices=16 total=828 frequency=709379 bits=8 case=37
NATIVE MIXED COMPONENT prefetch voices=16 total=831 frequency=709379 bits=8 case=38
NATIVE MIXED COMPONENT prefetch voices=16 total=850 frequency=709379 bits=8 case=39
NATIVE MIXED COMPONENT prefetch voices=16 total=538 frequency=709379 bits=8 case=40
NATIVE MIXED COMPONENT prefetch voices=16 total=776 frequency=709379 bits=8 case=41
NATIVE MIXED COMPONENT prefetch voices=16 total=777 frequency=709379 bits=8 case=42
NATIVE MIXED COMPONENT prefetch voices=16 total=791 frequency=709379 bits=8 case=43
NATIVE MIXED COMPONENT prefetch voices=16 total=793 frequency=709379 bits=8 case=44
NATIVE MIXED COMPONENT prefetch voices=16 total=1017 frequency=709379 bits=8 case=45
NATIVE MIXED COMPONENT prefetch voices=16 total=778 frequency=709379 bits=8 case=46
NATIVE MIXED COMPONENT prefetch voices=16 total=794 frequency=709379 bits=8 case=47
NATIVE MIXED COMPONENT prefetch voices=16 total=791 frequency=709379 bits=8 case=48
NATIVE MIXED COMPONENT prefetch voices=16 total=780 frequency=709379 bits=8 case=49
NATIVE MIXED COMPONENT prefetch voices=16 total=778 frequency=709379 bits=8 case=50
NATIVE MIXED COMPONENT prefetch voices=16 total=793 frequency=709379 bits=8 case=51
NATIVE MIXED COMPONENT prefetch voices=16 total=791 frequency=709379 bits=8 case=52
NATIVE MIXED COMPONENT prefetch voices=16 total=921 frequency=709379 bits=8 case=53
NATIVE MIXED COMPONENT prefetch voices=16 total=677 frequency=709379 bits=8 case=54
NATIVE MIXED COMPONENT prefetch voices=16 total=678 frequency=709379 bits=8 case=55
NATIVE MIXED COMPONENT prefetch voices=16 total=679 frequency=709379 bits=8 case=56
NATIVE MIXED COMPONENT prefetch voices=16 total=684 frequency=709379 bits=8 case=57
NATIVE MIXED COMPONENT prefetch voices=16 total=674 frequency=709379 bits=8 case=58
NATIVE MIXED COMPONENT prefetch voices=16 total=677 frequency=709379 bits=8 case=59
NATIVE MIXED COMPONENT prefetch voices=16 total=677 frequency=709379 bits=8 case=60
NATIVE MIXED COMPONENT prefetch voices=16 total=678 frequency=709379 bits=8 case=61
NATIVE MIXED COMPONENT prefetch voices=16 total=694 frequency=709379 bits=8 case=62
NATIVE MIXED COMPONENT prefetch voices=16 total=694 frequency=709379 bits=8 case=63
NATIVE MIXED COMPONENT prefetch voices=16 total=694 frequency=709379 bits=8 case=64
NATIVE MIXED COMPONENT prefetch voices=16 total=1141 frequency=709379 bits=8 case=65
NATIVE MIXED COMPONENT complete voices=16 before_first=2393 first_to_last=857 last_to_return=1480 total=4730 frequency=709379 bits=8
NATIVE MIXED COMPONENT cancel_idle voices=16 total=1081 frequency=709379 bits=8 case=0
NATIVE MIXED COMPONENT lookahead_cancel voices=16 total=229 frequency=709379 bits=8 case=0 bytes=5612
NATIVE MIXED COMPONENT cancel_idle voices=16 total=1081 frequency=709379 bits=8 case=1
NATIVE MIXED COMPONENT lookahead_cancel voices=16 total=229 frequency=709379 bits=8 case=1 bytes=5612
NATIVE MIXED COMPONENT cancel_idle voices=16 total=1080 frequency=709379 bits=8 case=2
NATIVE MIXED COMPONENT lookahead_cancel voices=16 total=229 frequency=709379 bits=8 case=2 bytes=5612
NATIVE MIXED COMPONENT cancel_idle voices=16 total=1080 frequency=709379 bits=8 case=3
NATIVE MIXED COMPONENT lookahead_cancel voices=16 total=229 frequency=709379 bits=8 case=3 bytes=5612
NATIVE MIXED COMPONENT next_live voices=16 total=877 frequency=709379 bits=8
NATIVE MIXED COMPONENT current voices=2 total=332 frequency=709379 bits=16 case=0
NATIVE MIXED COMPONENT current voices=2 total=333 frequency=709379 bits=16 case=1
NATIVE MIXED COMPONENT current voices=2 total=333 frequency=709379 bits=16 case=2
NATIVE MIXED COMPONENT current voices=2 total=331 frequency=709379 bits=16 case=3
NATIVE MIXED COMPONENT next_start voices=2 total=669 frequency=709379 bits=16
NATIVE MIXED COMPONENT prefetch voices=2 total=638 frequency=709379 bits=16 case=1
NATIVE MIXED COMPONENT prefetch voices=2 total=4156 frequency=709379 bits=16 case=2
NATIVE MIXED COMPONENT prefetch voices=2 total=1357 frequency=709379 bits=16 case=3
NATIVE MIXED COMPONENT prefetch voices=2 total=4232 frequency=709379 bits=16 case=4
NATIVE MIXED COMPONENT prefetch voices=2 total=3531 frequency=709379 bits=16 case=5
NATIVE MIXED COMPONENT prefetch voices=2 total=3542 frequency=709379 bits=16 case=6
NATIVE MIXED COMPONENT prefetch voices=2 total=3775 frequency=709379 bits=16 case=7
NATIVE MIXED COMPONENT prefetch voices=2 total=3551 frequency=709379 bits=16 case=8
NATIVE MIXED COMPONENT prefetch voices=2 total=3537 frequency=709379 bits=16 case=9
NATIVE MIXED COMPONENT prefetch voices=2 total=3787 frequency=709379 bits=16 case=10
NATIVE MIXED COMPONENT prefetch voices=2 total=3969 frequency=709379 bits=16 case=11
NATIVE MIXED COMPONENT prefetch voices=2 total=1120 frequency=709379 bits=16 case=12
NATIVE MIXED COMPONENT prefetch voices=2 total=1952 frequency=709379 bits=16 case=13
NATIVE MIXED COMPONENT prefetch voices=2 total=838 frequency=709379 bits=16 case=14
NATIVE MIXED COMPONENT prefetch voices=2 total=7608 frequency=709379 bits=16 case=15
NATIVE MIXED COMPONENT prefetch voices=2 total=22097 frequency=709379 bits=16 case=16
NATIVE MIXED COMPONENT prefetch voices=2 total=7594 frequency=709379 bits=16 case=17
NATIVE MIXED COMPONENT prefetch voices=2 total=11997 frequency=709379 bits=16 case=18
NATIVE MIXED COMPONENT prefetch voices=2 total=7827 frequency=709379 bits=16 case=19
NATIVE MIXED COMPONENT prefetch voices=2 total=7595 frequency=709379 bits=16 case=20
NATIVE MIXED COMPONENT prefetch voices=2 total=7612 frequency=709379 bits=16 case=21
NATIVE MIXED COMPONENT prefetch voices=2 total=7940 frequency=709379 bits=16 case=22
NATIVE MIXED COMPONENT prefetch voices=2 total=510 frequency=709379 bits=16 case=23
NATIVE MIXED COMPONENT prefetch voices=2 total=794 frequency=709379 bits=16 case=24
NATIVE MIXED COMPONENT prefetch voices=2 total=693 frequency=709379 bits=16 case=25
NATIVE MIXED COMPONENT prefetch voices=2 total=572 frequency=709379 bits=16 case=26
NATIVE MIXED COMPONENT complete voices=2 before_first=1379 first_to_last=61 last_to_return=1237 total=2677 frequency=709379 bits=16
NATIVE MIXED COMPONENT cancel_idle voices=2 total=1080 frequency=709379 bits=16 case=0
NATIVE MIXED COMPONENT lookahead_cancel voices=2 total=229 frequency=709379 bits=16 case=0 bytes=5612
NATIVE MIXED COMPONENT cancel_idle voices=2 total=1079 frequency=709379 bits=16 case=1
NATIVE MIXED COMPONENT lookahead_cancel voices=2 total=230 frequency=709379 bits=16 case=1 bytes=5612
NATIVE MIXED COMPONENT cancel_idle voices=2 total=1082 frequency=709379 bits=16 case=2
NATIVE MIXED COMPONENT lookahead_cancel voices=2 total=229 frequency=709379 bits=16 case=2 bytes=5612
NATIVE MIXED COMPONENT cancel_idle voices=2 total=1081 frequency=709379 bits=16 case=3
NATIVE MIXED COMPONENT lookahead_cancel voices=2 total=229 frequency=709379 bits=16 case=3 bytes=5612
NATIVE MIXED COMPONENT next_live voices=2 total=650 frequency=709379 bits=16
NATIVE MIXED COMPONENT current voices=16 total=332 frequency=709379 bits=16 case=0
NATIVE MIXED COMPONENT current voices=16 total=341 frequency=709379 bits=16 case=1
NATIVE MIXED COMPONENT current voices=16 total=332 frequency=709379 bits=16 case=2
NATIVE MIXED COMPONENT current voices=16 total=343 frequency=709379 bits=16 case=3
NATIVE MIXED COMPONENT next_start voices=16 total=1070 frequency=709379 bits=16
NATIVE MIXED COMPONENT prefetch voices=16 total=619 frequency=709379 bits=16 case=1
NATIVE MIXED COMPONENT prefetch voices=16 total=18523 frequency=709379 bits=16 case=2
NATIVE MIXED COMPONENT prefetch voices=16 total=2166 frequency=709379 bits=16 case=3
NATIVE MIXED COMPONENT prefetch voices=16 total=3691 frequency=709379 bits=16 case=4
NATIVE MIXED COMPONENT prefetch voices=16 total=3706 frequency=709379 bits=16 case=5
NATIVE MIXED COMPONENT prefetch voices=16 total=3901 frequency=709379 bits=16 case=6
NATIVE MIXED COMPONENT prefetch voices=16 total=3709 frequency=709379 bits=16 case=7
NATIVE MIXED COMPONENT prefetch voices=16 total=3661 frequency=709379 bits=16 case=8
NATIVE MIXED COMPONENT prefetch voices=16 total=3951 frequency=709379 bits=16 case=9
NATIVE MIXED COMPONENT prefetch voices=16 total=3664 frequency=709379 bits=16 case=10
NATIVE MIXED COMPONENT prefetch voices=16 total=4068 frequency=709379 bits=16 case=11
NATIVE MIXED COMPONENT prefetch voices=16 total=1841 frequency=709379 bits=16 case=12
NATIVE MIXED COMPONENT prefetch voices=16 total=1842 frequency=709379 bits=16 case=13
NATIVE MIXED COMPONENT prefetch voices=16 total=1806 frequency=709379 bits=16 case=14
NATIVE MIXED COMPONENT prefetch voices=16 total=1258 frequency=709379 bits=16 case=15
NATIVE MIXED COMPONENT prefetch voices=16 total=1257 frequency=709379 bits=16 case=16
NATIVE MIXED COMPONENT prefetch voices=16 total=1259 frequency=709379 bits=16 case=17
NATIVE MIXED COMPONENT prefetch voices=16 total=1681 frequency=709379 bits=16 case=18
NATIVE MIXED COMPONENT prefetch voices=16 total=4367 frequency=709379 bits=16 case=19
NATIVE MIXED COMPONENT prefetch voices=16 total=821 frequency=709379 bits=16 case=20
NATIVE MIXED COMPONENT prefetch voices=16 total=22519 frequency=709379 bits=16 case=21
NATIVE MIXED COMPONENT prefetch voices=16 total=7595 frequency=709379 bits=16 case=22
NATIVE MIXED COMPONENT prefetch voices=16 total=11453 frequency=709379 bits=16 case=23
NATIVE MIXED COMPONENT prefetch voices=16 total=7836 frequency=709379 bits=16 case=24
NATIVE MIXED COMPONENT prefetch voices=16 total=7580 frequency=709379 bits=16 case=25
NATIVE MIXED COMPONENT prefetch voices=16 total=7626 frequency=709379 bits=16 case=26
NATIVE MIXED COMPONENT prefetch voices=16 total=7827 frequency=709379 bits=16 case=27
NATIVE MIXED COMPONENT prefetch voices=16 total=7701 frequency=709379 bits=16 case=28
NATIVE MIXED COMPONENT prefetch voices=16 total=830 frequency=709379 bits=16 case=29
NATIVE MIXED COMPONENT prefetch voices=16 total=1105 frequency=709379 bits=16 case=30
NATIVE MIXED COMPONENT prefetch voices=16 total=831 frequency=709379 bits=16 case=31
NATIVE MIXED COMPONENT prefetch voices=16 total=830 frequency=709379 bits=16 case=32
NATIVE MIXED COMPONENT prefetch voices=16 total=830 frequency=709379 bits=16 case=33
NATIVE MIXED COMPONENT prefetch voices=16 total=827 frequency=709379 bits=16 case=34
NATIVE MIXED COMPONENT prefetch voices=16 total=832 frequency=709379 bits=16 case=35
NATIVE MIXED COMPONENT prefetch voices=16 total=828 frequency=709379 bits=16 case=36
NATIVE MIXED COMPONENT prefetch voices=16 total=850 frequency=709379 bits=16 case=37
NATIVE MIXED COMPONENT prefetch voices=16 total=848 frequency=709379 bits=16 case=38
NATIVE MIXED COMPONENT prefetch voices=16 total=850 frequency=709379 bits=16 case=39
NATIVE MIXED COMPONENT prefetch voices=16 total=550 frequency=709379 bits=16 case=40
NATIVE MIXED COMPONENT prefetch voices=16 total=775 frequency=709379 bits=16 case=41
NATIVE MIXED COMPONENT prefetch voices=16 total=794 frequency=709379 bits=16 case=42
NATIVE MIXED COMPONENT prefetch voices=16 total=794 frequency=709379 bits=16 case=43
NATIVE MIXED COMPONENT prefetch voices=16 total=780 frequency=709379 bits=16 case=44
NATIVE MIXED COMPONENT prefetch voices=16 total=1019 frequency=709379 bits=16 case=45
NATIVE MIXED COMPONENT prefetch voices=16 total=794 frequency=709379 bits=16 case=46
NATIVE MIXED COMPONENT prefetch voices=16 total=794 frequency=709379 bits=16 case=47
NATIVE MIXED COMPONENT prefetch voices=16 total=780 frequency=709379 bits=16 case=48
NATIVE MIXED COMPONENT prefetch voices=16 total=775 frequency=709379 bits=16 case=49
NATIVE MIXED COMPONENT prefetch voices=16 total=794 frequency=709379 bits=16 case=50
NATIVE MIXED COMPONENT prefetch voices=16 total=794 frequency=709379 bits=16 case=51
NATIVE MIXED COMPONENT prefetch voices=16 total=780 frequency=709379 bits=16 case=52
NATIVE MIXED COMPONENT prefetch voices=16 total=921 frequency=709379 bits=16 case=53
NATIVE MIXED COMPONENT prefetch voices=16 total=680 frequency=709379 bits=16 case=54
NATIVE MIXED COMPONENT prefetch voices=16 total=694 frequency=709379 bits=16 case=55
NATIVE MIXED COMPONENT prefetch voices=16 total=679 frequency=709379 bits=16 case=56
NATIVE MIXED COMPONENT prefetch voices=16 total=694 frequency=709379 bits=16 case=57
NATIVE MIXED COMPONENT prefetch voices=16 total=683 frequency=709379 bits=16 case=58
NATIVE MIXED COMPONENT prefetch voices=16 total=693 frequency=709379 bits=16 case=59
NATIVE MIXED COMPONENT prefetch voices=16 total=680 frequency=709379 bits=16 case=60
NATIVE MIXED COMPONENT prefetch voices=16 total=921 frequency=709379 bits=16 case=61
NATIVE MIXED COMPONENT prefetch voices=16 total=693 frequency=709379 bits=16 case=62
NATIVE MIXED COMPONENT prefetch voices=16 total=681 frequency=709379 bits=16 case=63
NATIVE MIXED COMPONENT prefetch voices=16 total=694 frequency=709379 bits=16 case=64
NATIVE MIXED COMPONENT prefetch voices=16 total=1130 frequency=709379 bits=16 case=65
NATIVE MIXED COMPONENT complete voices=16 before_first=2394 first_to_last=855 last_to_return=1481 total=4730 frequency=709379 bits=16
NATIVE MIXED COMPONENT cancel_idle voices=16 total=1058 frequency=709379 bits=16 case=0
NATIVE MIXED COMPONENT lookahead_cancel voices=16 total=229 frequency=709379 bits=16 case=0 bytes=5612
NATIVE MIXED COMPONENT cancel_idle voices=16 total=1058 frequency=709379 bits=16 case=1
NATIVE MIXED COMPONENT lookahead_cancel voices=16 total=229 frequency=709379 bits=16 case=1 bytes=5612
NATIVE MIXED COMPONENT cancel_idle voices=16 total=1057 frequency=709379 bits=16 case=2
NATIVE MIXED COMPONENT lookahead_cancel voices=16 total=233 frequency=709379 bits=16 case=2 bytes=5612
NATIVE MIXED COMPONENT cancel_idle voices=16 total=1080 frequency=709379 bits=16 case=3
NATIVE MIXED COMPONENT lookahead_cancel voices=16 total=234 frequency=709379 bits=16 case=3 bytes=5612
NATIVE MIXED COMPONENT next_live voices=16 total=883 frequency=709379 bits=16
NATIVE MIXED COMPONENT current voices=2 total=333 frequency=709379 bits=24 case=0
NATIVE MIXED COMPONENT current voices=2 total=331 frequency=709379 bits=24 case=1
NATIVE MIXED COMPONENT current voices=2 total=332 frequency=709379 bits=24 case=2
NATIVE MIXED COMPONENT current voices=2 total=332 frequency=709379 bits=24 case=3
NATIVE MIXED COMPONENT next_start voices=2 total=661 frequency=709379 bits=24
NATIVE MIXED COMPONENT prefetch voices=2 total=636 frequency=709379 bits=24 case=1
NATIVE MIXED COMPONENT prefetch voices=2 total=4124 frequency=709379 bits=24 case=2
NATIVE MIXED COMPONENT prefetch voices=2 total=1384 frequency=709379 bits=24 case=3
NATIVE MIXED COMPONENT prefetch voices=2 total=3548 frequency=709379 bits=24 case=4
NATIVE MIXED COMPONENT prefetch voices=2 total=3530 frequency=709379 bits=24 case=5
NATIVE MIXED COMPONENT prefetch voices=2 total=3547 frequency=709379 bits=24 case=6
NATIVE MIXED COMPONENT prefetch voices=2 total=3531 frequency=709379 bits=24 case=7
NATIVE MIXED COMPONENT prefetch voices=2 total=3548 frequency=709379 bits=24 case=8
NATIVE MIXED COMPONENT prefetch voices=2 total=3534 frequency=709379 bits=24 case=9
NATIVE MIXED COMPONENT prefetch voices=2 total=3550 frequency=709379 bits=24 case=10
NATIVE MIXED COMPONENT prefetch voices=2 total=18857 frequency=709379 bits=24 case=11
NATIVE MIXED COMPONENT prefetch voices=2 total=1146 frequency=709379 bits=24 case=12
NATIVE MIXED COMPONENT prefetch voices=2 total=1983 frequency=709379 bits=24 case=13
NATIVE MIXED COMPONENT prefetch voices=2 total=818 frequency=709379 bits=24 case=14
NATIVE MIXED COMPONENT prefetch voices=2 total=11483 frequency=709379 bits=24 case=15
NATIVE MIXED COMPONENT prefetch voices=2 total=7829 frequency=709379 bits=24 case=16
NATIVE MIXED COMPONENT prefetch voices=2 total=7594 frequency=709379 bits=24 case=17
NATIVE MIXED COMPONENT prefetch voices=2 total=7579 frequency=709379 bits=24 case=18
NATIVE MIXED COMPONENT prefetch voices=2 total=7814 frequency=709379 bits=24 case=19
NATIVE MIXED COMPONENT prefetch voices=2 total=7610 frequency=709379 bits=24 case=20
NATIVE MIXED COMPONENT prefetch voices=2 total=7825 frequency=709379 bits=24 case=21
NATIVE MIXED COMPONENT prefetch voices=2 total=8393 frequency=709379 bits=24 case=22
NATIVE MIXED COMPONENT prefetch voices=2 total=523 frequency=709379 bits=24 case=23
NATIVE MIXED COMPONENT prefetch voices=2 total=781 frequency=709379 bits=24 case=24
NATIVE MIXED COMPONENT prefetch voices=2 total=680 frequency=709379 bits=24 case=25
NATIVE MIXED COMPONENT prefetch voices=2 total=561 frequency=709379 bits=24 case=26
NATIVE MIXED COMPONENT complete voices=2 before_first=1393 first_to_last=62 last_to_return=1263 total=2718 frequency=709379 bits=24
NATIVE MIXED COMPONENT cancel_idle voices=2 total=1058 frequency=709379 bits=24 case=0
NATIVE MIXED COMPONENT lookahead_cancel voices=2 total=229 frequency=709379 bits=24 case=0 bytes=5612
NATIVE MIXED COMPONENT cancel_idle voices=2 total=1079 frequency=709379 bits=24 case=1
NATIVE MIXED COMPONENT lookahead_cancel voices=2 total=229 frequency=709379 bits=24 case=1 bytes=5612
NATIVE MIXED COMPONENT cancel_idle voices=2 total=1080 frequency=709379 bits=24 case=2
NATIVE MIXED COMPONENT lookahead_cancel voices=2 total=230 frequency=709379 bits=24 case=2 bytes=5612
NATIVE MIXED COMPONENT cancel_idle voices=2 total=1303 frequency=709379 bits=24 case=3
NATIVE MIXED COMPONENT lookahead_cancel voices=2 total=235 frequency=709379 bits=24 case=3 bytes=5612
NATIVE MIXED COMPONENT next_live voices=2 total=645 frequency=709379 bits=24
NATIVE MIXED COMPONENT current voices=16 total=343 frequency=709379 bits=24 case=0
NATIVE MIXED COMPONENT current voices=16 total=332 frequency=709379 bits=24 case=1
NATIVE MIXED COMPONENT current voices=16 total=332 frequency=709379 bits=24 case=2
NATIVE MIXED COMPONENT current voices=16 total=585 frequency=709379 bits=24 case=3
NATIVE MIXED COMPONENT next_start voices=16 total=1042 frequency=709379 bits=24
NATIVE MIXED COMPONENT prefetch voices=16 total=620 frequency=709379 bits=24 case=1
NATIVE MIXED COMPONENT prefetch voices=16 total=18550 frequency=709379 bits=24 case=2
NATIVE MIXED COMPONENT prefetch voices=16 total=1497 frequency=709379 bits=24 case=3
NATIVE MIXED COMPONENT prefetch voices=16 total=3952 frequency=709379 bits=24 case=4
NATIVE MIXED COMPONENT prefetch voices=16 total=3658 frequency=709379 bits=24 case=5
NATIVE MIXED COMPONENT prefetch voices=16 total=3702 frequency=709379 bits=24 case=6
NATIVE MIXED COMPONENT prefetch voices=16 total=4103 frequency=709379 bits=24 case=7
NATIVE MIXED COMPONENT prefetch voices=16 total=3661 frequency=709379 bits=24 case=8
NATIVE MIXED COMPONENT prefetch voices=16 total=3707 frequency=709379 bits=24 case=9
NATIVE MIXED COMPONENT prefetch voices=16 total=18567 frequency=709379 bits=24 case=10
NATIVE MIXED COMPONENT prefetch voices=16 total=4070 frequency=709379 bits=24 case=11
NATIVE MIXED COMPONENT prefetch voices=16 total=1841 frequency=709379 bits=24 case=12
NATIVE MIXED COMPONENT prefetch voices=16 total=1840 frequency=709379 bits=24 case=13
NATIVE MIXED COMPONENT prefetch voices=16 total=1805 frequency=709379 bits=24 case=14
NATIVE MIXED COMPONENT prefetch voices=16 total=1257 frequency=709379 bits=24 case=15
NATIVE MIXED COMPONENT prefetch voices=16 total=1258 frequency=709379 bits=24 case=16
NATIVE MIXED COMPONENT prefetch voices=16 total=1260 frequency=709379 bits=24 case=17
NATIVE MIXED COMPONENT prefetch voices=16 total=1532 frequency=709379 bits=24 case=18
NATIVE MIXED COMPONENT prefetch voices=16 total=4383 frequency=709379 bits=24 case=19
NATIVE MIXED COMPONENT prefetch voices=16 total=836 frequency=709379 bits=24 case=20
NATIVE MIXED COMPONENT prefetch voices=16 total=7826 frequency=709379 bits=24 case=21
NATIVE MIXED COMPONENT prefetch voices=16 total=7581 frequency=709379 bits=24 case=22
NATIVE MIXED COMPONENT prefetch voices=16 total=7836 frequency=709379 bits=24 case=23
NATIVE MIXED COMPONENT prefetch voices=16 total=7835 frequency=709379 bits=24 case=24
NATIVE MIXED COMPONENT prefetch voices=16 total=7630 frequency=709379 bits=24 case=25
NATIVE MIXED COMPONENT prefetch voices=16 total=8274 frequency=709379 bits=24 case=26
NATIVE MIXED COMPONENT prefetch voices=16 total=7581 frequency=709379 bits=24 case=27
NATIVE MIXED COMPONENT prefetch voices=16 total=7706 frequency=709379 bits=24 case=28
NATIVE MIXED COMPONENT prefetch voices=16 total=829 frequency=709379 bits=24 case=29
NATIVE MIXED COMPONENT prefetch voices=16 total=831 frequency=709379 bits=24 case=30
NATIVE MIXED COMPONENT prefetch voices=16 total=828 frequency=709379 bits=24 case=31
NATIVE MIXED COMPONENT prefetch voices=16 total=849 frequency=709379 bits=24 case=32
NATIVE MIXED COMPONENT prefetch voices=16 total=850 frequency=709379 bits=24 case=33
NATIVE MIXED COMPONENT prefetch voices=16 total=851 frequency=709379 bits=24 case=34
NATIVE MIXED COMPONENT prefetch voices=16 total=851 frequency=709379 bits=24 case=35
NATIVE MIXED COMPONENT prefetch voices=16 total=848 frequency=709379 bits=24 case=36
NATIVE MIXED COMPONENT prefetch voices=16 total=849 frequency=709379 bits=24 case=37
NATIVE MIXED COMPONENT prefetch voices=16 total=849 frequency=709379 bits=24 case=38
NATIVE MIXED COMPONENT prefetch voices=16 total=1062 frequency=709379 bits=24 case=39
NATIVE MIXED COMPONENT prefetch voices=16 total=550 frequency=709379 bits=24 case=40
NATIVE MIXED COMPONENT prefetch voices=16 total=781 frequency=709379 bits=24 case=41
NATIVE MIXED COMPONENT prefetch voices=16 total=794 frequency=709379 bits=24 case=42
NATIVE MIXED COMPONENT prefetch voices=16 total=795 frequency=709379 bits=24 case=43
NATIVE MIXED COMPONENT prefetch voices=16 total=777 frequency=709379 bits=24 case=44
NATIVE MIXED COMPONENT prefetch voices=16 total=778 frequency=709379 bits=24 case=45
NATIVE MIXED COMPONENT prefetch voices=16 total=780 frequency=709379 bits=24 case=46
NATIVE MIXED COMPONENT prefetch voices=16 total=892 frequency=709379 bits=24 case=47
NATIVE MIXED COMPONENT prefetch voices=16 total=780 frequency=709379 bits=24 case=48
NATIVE MIXED COMPONENT prefetch voices=16 total=775 frequency=709379 bits=24 case=49
NATIVE MIXED COMPONENT prefetch voices=16 total=792 frequency=709379 bits=24 case=50
NATIVE MIXED COMPONENT prefetch voices=16 total=793 frequency=709379 bits=24 case=51
NATIVE MIXED COMPONENT prefetch voices=16 total=782 frequency=709379 bits=24 case=52
NATIVE MIXED COMPONENT prefetch voices=16 total=676 frequency=709379 bits=24 case=53
NATIVE MIXED COMPONENT prefetch voices=16 total=693 frequency=709379 bits=24 case=54
NATIVE MIXED COMPONENT prefetch voices=16 total=15578 frequency=709379 bits=24 case=55
NATIVE MIXED COMPONENT prefetch voices=16 total=692 frequency=709379 bits=24 case=56
NATIVE MIXED COMPONENT prefetch voices=16 total=681 frequency=709379 bits=24 case=57
NATIVE MIXED COMPONENT prefetch voices=16 total=679 frequency=709379 bits=24 case=58
NATIVE MIXED COMPONENT prefetch voices=16 total=694 frequency=709379 bits=24 case=59
NATIVE MIXED COMPONENT prefetch voices=16 total=683 frequency=709379 bits=24 case=60
NATIVE MIXED COMPONENT prefetch voices=16 total=693 frequency=709379 bits=24 case=61
NATIVE MIXED COMPONENT prefetch voices=16 total=680 frequency=709379 bits=24 case=62
NATIVE MIXED COMPONENT prefetch voices=16 total=677 frequency=709379 bits=24 case=63
NATIVE MIXED COMPONENT prefetch voices=16 total=693 frequency=709379 bits=24 case=64
NATIVE MIXED COMPONENT prefetch voices=16 total=1129 frequency=709379 bits=24 case=65
NATIVE MIXED COMPONENT complete voices=16 before_first=2396 first_to_last=850 last_to_return=1484 total=4730 frequency=709379 bits=24
NATIVE MIXED COMPONENT cancel_idle voices=16 total=1059 frequency=709379 bits=24 case=0
NATIVE MIXED COMPONENT lookahead_cancel voices=16 total=229 frequency=709379 bits=24 case=0 bytes=5612
NATIVE MIXED COMPONENT cancel_idle voices=16 total=1056 frequency=709379 bits=24 case=1
NATIVE MIXED COMPONENT lookahead_cancel voices=16 total=229 frequency=709379 bits=24 case=1 bytes=5612
NATIVE MIXED COMPONENT cancel_idle voices=16 total=1058 frequency=709379 bits=24 case=2
NATIVE MIXED COMPONENT lookahead_cancel voices=16 total=233 frequency=709379 bits=24 case=2 bytes=5612
NATIVE MIXED COMPONENT cancel_idle voices=16 total=1080 frequency=709379 bits=24 case=3
NATIVE MIXED COMPONENT lookahead_cancel voices=16 total=233 frequency=709379 bits=24 case=3 bytes=5612
NATIVE MIXED COMPONENT next_live voices=16 total=883 frequency=709379 bits=24
MIXED OWNER PASS:6 native component-cost8/16/24 scenarios, manual source/current/next/prefetch/complete public calls, bounded preparation, allocation/upload-free commit/next, global action order, resource cleanup; injected voices, no timed playback acceptance
EXEC MEMORY PASS: 72 Fast allocations, zero owned bytes, budget refusal without Chip fallback
