Archive member included to satisfy reference by file (symbol)

/Users/james1/Documents/Codex/2026-08-20/work-from-the-design-spec-v1/repo/.cache/amiga/m68k-amigaos/libnix/lib/libnix20.a(__mulsi3.o)
                              /Users/james1/Documents/Codex/2026-09-18/rev/outputs/readers-activation-1rr1yyrp/native-ram-entry-sampled-stack-private-build-v1/tu00.o (__mulsi3)
/Users/james1/Documents/Codex/2026-08-20/work-from-the-design-spec-v1/repo/.cache/amiga/m68k-amigaos/libnix/lib/libnix20.a(__nocommandline.o)
                              /Users/james1/Documents/Codex/2026-08-20/work-from-the-design-spec-v1/repo/.cache/amiga/m68k-amigaos/libnix/lib/ncrt0.o (__nocommandline)
/Users/james1/Documents/Codex/2026-08-20/work-from-the-design-spec-v1/repo/.cache/amiga/m68k-amigaos/libnix/lib/libnix20.a(__udivsi3.o)
                              /Users/james1/Documents/Codex/2026-09-18/rev/outputs/readers-activation-1rr1yyrp/native-ram-entry-sampled-stack-private-build-v1/tu05.o (__umodsi3)
/Users/james1/Documents/Codex/2026-08-20/work-from-the-design-spec-v1/repo/.cache/amiga/m68k-amigaos/libnix/lib/libnixmain.a(__stdiowin.o)
                              /Users/james1/Documents/Codex/2026-08-20/work-from-the-design-spec-v1/repo/.cache/amiga/m68k-amigaos/libnix/lib/libnix20.a(__nocommandline.o) (__stdiowin)
/Users/james1/Documents/Codex/2026-08-20/work-from-the-design-spec-v1/repo/.cache/amiga/m68k-amigaos/libnix/lib/libnix.a(__initcpp.o)
                              /Users/james1/Documents/Codex/2026-08-20/work-from-the-design-spec-v1/repo/.cache/amiga/m68k-amigaos/libnix/lib/ncrt0.o (__initcpp)
/Users/james1/Documents/Codex/2026-08-20/work-from-the-design-spec-v1/repo/.cache/amiga/m68k-amigaos/libnix/lib/libnix.a(__initlibraries.o)
                              /Users/james1/Documents/Codex/2026-08-20/work-from-the-design-spec-v1/repo/.cache/amiga/m68k-amigaos/libnix/lib/ncrt0.o (__initlibraries)
/Users/james1/Documents/Codex/2026-08-20/work-from-the-design-spec-v1/repo/.cache/amiga/m68k-amigaos/libnix/lib/libnix.a(memcpy.o)
                              /Users/james1/Documents/Codex/2026-09-18/rev/outputs/readers-activation-1rr1yyrp/native-ram-entry-sampled-stack-private-build-v1/tu04.o (memcpy)
/Users/james1/Documents/Codex/2026-08-20/work-from-the-design-spec-v1/repo/.cache/amiga/m68k-amigaos/libnix/lib/libnix.a(memset.o)
                              /Users/james1/Documents/Codex/2026-09-18/rev/outputs/readers-activation-1rr1yyrp/native-ram-entry-sampled-stack-private-build-v1/tu00.o (memset)
/Users/james1/Documents/Codex/2026-08-20/work-from-the-design-spec-v1/repo/.cache/amiga/m68k-amigaos/libnix/lib/libnix.a(strlen.o)
                              /Users/james1/Documents/Codex/2026-08-20/work-from-the-design-spec-v1/repo/.cache/amiga/m68k-amigaos/libnix/lib/libnix.a(__initlibraries.o) (strlen)
/Users/james1/Documents/Codex/2026-08-20/work-from-the-design-spec-v1/repo/.cache/amiga/m68k-amigaos/lib//libstubs.a(dos.o)
                              /Users/james1/Documents/Codex/2026-09-18/rev/outputs/readers-activation-1rr1yyrp/native-ram-entry-sampled-stack-private-build-v1/tu00.o (DOSBase)
/Users/james1/Documents/Codex/2026-08-20/work-from-the-design-spec-v1/repo/.cache/amiga/m68k-amigaos/lib//libstubs.a(utility.o)
                              /Users/james1/Documents/Codex/2026-08-20/work-from-the-design-spec-v1/repo/.cache/amiga/m68k-amigaos/libnix/lib/libnix20.a(__mulsi3.o) (UtilityBase)
/Users/james1/Documents/Codex/2026-08-20/work-from-the-design-spec-v1/repo/.cache/amiga/lib/gcc/m68k-amigaos/6.5.0b/libgcc.a(_muldi3.o)
                              /Users/james1/Documents/Codex/2026-09-18/rev/outputs/readers-activation-1rr1yyrp/native-ram-entry-sampled-stack-private-build-v1/tu05.o (__muldi3)
/Users/james1/Documents/Codex/2026-08-20/work-from-the-design-spec-v1/repo/.cache/amiga/lib/gcc/m68k-amigaos/6.5.0b/libgcc.a(_udivdi3.o)
                              /Users/james1/Documents/Codex/2026-09-18/rev/outputs/readers-activation-1rr1yyrp/native-ram-entry-sampled-stack-private-build-v1/tu00.o (__udivdi3)
/Users/james1/Documents/Codex/2026-08-20/work-from-the-design-spec-v1/repo/.cache/amiga/lib/gcc/m68k-amigaos/6.5.0b/libgcc.a(_umoddi3.o)
                              /Users/james1/Documents/Codex/2026-09-18/rev/outputs/readers-activation-1rr1yyrp/native-ram-entry-sampled-stack-private-build-v1/tu05.o (__umoddi3)
/Users/james1/Documents/Codex/2026-08-20/work-from-the-design-spec-v1/repo/.cache/amiga/lib/gcc/m68k-amigaos/6.5.0b/libgcc.a(_clz.o)
                              /Users/james1/Documents/Codex/2026-08-20/work-from-the-design-spec-v1/repo/.cache/amiga/lib/gcc/m68k-amigaos/6.5.0b/libgcc.a(_udivdi3.o) (__clz_tab)

Allocating common symbols
Common symbol       size              file

_WBenchMsg          0x4               /Users/james1/Documents/Codex/2026-08-20/work-from-the-design-spec-v1/repo/.cache/amiga/m68k-amigaos/libnix/lib/ncrt0.o
__argv              0x4               /Users/james1/Documents/Codex/2026-08-20/work-from-the-design-spec-v1/repo/.cache/amiga/m68k-amigaos/libnix/lib/ncrt0.o
__commandlen        0x4               /Users/james1/Documents/Codex/2026-08-20/work-from-the-design-spec-v1/repo/.cache/amiga/m68k-amigaos/libnix/lib/ncrt0.o
__commandline       0x4               /Users/james1/Documents/Codex/2026-08-20/work-from-the-design-spec-v1/repo/.cache/amiga/m68k-amigaos/libnix/lib/ncrt0.o
__env               0x4               /Users/james1/Documents/Codex/2026-08-20/work-from-the-design-spec-v1/repo/.cache/amiga/m68k-amigaos/libnix/lib/ncrt0.o
__argc              0x4               /Users/james1/Documents/Codex/2026-08-20/work-from-the-design-spec-v1/repo/.cache/amiga/m68k-amigaos/libnix/lib/ncrt0.o

There are no discarded input sections

Memory Configuration

Name             Origin             Length             Attributes
*default*        0x00000000         0xffffffff

Linker script and memory map

LOAD /Users/james1/Documents/Codex/2026-08-20/work-from-the-design-spec-v1/repo/.cache/amiga/m68k-amigaos/libnix/lib/ncrt0.o
LOAD /Users/james1/Documents/Codex/2026-09-18/rev/outputs/readers-activation-1rr1yyrp/native-ram-entry-sampled-stack-private-build-v1/tu00.o
LOAD /Users/james1/Documents/Codex/2026-09-18/rev/outputs/readers-activation-1rr1yyrp/native-ram-entry-sampled-stack-private-build-v1/tu01.o
LOAD /Users/james1/Documents/Codex/2026-09-18/rev/outputs/readers-activation-1rr1yyrp/native-ram-entry-sampled-stack-private-build-v1/tu02.o
LOAD /Users/james1/Documents/Codex/2026-09-18/rev/outputs/readers-activation-1rr1yyrp/native-ram-entry-sampled-stack-private-build-v1/tu03.o
LOAD /Users/james1/Documents/Codex/2026-09-18/rev/outputs/readers-activation-1rr1yyrp/native-ram-entry-sampled-stack-private-build-v1/tu04.o
LOAD /Users/james1/Documents/Codex/2026-09-18/rev/outputs/readers-activation-1rr1yyrp/native-ram-entry-sampled-stack-private-build-v1/tu05.o
LOAD /Users/james1/Documents/Codex/2026-09-18/rev/outputs/readers-activation-1rr1yyrp/native-ram-entry-sampled-stack-private-build-v1/tu06.o
LOAD /Users/james1/Documents/Codex/2026-09-18/rev/outputs/readers-activation-1rr1yyrp/native-ram-entry-sampled-stack-private-build-v1/tu07.o
LOAD /Users/james1/Documents/Codex/2026-09-18/rev/outputs/readers-activation-1rr1yyrp/native-ram-entry-sampled-stack-private-build-v1/tu08.o
START GROUP
LOAD /Users/james1/Documents/Codex/2026-08-20/work-from-the-design-spec-v1/repo/.cache/amiga/m68k-amigaos/libnix/lib/libnix20.a
LOAD /Users/james1/Documents/Codex/2026-08-20/work-from-the-design-spec-v1/repo/.cache/amiga/m68k-amigaos/libnix/lib/libnixmain.a
LOAD /Users/james1/Documents/Codex/2026-08-20/work-from-the-design-spec-v1/repo/.cache/amiga/m68k-amigaos/libnix/lib/libnix.a
LOAD /Users/james1/Documents/Codex/2026-08-20/work-from-the-design-spec-v1/repo/.cache/amiga/m68k-amigaos/lib//libstubs.a
LOAD /Users/james1/Documents/Codex/2026-08-20/work-from-the-design-spec-v1/repo/.cache/amiga/m68k-amigaos/lib//libamiga.a
LOAD /Users/james1/Documents/Codex/2026-08-20/work-from-the-design-spec-v1/repo/.cache/amiga/lib/gcc/m68k-amigaos/6.5.0b/libgcc.a
END GROUP
                [!provide]                        PROVIDE (___machtype = 0x0)
                0x00000000                        . = 0x0

.text           0x00000000     0xdfc4
                0x00000000                        __stext = .
 *(.text)
 .text          0x00000000       0xd8 /Users/james1/Documents/Codex/2026-08-20/work-from-the-design-spec-v1/repo/.cache/amiga/m68k-amigaos/libnix/lib/ncrt0.o
                0x00000000                start
                0x00000064                _exit
                0x00000064                exit
                0x0000007c                _Exit
                0x0000007c                ___exit
                0x000000d4                __main
 .text          0x000000d8     0x4974 /Users/james1/Documents/Codex/2026-09-18/rev/outputs/readers-activation-1rr1yyrp/native-ram-entry-sampled-stack-private-build-v1/tu00.o
                0x0000259e                main
 .text          0x00004a4c      0x344 /Users/james1/Documents/Codex/2026-09-18/rev/outputs/readers-activation-1rr1yyrp/native-ram-entry-sampled-stack-private-build-v1/tu00.o
 .text          0x00004d90      0xf5c /Users/james1/Documents/Codex/2026-09-18/rev/outputs/readers-activation-1rr1yyrp/native-ram-entry-sampled-stack-private-build-v1/tu01.o
                0x00005916                pt_private_ram_init
                0x000059f6                pt_private_ram_api
                0x00005a40                pt_private_ram_dispatch
                0x00005c2a                pt_private_ram_source_close
 .text          0x00005cec       0x20 /Users/james1/Documents/Codex/2026-09-18/rev/outputs/readers-activation-1rr1yyrp/native-ram-entry-sampled-stack-private-build-v1/tu02.o
                0x00005cec                pt_private_native_ram_dispatch
 .text          0x00005d0c      0xa54 /Users/james1/Documents/Codex/2026-09-18/rev/outputs/readers-activation-1rr1yyrp/native-ram-entry-sampled-stack-private-build-v1/tu03.o
                0x00005eee                pt_private_cia_ram_clock
                0x00005fb0                pt_private_cia_ram_acquire
                0x0000620e                pt_private_cia_ram_arm_at
                0x00006450                pt_private_cia_ram_disarm
                0x000064fe                pt_private_cia_ram_ticket_quiet
                0x0000662a                pt_private_cia_ram_source_close
                0x00006730                pt_private_cia_ram_api
 .text          0x00006760      0xa34 /Users/james1/Documents/Codex/2026-09-18/rev/outputs/readers-activation-1rr1yyrp/native-ram-entry-sampled-stack-private-build-v1/tu04.o
                0x000069f6                pt_private_native_memory_init
                0x00006c04                pt_private_native_allocate
                0x00006e62                pt_private_native_release_checked
                0x00006fb6                pt_private_native_release
                0x00006fc0                pt_private_native_memory_seal
                0x00007018                pt_private_native_memory_retain
                0x00007054                pt_private_native_memory_finish
                0x000070cc                pt_private_native_memory_stats
 .text          0x00007194      0x600 /Users/james1/Documents/Codex/2026-09-18/rev/outputs/readers-activation-1rr1yyrp/native-ram-entry-sampled-stack-private-build-v1/tu05.o
                0x00007194                pt_elapsed_clock_init
                0x00007210                pt_elapsed_clock_advance
                0x000074c8                pt_elapsed_clock_deadline
 .text          0x00007794     0x256c /Users/james1/Documents/Codex/2026-09-18/rev/outputs/readers-activation-1rr1yyrp/native-ram-entry-sampled-stack-private-build-v1/tu06.o
                0x00007bac                pt_readers_open
                0x00007e9e                pt_readers_enqueue
                0x00008b64                pt_readers_publish
                0x00009096                pt_readers_poll_command
                0x000090b4                pt_readers_cancel_command
                0x000093f6                pt_readers_poll_reader
                0x00009426                pt_readers_cancel_reader
                0x00009458                pt_readers_reader_key
                0x00009524                pt_readers_stop
                0x000095ae                pt_readers_commands_held
                0x000095c8                pt_readers_readers_held
                0x000095e2                pt_readers_close
 .text          0x00009d00       0x4c /Users/james1/Documents/Codex/2026-09-18/rev/outputs/readers-activation-1rr1yyrp/native-ram-entry-sampled-stack-private-build-v1/tu06.o
 .text          0x00009d4c     0x1e50 /Users/james1/Documents/Codex/2026-09-18/rev/outputs/readers-activation-1rr1yyrp/native-ram-entry-sampled-stack-private-build-v1/tu07.o
                0x0000aca0                pt_readers_activation_fire
                0x0000b7a6                pt_readers_activation_open
                0x0000ba3c                pt_readers_activation_api
                0x0000bafc                pt_readers_activation_close
 .text          0x0000bb9c      0x570 /Users/james1/Documents/Codex/2026-09-18/rev/outputs/readers-activation-1rr1yyrp/native-ram-entry-sampled-stack-private-build-v1/tu08.o
                0x0000bb9c                pt_private_native_ram_irq
 .text          0x0000c10c       0x10 /Users/james1/Documents/Codex/2026-08-20/work-from-the-design-spec-v1/repo/.cache/amiga/m68k-amigaos/libnix/lib/libnix20.a(__mulsi3.o)
                0x0000c10c                __mulsi3
 .text          0x0000c11c      0x48c /Users/james1/Documents/Codex/2026-08-20/work-from-the-design-spec-v1/repo/.cache/amiga/m68k-amigaos/libnix/lib/libnix20.a(__nocommandline.o)
                0x0000c11c                __nocommandline
                0x0000c4c0                __exitcommandline
 .text          0x0000c5a8       0x1c /Users/james1/Documents/Codex/2026-08-20/work-from-the-design-spec-v1/repo/.cache/amiga/m68k-amigaos/libnix/lib/libnix20.a(__udivsi3.o)
                0x0000c5a8                __umodsi3
                0x0000c5b4                __udivsi3
 .text          0x0000c5c4       0x1c /Users/james1/Documents/Codex/2026-08-20/work-from-the-design-spec-v1/repo/.cache/amiga/m68k-amigaos/libnix/lib/libnixmain.a(__stdiowin.o)
 .text          0x0000c5e0       0x6c /Users/james1/Documents/Codex/2026-08-20/work-from-the-design-spec-v1/repo/.cache/amiga/m68k-amigaos/libnix/lib/libnix.a(__initcpp.o)
                0x0000c5e0                __initcpp
                0x0000c620                __exitcpp
 .text          0x0000c64c      0x168 /Users/james1/Documents/Codex/2026-08-20/work-from-the-design-spec-v1/repo/.cache/amiga/m68k-amigaos/libnix/lib/libnix.a(__initlibraries.o)
                0x0000c70e                __initlibraries
                0x0000c76a                __exitlibraries
 .text          0x0000c7b4       0x3c /Users/james1/Documents/Codex/2026-08-20/work-from-the-design-spec-v1/repo/.cache/amiga/m68k-amigaos/libnix/lib/libnix.a(memcpy.o)
                0x0000c7b4                memcpy
 .text          0x0000c7f0       0xd8 /Users/james1/Documents/Codex/2026-08-20/work-from-the-design-spec-v1/repo/.cache/amiga/m68k-amigaos/libnix/lib/libnix.a(memset.o)
                0x0000c7f0                memset
 .text          0x0000c8c8       0x34 /Users/james1/Documents/Codex/2026-08-20/work-from-the-design-spec-v1/repo/.cache/amiga/m68k-amigaos/libnix/lib/libnix.a(strlen.o)
                0x0000c8c8                strlen
 .text          0x0000c8fc        0xc /Users/james1/Documents/Codex/2026-08-20/work-from-the-design-spec-v1/repo/.cache/amiga/m68k-amigaos/lib//libstubs.a(dos.o)
 .text          0x0000c908       0x10 /Users/james1/Documents/Codex/2026-08-20/work-from-the-design-spec-v1/repo/.cache/amiga/m68k-amigaos/lib//libstubs.a(utility.o)
 .text          0x0000c918       0xc8 /Users/james1/Documents/Codex/2026-08-20/work-from-the-design-spec-v1/repo/.cache/amiga/lib/gcc/m68k-amigaos/6.5.0b/libgcc.a(_muldi3.o)
                0x0000c918                __muldi3
 .text          0x0000c9e0      0xa50 /Users/james1/Documents/Codex/2026-08-20/work-from-the-design-spec-v1/repo/.cache/amiga/lib/gcc/m68k-amigaos/6.5.0b/libgcc.a(_udivdi3.o)
                0x0000c9e0                __udivdi3
 .text          0x0000d430      0xa50 /Users/james1/Documents/Codex/2026-08-20/work-from-the-design-spec-v1/repo/.cache/amiga/lib/gcc/m68k-amigaos/6.5.0b/libgcc.a(_umoddi3.o)
                0x0000d430                __umoddi3
 .text          0x0000de80      0x100 /Users/james1/Documents/Codex/2026-08-20/work-from-the-design-spec-v1/repo/.cache/amiga/lib/gcc/m68k-amigaos/6.5.0b/libgcc.a(_clz.o)
                0x0000de80                __clz_tab
 *(.text.main)
 *(.text*)
 *(_*)
 *(.rodata*)
 *(.data.rel.ro*)
 *(.gnu.linkonce.t.*)
 *(.gnu.linkonce.r.*)
 *(.gcc_except_table*)
 *(SORT_BY_NAME(.list___EH_FRAME*))
 *(SORT_BY_NAME(.list_*))
 .list___CTOR_LIST__
                0x0000df80        0x4 /Users/james1/Documents/Codex/2026-08-20/work-from-the-design-spec-v1/repo/.cache/amiga/m68k-amigaos/libnix/lib/ncrt0.o
                0x0000df80                __CTOR_LIST__
 .list___DTOR_LIST__
                0x0000df84        0x4 /Users/james1/Documents/Codex/2026-08-20/work-from-the-design-spec-v1/repo/.cache/amiga/m68k-amigaos/libnix/lib/ncrt0.o
                0x0000df84                __DTOR_LIST__
 .list___EXIT_LIST__
                0x0000df88        0x4 /Users/james1/Documents/Codex/2026-08-20/work-from-the-design-spec-v1/repo/.cache/amiga/m68k-amigaos/libnix/lib/ncrt0.o
                0x0000df88                __EXIT_LIST__
 .list___EXIT_LIST__
                0x0000df8c        0x8 /Users/james1/Documents/Codex/2026-08-20/work-from-the-design-spec-v1/repo/.cache/amiga/m68k-amigaos/libnix/lib/libnix20.a(__nocommandline.o)
 .list___EXIT_LIST__
                0x0000df94        0x8 /Users/james1/Documents/Codex/2026-08-20/work-from-the-design-spec-v1/repo/.cache/amiga/m68k-amigaos/libnix/lib/libnix.a(__initcpp.o)
 .list___EXIT_LIST__
                0x0000df9c        0x8 /Users/james1/Documents/Codex/2026-08-20/work-from-the-design-spec-v1/repo/.cache/amiga/m68k-amigaos/libnix/lib/libnix.a(__initlibraries.o)
 .list___INIT_LIST__
                0x0000dfa4        0x4 /Users/james1/Documents/Codex/2026-08-20/work-from-the-design-spec-v1/repo/.cache/amiga/m68k-amigaos/libnix/lib/ncrt0.o
                0x0000dfa4                __INIT_LIST__
 .list___INIT_LIST__
                0x0000dfa8        0x8 /Users/james1/Documents/Codex/2026-08-20/work-from-the-design-spec-v1/repo/.cache/amiga/m68k-amigaos/libnix/lib/libnix20.a(__nocommandline.o)
 .list___INIT_LIST__
                0x0000dfb0        0x8 /Users/james1/Documents/Codex/2026-08-20/work-from-the-design-spec-v1/repo/.cache/amiga/m68k-amigaos/libnix/lib/libnix.a(__initcpp.o)
 .list___INIT_LIST__
                0x0000dfb8        0x8 /Users/james1/Documents/Codex/2026-08-20/work-from-the-design-spec-v1/repo/.cache/amiga/m68k-amigaos/libnix/lib/libnix.a(__initlibraries.o)
 *(.end_of_lists)
 .end_of_lists  0x0000dfc0        0x4 /Users/james1/Documents/Codex/2026-08-20/work-from-the-design-spec-v1/repo/.cache/amiga/m68k-amigaos/libnix/lib/ncrt0.o
                0x0000dfc4                        ___datadata_relocs = .
                0x0000dfc4                        __etext = .
                0x0000dfc4                        ___text_size = SIZEOF (.text)
                0x0000dfc4                        . = ALIGN (0x0)

.data           0x0000dfc4       0x30
                0x0000dfc4                        __sdata = .
 *(.data)
 .data          0x0000dfc4        0xc /Users/james1/Documents/Codex/2026-08-20/work-from-the-design-spec-v1/repo/.cache/amiga/m68k-amigaos/libnix/lib/ncrt0.o
                0x0000dfc4                SysBase
                0x0000dfc8                __SaveSP
 .data          0x0000dfd0        0x8 /Users/james1/Documents/Codex/2026-09-18/rev/outputs/readers-activation-1rr1yyrp/native-ram-entry-sampled-stack-private-build-v1/tu00.o
 .data          0x0000dfd8        0x4 /Users/james1/Documents/Codex/2026-08-20/work-from-the-design-spec-v1/repo/.cache/amiga/m68k-amigaos/libnix/lib/libnixmain.a(__stdiowin.o)
                0x0000dfd8                __stdiowin
 *(SORT_BY_NAME(.data.*))
 *(SORT_BY_NAME(.dlist___EH_FRAME_OBJECT*))
 *(SORT_BY_NAME(.dlist_*))
 .dlist___LIB_LIST__
                0x0000dfdc        0x4 /Users/james1/Documents/Codex/2026-08-20/work-from-the-design-spec-v1/repo/.cache/amiga/m68k-amigaos/libnix/lib/ncrt0.o
                0x0000dfdc                __LIB_LIST__
 .dlist___LIB_LIST__
                0x0000dfe0        0x8 /Users/james1/Documents/Codex/2026-08-20/work-from-the-design-spec-v1/repo/.cache/amiga/m68k-amigaos/lib//libstubs.a(dos.o)
                0x0000dfe0                DOSBase
 .dlist___LIB_LIST__
                0x0000dfe8        0x8 /Users/james1/Documents/Codex/2026-08-20/work-from-the-design-spec-v1/repo/.cache/amiga/m68k-amigaos/lib//libstubs.a(utility.o)
                0x0000dfe8                UtilityBase
 *(.end_of_dlists)
 .end_of_dlists
                0x0000dff0        0x4 /Users/james1/Documents/Codex/2026-08-20/work-from-the-design-spec-v1/repo/.cache/amiga/m68k-amigaos/libnix/lib/ncrt0.o
 *(.data.__EH_FRAME_OBJECT__*)
 *(.gnu.linkonce.d.*)
                0x0000dff4                        __edata = .
                0x00000030                        ___data_size = SIZEOF (.data)

.bss            0x0000dff4      0x14c
                0x0000dff4                        __bss_start = .
 *(.bss)
 .bss           0x0000dff4        0x4 /Users/james1/Documents/Codex/2026-08-20/work-from-the-design-spec-v1/repo/.cache/amiga/m68k-amigaos/libnix/lib/ncrt0.o
 .bss           0x0000dff8      0x124 /Users/james1/Documents/Codex/2026-09-18/rev/outputs/readers-activation-1rr1yyrp/native-ram-entry-sampled-stack-private-build-v1/tu00.o
 .bss           0x0000e11c        0xc /Users/james1/Documents/Codex/2026-08-20/work-from-the-design-spec-v1/repo/.cache/amiga/m68k-amigaos/libnix/lib/libnix20.a(__nocommandline.o)
 *(.bss.*)
 *(COMMON)
 COMMON         0x0000e128       0x18 /Users/james1/Documents/Codex/2026-08-20/work-from-the-design-spec-v1/repo/.cache/amiga/m68k-amigaos/libnix/lib/ncrt0.o
                0x0000e128                _WBenchMsg
                0x0000e12c                __argv
                0x0000e130                __commandlen
                0x0000e134                __commandline
                0x0000e138                __env
                0x0000e13c                __argc
                0x0000e140                        __end = .
                0x0000014c                        ___bss_size = SIZEOF (.bss)

.datachip
 *(.datachip)

.bsschip
 *(.bsschip)

.debug_frame    0x0000e140        0x0
                0x0000e140                        __debug_frame_start = .
 *(.debug_frame)
                0x0000e140                        __debug_frame_end = .

.debug_info     0x0000e140        0x0
                0x0000e140                        __debug_info_start = .
 *(.debug_info)
 *(.gnu.linkonce.wi.*)
                0x0000e140                        __debug_info_end = .

.debug_abbrev   0x0000e140        0x0
                0x0000e140                        __debug_abbrev_start = .
 *(.debug_abbrev)
                0x0000e140                        __debug_abbrev_end = .

.debug_loclists
                0x0000e140        0x0
                0x0000e140                        __debug_loclists_start = .
 *(.debug_loclists)
                0x0000e140                        __debug_loclists_end = .

.debug_aranges  0x0000e140        0x0
                0x0000e140                        __debug_aranges_start = .
 *(.debug_aranges)
                0x0000e140                        __debug_aranges_end = .

.debug_rnglists
                0x0000e140        0x0
                0x0000e140                        __debug_rnglists_start = .
 *(.debug_rnglists)
                0x0000e140                        __debug_rnglists_end = .

.debug_line     0x0000e140        0x0
                0x0000e140                        __debug_line_start = .
 *(.debug_line)
 *(.debug_line.*)
                0x0000e140                        __debug_line_end = .

.debug_str      0x0000e140        0x0
                0x0000e140                        __debug_str_start = .
 *(.debug_str)
                0x0000e140                        __debug_str_end = .

.debug_line_str
                0x0000e140        0x0
                0x0000e140                        __debug_line_str_start = .
 *(.debug_line_str)
                0x0000e140                        __debug_line_str_end = .

.debug_types    0x0000e140        0x0
                0x0000e140                        __debug_types_start = .
 *(.debug_types)
                0x0000e140                        __debug_types_end = .

.debug_macro    0x0000e140        0x0
                0x0000e140                        __debug_macro_start = .
 *(.debug_macro)
                0x0000e140                        __debug_macro_end = .

.debug_ranges   0x0000e140        0x0
                0x0000e140                        __debug_ranges_start = .
 *(.debug_ranges)
                0x0000e140                        __debug_ranges_end = .

.debug_addr     0x0000e140        0x0
                0x0000e140                        __debug_addr_start = .
 *(.debug_addr)
                0x0000e140                        __debug_addr_end = .

.debug_str_offsets
                0x0000e140        0x0
                0x0000e140                        __debug_str_offsets_start = .
 *(.debug_str_offsets)
                0x0000e140                        __debug_str_offsets_end = .
OUTPUT(/Users/james1/Documents/Codex/2026-09-18/rev/outputs/readers-activation-1rr1yyrp/native-ram-entry-sampled-stack-private-build-v1/PTExecReadersRamEntryTest amiga)
